 EditCase

 Timestamp is 4b85b0a5 (Thu Feb 25 00:05:09 2010)

 Preferred load address is 10000000

 Start         Length     Name                   Class
 0001:00000000 00000030H .idata$5                CODE
 0001:00000030 0000006eH .rdata                  CODE
 0001:000000a0 0000089aH .text                   CODE
 0001:0000093c 00000028H .idata$2                CODE
 0001:00000964 00000014H .idata$3                CODE
 0001:00000978 00000030H .idata$4                CODE
 0001:000009a8 000000a8H .idata$6                CODE
 0001:00000a50 0000009aH .edata                  CODE
 0002:00000000 00000000H .data                   DATA
 0002:00000000 000002b0H .bss                    DATA
 0003:00000000 00000058H .rsrc$01                DATA
 0003:00000060 00000388H .rsrc$02                DATA

  Address         Publics by Value              Rva+Base       Lib:Object

 0000:00000000       ___safe_se_handler_table   00000000     <absolute>
 0000:00000000       ___safe_se_handler_count   00000000     <absolute>
 0001:00000000       __imp__RegCloseKey@4       10001000     advapi32:ADVAPI32.dll
 0001:00000004       __imp__RegOpenKeyExW@20    10001004     advapi32:ADVAPI32.dll
 0001:00000008       __imp__RegQueryValueExW@24 10001008     advapi32:ADVAPI32.dll
 0001:0000000c       \177ADVAPI32_NULL_THUNK_DATA 1000100c     advapi32:ADVAPI32.dll
 0001:00000010       __imp__HeapFree@12         10001010     kernel32:KERNEL32.dll
 0001:00000014       __imp__lstrcmpW@8          10001014     kernel32:KERNEL32.dll
 0001:00000018       __imp__lstrlenW@4          10001018     kernel32:KERNEL32.dll
 0001:0000001c       __imp__lstrcpyW@8          1000101c     kernel32:KERNEL32.dll
 0001:00000020       __imp__HeapAlloc@12        10001020     kernel32:KERNEL32.dll
 0001:00000024       __imp__GetProcessHeap@0    10001024     kernel32:KERNEL32.dll
 0001:00000028       __imp__lstrcatW@8          10001028     kernel32:KERNEL32.dll
 0001:0000002c       \177KERNEL32_NULL_THUNK_DATA 1000102c     kernel32:KERNEL32.dll
 0001:00000030       ??_C@_13FPGAJAPJ@?$AA?2?$AA?$AA@ 10001030     EditCase.obj
 0001:00000034       ??_C@_19DHONEMF@?$AA?5?$AA?6?$AA?$AN?$AA?7?$AA?$AA@ 10001034     EditCase.obj
 0001:00000040       ??_C@_11LOCGONAA@?$AA?$AA@ 10001040     EditCase.obj
 0001:00000044       ??_C@_1BG@DENGNAGA@?$AAA?$AAd?$AAd?$AAW?$AAo?$AAr?$AAd?$AAD?$AAi?$AAv?$AA?$AA@ 10001044     EditCase.obj
 0001:0000005c       ??_C@_13GMDMCADD@?$AA?$CD?$AA?$AA@ 1000105c     EditCase.obj
 0001:00000060       ??_C@_1BI@MANPCOLN@?$AA?$CF?$AAs?$AA?2?$AAE?$AAd?$AAi?$AAt?$AAC?$AAa?$AAs?$AAe?$AA?$AA@ 10001060     EditCase.obj
 0001:00000078       ??_C@_15GANGMFKL@?$AA?$CF?$AAs?$AA?$AA@ 10001078     EditCase.obj
 0001:00000080       ??_C@_19IGEAAGFL@?$AA?$CF?$AA?4?$AA?$CK?$AAs?$AA?$AA@ 10001080     EditCase.obj
 0001:0000008c       ??_C@_1BC@ENICKDH@?$AAC?$AAo?$AAn?$AAt?$AAe?$AAn?$AAt?$AAs?$AA?$AA@ 1000108c     EditCase.obj
 0001:000000a0       __alloca_probe             100010a0     chkstk.obj
 0001:000000a0       __chkstk                   100010a0 f   chkstk.obj
 0001:000000cb       _wmemchr                   100010cb f i EditCase.obj
 0001:000000eb       ?OpenRegKey@@YIPAUHKEY__@@PAU1@PB_W@Z 100010eb f   EditCase.obj
 0001:00000155       _GetMinFarVersionW@0       10001155 f   EditCase.obj
 0001:0000015b       ?GetMsg@@YIPB_WH@Z         1000115b f   EditCase.obj
 0001:00000169       ?MyIsAlpha@@YIHH@Z         10001169 f   EditCase.obj
 0001:00000183       ?FindStart@@YIHPA_WHH@Z    10001183 f   EditCase.obj
 0001:000001ab       ?FindEnd@@YIHPA_WHH@Z      100011ab f   EditCase.obj
 0001:000001d2       ?ChangeCase@@YIHPA_WHHH@Z  100011d2 f   EditCase.obj
 0001:0000025e       ?GetRegKey@@YIHPAUHKEY__@@PB_W1PA_W1K@Z 1000125e f   EditCase.obj
 0001:000002ac       _SetStartupInfoW@4         100012ac f   EditCase.obj
 0001:00000366       _GetPluginInfoW@4          10001366 f   EditCase.obj
 0001:0000039d       ?FindBounds@@YIHPA_WHHAAH1@Z 1000139d f   EditCase.obj
 0001:000004df       ?GetNextCCType@@YIHPA_WHHH@Z 100014df f   EditCase.obj
 0001:00000645       _OpenPluginW@8             10001645 f   EditCase.obj
 0001:00000890       _memcpy                    10001890 f   libCRT:memcpy.obj
 0001:000008c0       _free                      100018c0 f   libCRT:free.obj
 0001:000008e0       _malloc                    100018e0 f   libCRT:malloc.obj
 0001:00000900       _memset                    10001900 f   libCRT:memset.obj
 0001:0000093c       __IMPORT_DESCRIPTOR_KERNEL32 1000193c     kernel32:KERNEL32.dll
 0001:00000950       __IMPORT_DESCRIPTOR_ADVAPI32 10001950     advapi32:ADVAPI32.dll
 0001:00000964       __NULL_IMPORT_DESCRIPTOR   10001964     kernel32:KERNEL32.dll

 entry point at        0000:00000000

 Static symbols

