 Compare

 Timestamp is 4b85b098 (Thu Feb 25 00:04:56 2010)

 Preferred load address is 10000000

 Start         Length     Name                   Class
 0001:00000000 0000006cH .idata$5                CODE
 0001:00000070 00000262H .rdata                  CODE
 0001:000002e0 00001cf5H .text                   CODE
 0001:00001fd8 00000028H .idata$2                CODE
 0001:00002000 00000014H .idata$3                CODE
 0001:00002014 0000006cH .idata$4                CODE
 0001:00002080 000001aeH .idata$6                CODE
 0001:00002230 000000acH .edata                  CODE
 0002:00000000 00000258H .data                   DATA
 0002:00000258 000003ecH .bss                    DATA
 0003:00000000 00000058H .rsrc$01                DATA
 0003:00000060 00000380H .rsrc$02                DATA

  Address         Publics by Value              Rva+Base       Lib:Object

 0000:00000000       ___safe_se_handler_count   00000000     <absolute>
 0000:00000000       ___safe_se_handler_table   00000000     <absolute>
 0001:00000000       __imp__RegQueryValueExW@24 10001000     advapi32:ADVAPI32.dll
 0001:00000004       __imp__RegCloseKey@4       10001004     advapi32:ADVAPI32.dll
 0001:00000008       __imp__RegCreateKeyExW@36  10001008     advapi32:ADVAPI32.dll
 0001:0000000c       __imp__RegSetValueExW@24   1000100c     advapi32:ADVAPI32.dll
 0001:00000010       __imp__RegOpenKeyExW@20    10001010     advapi32:ADVAPI32.dll
 0001:00000014       \177ADVAPI32_NULL_THUNK_DATA 10001014     advapi32:ADVAPI32.dll
 0001:00000018       __imp__lstrcmpW@8          10001018     kernel32:KERNEL32.dll
 0001:0000001c       __imp__FindClose@4         1000101c     kernel32:KERNEL32.dll
 0001:00000020       __imp__FindNextFileW@8     10001020     kernel32:KERNEL32.dll
 0001:00000024       __imp__FindFirstFileW@8    10001024     kernel32:KERNEL32.dll
 0001:00000028       __imp__ReadFile@20         10001028     kernel32:KERNEL32.dll
 0001:0000002c       __imp__CloseHandle@4       1000102c     kernel32:KERNEL32.dll
 0001:00000030       __imp__CreateFileW@28      10001030     kernel32:KERNEL32.dll
 0001:00000034       __imp__lstrcatW@8          10001034     kernel32:KERNEL32.dll
 0001:00000038       __imp__GetConsoleTitleW@8  10001038     kernel32:KERNEL32.dll
 0001:0000003c       __imp__GetConsoleScreenBufferInfo@8 1000103c     kernel32:KERNEL32.dll
 0001:00000040       __imp__HeapFree@12         10001040     kernel32:KERNEL32.dll
 0001:00000044       __imp__GetProcessHeap@0    10001044     kernel32:KERNEL32.dll
 0001:00000048       __imp__HeapAlloc@12        10001048     kernel32:KERNEL32.dll
 0001:0000004c       __imp__HeapReAlloc@16      1000104c     kernel32:KERNEL32.dll
 0001:00000050       __imp__PeekConsoleInputW@16 10001050     kernel32:KERNEL32.dll
 0001:00000054       __imp__ReadConsoleInputW@16 10001054     kernel32:KERNEL32.dll
 0001:00000058       __imp__GetTickCount@0      10001058     kernel32:KERNEL32.dll
 0001:0000005c       __imp__lstrcpyW@8          1000105c     kernel32:KERNEL32.dll
 0001:00000060       __imp__SetConsoleTitleW@4  10001060     kernel32:KERNEL32.dll
 0001:00000064       __imp__lstrlenW@4          10001064     kernel32:KERNEL32.dll
 0001:00000068       \177KERNEL32_NULL_THUNK_DATA 10001068     kernel32:KERNEL32.dll
 0001:00000070       ??_C@_1BC@ENICKDH@?$AAC?$AAo?$AAn?$AAt?$AAe?$AAn?$AAt?$AAs?$AA?$AA@ 10001070     Compare.obj
 0001:00000084       ??_C@_11LOCGONAA@?$AA?$AA@ 10001084     Compare.obj
 0001:00000088       ??_C@_1M@KNJIDFOP@?$AA9?$AA9?$AA9?$AA9?$AA9?$AA?$AA@ 10001088     Compare.obj
 0001:00000094       ??_C@_1CE@FBOAEKEI@?$AAP?$AAr?$AAo?$AAc?$AAe?$AAs?$AAs?$AAS?$AAu?$AAb?$AAf?$AAo?$AAl?$AAd?$AAe?$AAr?$AAs?$AA?$AA@ 10001094     Compare.obj
 0001:000000b8       ??_C@_1CA@KJDAALFO@?$AAU?$AAs?$AAe?$AAM?$AAa?$AAx?$AAS?$AAc?$AAa?$AAn?$AAD?$AAe?$AAp?$AAt?$AAh?$AA?$AA@ 100010b8     Compare.obj
 0001:000000d8       ??_C@_1BK@GGEMFANC@?$AAM?$AAa?$AAx?$AAS?$AAc?$AAa?$AAn?$AAD?$AAe?$AAp?$AAt?$AAh?$AA?$AA@ 100010d8     Compare.obj
 0001:000000f4       ??_C@_1CA@MDABALAC@?$AAP?$AAr?$AAo?$AAc?$AAe?$AAs?$AAs?$AAS?$AAe?$AAl?$AAe?$AAc?$AAt?$AAe?$AAd?$AA?$AA@ 100010f4     Compare.obj
 0001:00000114       ??_C@_1BI@HJKFLAP@?$AAC?$AAo?$AAm?$AAp?$AAa?$AAr?$AAe?$AAT?$AAi?$AAm?$AAe?$AA?$AA@ 10001114     Compare.obj
 0001:0000012c       ??_C@_1CC@GIIFACBC@?$AAL?$AAo?$AAw?$AAP?$AAr?$AAe?$AAc?$AAi?$AAs?$AAi?$AAo?$AAn?$AAT?$AAi?$AAm?$AAe?$AA?$AA@ 1000112c     Compare.obj
 0001:00000150       ??_C@_1EE@EFHMKIOD@?$AAI?$AAg?$AAn?$AAo?$AAr?$AAe?$AAP?$AAo?$AAs?$AAs?$AAi?$AAb?$AAl?$AAe?$AAT?$AAi?$AAm?$AAe?$AAZ?$AAo?$AAn?$AAe?$AAD?$AAi?$AAf?$AAf?$AAe?$AAr?$AAe?$AAn?$AAc?$AAe@ 10001150     Compare.obj
 0001:00000194       ??_C@_1BI@PLJFHCFF@?$AAC?$AAo?$AAm?$AAp?$AAa?$AAr?$AAe?$AAS?$AAi?$AAz?$AAe?$AA?$AA@ 10001194     Compare.obj
 0001:000001ac       ??_C@_1CA@JKHJMABM@?$AAC?$AAo?$AAm?$AAp?$AAa?$AAr?$AAe?$AAC?$AAo?$AAn?$AAt?$AAe?$AAn?$AAt?$AAs?$AA?$AA@ 100011ac     Compare.obj
 0001:000001cc       ??_C@_1CM@MCIOEKOG@?$AAC?$AAo?$AAm?$AAp?$AAa?$AAr?$AAe?$AAC?$AAo?$AAn?$AAt?$AAe?$AAn?$AAt?$AAs?$AAI?$AAg?$AAn?$AAo?$AAr?$AAe?$AA?$AA@ 100011cc     Compare.obj
 0001:000001f8       ??_C@_1BO@PEKJDKMD@?$AAI?$AAg?$AAn?$AAo?$AAr?$AAe?$AAN?$AAe?$AAw?$AAL?$AAi?$AAn?$AAe?$AAs?$AA?$AA@ 100011f8     Compare.obj
 0001:00000218       ??_C@_1CC@EJJKPBBK@?$AAI?$AAg?$AAn?$AAo?$AAr?$AAe?$AAW?$AAh?$AAi?$AAt?$AAe?$AAs?$AAp?$AAa?$AAc?$AAe?$AA?$AA@ 10001218     Compare.obj
 0001:0000023c       ??_C@_1CE@FJPIMCHB@?$AAM?$AAe?$AAs?$AAs?$AAa?$AAg?$AAe?$AAW?$AAh?$AAe?$AAn?$AAN?$AAo?$AAD?$AAi?$AAf?$AAf?$AA?$AA@ 1000123c     Compare.obj
 0001:00000260       ??_C@_13JOFGPIOO@?$AA?4?$AA?$AA@ 10001260     Compare.obj
 0001:00000264       ??_C@_15DDHGOCBH@?$AA?4?$AA?4?$AA?$AA@ 10001264     Compare.obj
 0001:0000026c       ??_C@_15PKPONJIK@?$AA?2?$AA?$CK?$AA?$AA@ 1000126c     Compare.obj
 0001:00000274       ??_C@_13BBDEGPLJ@?$AA?$CK?$AA?$AA@ 10001274     Compare.obj
 0001:00000278       ??_C@_1BI@OABPMEP@?$AA?2?$AAA?$AAd?$AAv?$AAC?$AAo?$AAm?$AAp?$AAa?$AAr?$AAe?$AA?$AA@ 10001278     Compare.obj
 0001:00000290       ??_C@_1CE@FMMDKAAJ@?$AAC?$AAo?$AAm?$AAp?$AAa?$AAr?$AAe?$AAB?$AAu?$AAf?$AAf?$AAe?$AAr?$AAS?$AAi?$AAz?$AAe?$AA?$AA@ 10001290     Compare.obj
 0001:000002b4       ??_C@_1BA@BALFACEM@?$AAC?$AAO?$AAN?$AAO?$AAU?$AAT?$AA$?$AA?$AA@ 100012b4     Compare.obj
 0001:000002c4       ??_C@_1O@PNMIMBDD@?$AAC?$AAO?$AAN?$AAI?$AAN?$AA$?$AA?$AA@ 100012c4     Compare.obj
 0001:000002e0       __alloca_probe             100012e0     chkstk.obj
 0001:000002e0       __chkstk                   100012e0 f   chkstk.obj
 0001:0000030b       _wmemset                   1000130b f i Compare.obj
 0001:00000336       _isspace                   10001336 f i Compare.obj
 0001:000004b1       ?ShowDialogProc@@YGJPAXHHJ@Z 100014b1 f   Compare.obj
 0001:00000df4       ?isnewline@@YI_NH@Z        10001df4 f   Compare.obj
 0001:000015f8       _GetMinFarVersionW@0       100025f8 f   Compare.obj
 0001:000015fe       _SetStartupInfoW@4         100025fe f   Compare.obj
 0001:000016bf       _GetPluginInfoW@4          100026bf f   Compare.obj
 0001:000016f8       ?GetPanelItem@@YIXPAXHHPAUPluginPanelItem@@@Z 100026f8 f   Compare.obj
 0001:0000176d       ?FreePanelItems@@YIXAAUOwnPanelInfo@@0@Z 1000276d f   Compare.obj
 0001:0000184e       _OpenPluginW@8             1000284e f   Compare.obj
 0001:00001e53       _ExitFARW@0                10002e53 f   Compare.obj
 0001:00001e70       _wcsdup                    10002e70 f   libCRT:strdup.obj
 0001:00001ea0       _wcschr                    10002ea0 f   libCRT:strchr.obj
 0001:00001ed0       _memset                    10002ed0 f   libCRT:memset.obj
 0001:00001f10       _free                      10002f10 f   libCRT:free.obj
 0001:00001f30       _malloc                    10002f30 f   libCRT:malloc.obj
 0001:00001f50       _realloc                   10002f50 f   libCRT:realloc.obj
 0001:00001fa0       ??_V@YAXPAX@Z              10002fa0 f   libCRT:delete_array.obj
 0001:00001fb0       ??_U@YAPAXI@Z              10002fb0 f   libCRT:new_array.obj
 0001:00001fc0       ??3@YAXPAX@Z               10002fc0 f   libCRT:delete.obj
 0001:00001fd0       ??2@YAPAXI@Z               10002fd0 f   libCRT:new.obj
 0001:00001fd8       __IMPORT_DESCRIPTOR_KERNEL32 10002fd8     kernel32:KERNEL32.dll
 0001:00001fec       __IMPORT_DESCRIPTOR_ADVAPI32 10002fec     advapi32:ADVAPI32.dll
 0001:00002000       __NULL_IMPORT_DESCRIPTOR   10003000     kernel32:KERNEL32.dll
 0002:000003e4       ?Opt@@3UOptions@@A         100043e4     Compare.obj

 entry point at        0000:00000000

 Static symbols

 0001:00000350       ?WFD2FFD@@YIXAAU_WIN32_FIND_DATAW@@AAUFAR_FIND_DATA@@@Z 10001350 f   Compare.obj
 0001:000003b6       ?GetMsg@@YIPB_WH@Z         100013b6 f   Compare.obj
 0001:000003c9       ?TrunCopy@@YIXPA_WPB_W@Z   100013c9 f   Compare.obj
 0001:0000040f       ?ShowMessage@@YIXPB_W0@Z   1000140f f   Compare.obj
 0001:000005c9       ?ShowDialog@@YI_N_N0@Z     100015c9 f   Compare.obj
 0001:000009fd       ?CheckForEsc@@YI_NXZ       100019fd f   Compare.obj
 0001:00000aff       ?BuildFullFilename@@YIPA_WPB_W0@Z 10001aff f   Compare.obj
 0001:00000b26       ?PICompare@@YAHPBX0@Z      10001b26 f   Compare.obj
 0001:00000b58       ?BuildPanelIndex@@YI_NPBUOwnPanelInfo@@PAUFileIndex@@PAX@Z 10001b58 f   Compare.obj
 0001:00000c86       ?FreePanelIndex@@YIXPAUFileIndex@@@Z 10001c86 f   Compare.obj
 0001:00000c9b       ?GetDirList@@YIHPAUOwnPanelInfo@@PB_W@Z 10001c9b f   Compare.obj
 0001:00000dac       ?FreeDirList@@YIXPAUOwnPanelInfo@@@Z 10001dac f   Compare.obj
 0001:00000e05       ?CompareFiles@@YI_NPBUFAR_FIND_DATA@@0PB_W1H@Z 10001e05 f   Compare.obj
 0001:000013db       ?CompareDirs@@YI_NPBUOwnPanelInfo@@0_NH@Z 100023db f   Compare.obj
