 MultiArc

 Timestamp is 4b85b2bb (Thu Feb 25 00:14:03 2010)

 Preferred load address is 10000000

 Start         Length     Name                   Class
 0001:00000000 00000108H .idata$5                CODE
 0001:00000108 0000037cH .rdata                  CODE
 0001:00000490 00007945H .text                   CODE
 0001:00007dd8 0000003cH .idata$2                CODE
 0001:00007e14 00000014H .idata$3                CODE
 0001:00007e28 00000108H .idata$4                CODE
 0001:00007f30 0000047aH .idata$6                CODE
 0001:000083b0 000001b6H .edata                  CODE
 0002:00000000 00000060H .data                   DATA
 0002:00000060 000006b0H .bss                    DATA
 0003:00000000 00000058H .rsrc$01                DATA
 0003:00000060 00000390H .rsrc$02                DATA

  Address         Publics by Value              Rva+Base       Lib:Object

 0000:00000000       ___safe_se_handler_count   00000000     <absolute>
 0000:00000000       ___safe_se_handler_table   00000000     <absolute>
 0001:00000000       __imp__RegOpenKeyExA@20    10001000     advapi32:ADVAPI32.dll
 0001:00000004       __imp__RegCloseKey@4       10001004     advapi32:ADVAPI32.dll
 0001:00000008       __imp__RegSetValueExA@24   10001008     advapi32:ADVAPI32.dll
 0001:0000000c       __imp__RegQueryValueExA@24 1000100c     advapi32:ADVAPI32.dll
 0001:00000010       __imp__RegCreateKeyExA@36  10001010     advapi32:ADVAPI32.dll
 0001:00000014       \177ADVAPI32_NULL_THUNK_DATA 10001014     advapi32:ADVAPI32.dll
 0001:00000018       __imp__DeleteFileA@4       10001018     kernel32:KERNEL32.dll
 0001:0000001c       __imp__WriteFile@20        1000101c     kernel32:KERNEL32.dll
 0001:00000020       __imp__lstrcatA@8          10001020     kernel32:KERNEL32.dll
 0001:00000024       __imp__GetFileAttributesA@4 10001024     kernel32:KERNEL32.dll
 0001:00000028       __imp__FlushConsoleInputBuffer@4 10001028     kernel32:KERNEL32.dll
 0001:0000002c       __imp__GetStdHandle@4      1000102c     kernel32:KERNEL32.dll
 0001:00000030       __imp__GetTempPathA@8      10001030     kernel32:KERNEL32.dll
 0001:00000034       __imp__CreateDirectoryA@8  10001034     kernel32:KERNEL32.dll
 0001:00000038       __imp__SetCurrentDirectoryA@4 10001038     kernel32:KERNEL32.dll
 0001:0000003c       __imp__GetCurrentDirectoryA@8 1000103c     kernel32:KERNEL32.dll
 0001:00000040       __imp__GlobalFree@4        10001040     kernel32:KERNEL32.dll
 0001:00000044       __imp__WaitForSingleObject@8 10001044     kernel32:KERNEL32.dll
 0001:00000048       __imp__SetFileApisToOEM@0  10001048     kernel32:KERNEL32.dll
 0001:0000004c       __imp__GetShortPathNameA@12 1000104c     kernel32:KERNEL32.dll
 0001:00000050       __imp__SetFileApisToANSI@0 10001050     kernel32:KERNEL32.dll
 0001:00000054       __imp__ReadConsoleInputA@16 10001054     kernel32:KERNEL32.dll
 0001:00000058       __imp__PeekConsoleInputA@16 10001058     kernel32:KERNEL32.dll
 0001:0000005c       __imp__lstrcmpA@8          1000105c     kernel32:KERNEL32.dll
 0001:00000060       __imp__SearchPathA@24      10001060     kernel32:KERNEL32.dll
 0001:00000064       __imp__GetEnvironmentVariableA@12 10001064     kernel32:KERNEL32.dll
 0001:00000068       __imp__GetConsoleScreenBufferInfo@8 10001068     kernel32:KERNEL32.dll
 0001:0000006c       __imp__CreateThread@24     1000106c     kernel32:KERNEL32.dll
 0001:00000070       __imp__GlobalAlloc@8       10001070     kernel32:KERNEL32.dll
 0001:00000074       __imp__lstrcpyA@8          10001074     kernel32:KERNEL32.dll
 0001:00000078       __imp__GetExitCodeProcess@8 10001078     kernel32:KERNEL32.dll
 0001:0000007c       __imp__SetLastError@4      1000107c     kernel32:KERNEL32.dll
 0001:00000080       __imp__GetLastError@0      10001080     kernel32:KERNEL32.dll
 0001:00000084       __imp__CreateProcessA@40   10001084     kernel32:KERNEL32.dll
 0001:00000088       __imp__SetConsoleTitleA@4  10001088     kernel32:KERNEL32.dll
 0001:0000008c       __imp__GetConsoleTitleA@8  1000108c     kernel32:KERNEL32.dll
 0001:00000090       __imp__ExpandEnvironmentStringsA@12 10001090     kernel32:KERNEL32.dll
 0001:00000094       __imp__SetConsoleMode@8    10001094     kernel32:KERNEL32.dll
 0001:00000098       __imp__GetConsoleMode@8    10001098     kernel32:KERNEL32.dll
 0001:0000009c       __imp__SetConsoleCursorPosition@8 1000109c     kernel32:KERNEL32.dll
 0001:000000a0       __imp__CreatePipe@16       100010a0     kernel32:KERNEL32.dll
 0001:000000a4       __imp__SetStdHandle@8      100010a4     kernel32:KERNEL32.dll
 0001:000000a8       __imp__FreeLibrary@4       100010a8     kernel32:KERNEL32.dll
 0001:000000ac       __imp__GetProcAddress@8    100010ac     kernel32:KERNEL32.dll
 0001:000000b0       __imp__LoadLibraryA@4      100010b0     kernel32:KERNEL32.dll
 0001:000000b4       __imp__FindClose@4         100010b4     kernel32:KERNEL32.dll
 0001:000000b8       __imp__FindFirstFileA@8    100010b8     kernel32:KERNEL32.dll
 0001:000000bc       __imp__GetTickCount@0      100010bc     kernel32:KERNEL32.dll
 0001:000000c0       __imp__CompareFileTime@8   100010c0     kernel32:KERNEL32.dll
 0001:000000c4       __imp__HeapFree@12         100010c4     kernel32:KERNEL32.dll
 0001:000000c8       __imp__GetProcessHeap@0    100010c8     kernel32:KERNEL32.dll
 0001:000000cc       __imp__HeapAlloc@12        100010cc     kernel32:KERNEL32.dll
 0001:000000d0       __imp__HeapReAlloc@16      100010d0     kernel32:KERNEL32.dll
 0001:000000d4       __imp__lstrlenA@4          100010d4     kernel32:KERNEL32.dll
 0001:000000d8       __imp__lstrcpynA@12        100010d8     kernel32:KERNEL32.dll
 0001:000000dc       __imp__GetFullPathNameA@16 100010dc     kernel32:KERNEL32.dll
 0001:000000e0       __imp__CreateFileA@28      100010e0     kernel32:KERNEL32.dll
 0001:000000e4       __imp__ReadFile@20         100010e4     kernel32:KERNEL32.dll
 0001:000000e8       __imp__CloseHandle@4       100010e8     kernel32:KERNEL32.dll
 0001:000000ec       __imp__ScrollConsoleScreenBufferA@20 100010ec     kernel32:KERNEL32.dll
 0001:000000f0       __imp__GetVersionExA@4     100010f0     kernel32:KERNEL32.dll
 0001:000000f4       \177KERNEL32_NULL_THUNK_DATA 100010f4     kernel32:KERNEL32.dll
 0001:000000f8       __imp__CharToOemA@8        100010f8     user32:USER32.dll
 0001:000000fc       __imp__OemToCharA@8        100010fc     user32:USER32.dll
 0001:00000100       __imp__CharLowerA@4        10001100     user32:USER32.dll
 0001:00000104       \177USER32_NULL_THUNK_DATA 10001104     user32:USER32.dll
 0001:00000108       ??_C@_07CANGIIIF@Prefix1?$AA@ 10001108     MultiArc.obj
 0001:00000110       ??_C@_02DMFHCEHI@ma?$AA@   10001110     MultiArc.obj
 0001:00000114       ??_C@_0P@LLDGHOMJ@AllowChangeDir?$AA@ 10001114     MultiArc.obj
 0001:00000124       ??_C@_0BD@NDAGFAPB@UpdateDescriptions?$AA@ 10001124     MultiArc.obj
 0001:00000138       ??_C@_0BB@MJFEDGEJ@ReadDescriptions?$AA@ 10001138     MultiArc.obj
 0001:0000014c       ??_C@_0BB@OCMIGFBJ@DescriptionNames?$AA@ 1000114c     MultiArc.obj
 0001:00000160       ??_C@_0BH@FANKKAEK@descript?4ion?0files?4bbs?$AA@ 10001160     MultiArc.obj
 0001:00000178       ??_C@_08EENFKDIO@AdvFlags?$AA@ 10001178     MultiArc.obj
 0001:00000184       ??_C@_0P@KLJNDGGD@UseLastHistory?$AA@ 10001184     MultiArc.obj
 0001:00000194       ??_C@_0P@CCEGMOHD@ProcessShiftF1?$AA@ 10001194     MultiArc.obj
 0001:000001a4       ??_C@_0L@NLCNIOEM@HideOutput?$AA@ 100011a4     MultiArc.obj
 0001:000001af       ??_C@_00CNPNBAHC@?$AA@     100011af     MultiArc.obj
 0001:000001b0       ??_C@_0M@HJLHHLJA@?$CFs?2MultiArc?$AA@ 100011b0     MultiArc.obj
 0001:000001bc       ??_C@_06LLCHJONG@Config?$AA@ 100011bc     MultiArc.obj
 0001:000001c4       ??_C@_0N@NKNPAFEM@ArcSettings1?$AA@ 100011c4     ArcCfg.obj
 0001:000001d4       ??_C@_0N@PBPCFGIP@ArcSettings2?$AA@ 100011d4     ArcCfg.obj
 0001:000001e4       ??_C@_0L@JOGBDNHB@?$CFs?$CFs?$CFs?$CFc?$CFs?$AA@ 100011e4     ArcCmd.obj
 0001:000001f0       ??_C@_02PCIJFNDE@?$AN?6?$AA@ 100011f0     ArcCmd.obj
 0001:000001f4       ??_C@_04HDOCAJNK@?$CFs?$CFs?$AA@ 100011f4     ArcCmd.obj
 0001:000001fc       ??_C@_06DIJPEION@?$CFs?$CFs?$CFs?$AA@ 100011fc     ArcCmd.obj
 0001:00000204       ??_C@_01KICIPPFI@?2?$AA@   10001204     ArcCmd.obj
 0001:00000208       ??_C@_03JJBBPPCD@FAR?$AA@  10001208     ArcCmd.obj
 0001:0000020c       ??_C@_01LFCBOECM@?4?$AA@   1000120c     ArcCmd.obj
 0001:00000210       ??_C@_05BMGBEOOC@?$CFs?2?$CFs?$AA@ 10001210     ArcCmd.obj
 0001:00000218       ??_C@_01CLKCMJKC@?5?$AA@   10001218     ArcCmd.obj
 0001:0000021c       ??_C@_01NBENCBCI@?$CK?$AA@ 1000121c     ArcCmd.obj
 0001:00000220       ??_C@_04EAOLFNNL@FfLl?$AA@ 10001220     ArcCmd.obj
 0001:00000228       ??_C@_03MNGKKGLA@?$CF?$CFP?$AA@ 10001228     ArcGet.obj
 0001:0000022c       ??_C@_0M@HPPEDLGO@ExtrFromArc?$AA@ 1000122c     ArcGet.obj
 0001:00000238       ??_C@_0N@NNDLBPCA@ExtrDestPath?$AA@ 10001238     ArcGet.obj
 0001:00000248       ??_C@_0BE@KIAKDKG@?4exe?$DL?4com?$DL?4bat?$DL?4cmd?$AA@ 10001248     ArcMix.obj
 0001:0000025c       ??_C@_07MCKJLLKD@PATHEXT?$AA@ 1000125c     ArcMix.obj
 0001:00000264       ??_C@_03KEMCFGNA@?4?$CFs?$AA@ 10001264     ArcMix.obj
 0001:00000268       ??_C@_03HIJPJGOM@?$CF?$CKs?$AA@ 10001268     ArcMix.obj
 0001:0000026c       ??_C@_09BBDGOHAK@GetSFXPos?$AA@ 1000126c     ArcPlg.obj
 0001:00000278       ??_C@_0L@ELFJPCNI@SetFarInfo?$AA@ 10001278     ArcPlg.obj
 0001:00000284       ??_C@_0BD@IHPNGLCA@GetDefaultCommands?$AA@ 10001284     ArcPlg.obj
 0001:00000298       ??_C@_0O@DEKEGDPO@GetFormatName?$AA@ 10001298     ArcPlg.obj
 0001:000002a8       ??_C@_0N@KCAIIMJP@CloseArchive?$AA@ 100012a8     ArcPlg.obj
 0001:000002b8       ??_C@_0L@MONLHAMF@GetArcItem?$AA@ 100012b8     ArcPlg.obj
 0001:000002c4       ??_C@_0M@CMKKKHGA@OpenArchive?$AA@ 100012c4     ArcPlg.obj
 0001:000002d0       ??_C@_09MODFHD@IsArchive?$AA@ 100012d0     ArcPlg.obj
 0001:000002dc       ??_C@_0BB@DEMACBKA@LoadFormatModule?$AA@ 100012dc     ArcPlg.obj
 0001:000002f0       ??_C@_0N@CHECJMPF@TryIfNoOther?$AA@ 100012f0     ArcPlg.obj
 0001:00000300       ??_C@_05IDOKKFDH@?$CK?4fmt?$AA@ 10001300     ArcPlg.obj
 0001:00000308       ??_C@_09NEDFEJDE@?2Formats?2?$AA@ 10001308     ArcPlg.obj
 0001:00000314       ??_C@_06NAKIPOBI@ArcCmd?$AA@ 10001314     ArcProc.obj
 0001:00000354       ??_C@_04GIPIHODJ@FTMP?$AA@ 10001354     ArcProc.obj
 0001:0000035c       ??_C@_06CBOHEAPK@DefExt?$AA@ 1000135c     ArcPut.obj
 0001:00000364       ??_C@_0P@EEGMFABC@ArcSwitches?2?$CFs?$AA@ 10001364     ArcPut.obj
 0001:00000374       ??_C@_0M@BODENBOL@AddSwitches?$AA@ 10001374     ArcPut.obj
 0001:00000380       ??_C@_0O@CHPEMINB@DefaultFormat?$AA@ 10001380     ArcPut.obj
 0001:00000390       ??_C@_03OGEHPFHD@?$CF?$CFS?$AA@ 10001390     ArcPut.obj
 0001:00000394       ??_C@_03PPFMMEDC@?$CF?$CFR?$AA@ 10001394     ArcPut.obj
 0001:00000398       ??_C@_0N@KEFJFFBP@AllFilesMask?$AA@ 10001398     ArcPut.obj
 0001:000003a8       ??_C@_08ENDHCLNN@AddToArc?$AA@ 100013a8     ArcPut.obj
 0001:000003b4       ??_C@_07LGKBOPMM@ArcName?$AA@ 100013b4     ArcPut.obj
 0001:000003bc       ??_C@_02DJGKEECL@?4?4?$AA@ 100013bc     ArcRead.obj
 0001:000003c0       ??_C@_07NEKHPBCG@English?$AA@ 100013c0     ArcRead.obj
 0001:000003c8       ??_C@_07KNICMPNF@FARLANG?$AA@ 100013c8     ArcRead.obj
 0001:000003d0       ??_C@_04FCMNJMCO@?$CFd?$CF?$CF?$AA@ 100013d0     ArcRead.obj
 0001:000003d8       ??_C@_02DPKJAMEF@?$CFd?$AA@ 100013d8     ArcRead.obj
 0001:000003dc       ??_C@_05OPEIBKFE@?$CFd?5?$CFs?$AA@ 100013dc     ArcRead.obj
 0001:000003e4       ??_C@_03BBKEAIF@?$DP?$DP?$DP?$AA@ 100013e4     ArcRead.obj
 0001:000003e8       ??_C@_03BMHODBLF@?1?$CFs?$AA@ 100013e8     ArcRead.obj
 0001:000003ec       ??_C@_06OJAHKOLA@?5?$CFd?4?$CFd?$AA@ 100013ec     ArcRead.obj
 0001:000003f4       ??_C@_0M@BMGLLAJD@?5?$CFs?3?$CFs?$CFs?$CFs?5?$AA@ 100013f4     ArcRead.obj
 0001:00000400       ??_C@_0M@PKLNHIAK@MoveRecurse?$AA@ 10001400     global.obj
 0001:0000040c       ??_C@_0L@KEOJFINA@AddRecurse?$AA@ 1000140c     global.obj
 0001:00000418       ??_C@_04LCANPIEP@Move?$AA@ 10001418     global.obj
 0001:00000420       ??_C@_03LDFMNCOE@Add?$AA@  10001420     global.obj
 0001:00000424       ??_C@_07NMBDMHPI@Recover?$AA@ 10001424     global.obj
 0001:0000042c       ??_C@_07EMMGCHGI@Protect?$AA@ 1000142c     global.obj
 0001:00000434       ??_C@_04LADJNOK@Lock?$AA@  10001434     global.obj
 0001:0000043c       ??_C@_03BHGKGIB@SFX?$AA@   1000143c     global.obj
 0001:00000440       ??_C@_0N@KIDMPGMM@CommentFiles?$AA@ 10001440     global.obj
 0001:00000450       ??_C@_07JABLCLAF@Comment?$AA@ 10001450     global.obj
 0001:00000458       ??_C@_06JBKGCNBB@Delete?$AA@ 10001458     global.obj
 0001:00000460       ??_C@_04OFFCAMCD@Test?$AA@ 10001460     global.obj
 0001:00000468       ??_C@_0BD@KPBMFBMJ@ExtractWithoutPath?$AA@ 10001468     global.obj
 0001:0000047c       ??_C@_07LFNONHMG@Extract?$AA@ 1000147c     global.obj
 0001:00000490       __alloca_probe             10001490     chkstk.obj
 0001:00000490       __chkstk                   10001490 f   chkstk.obj
 0001:000004bb       _GetMinFarVersion@0        100014bb f   MultiArc.obj
 0001:000004c1       _SetStartupInfo@4          100014c1 f   MultiArc.obj
 0001:00000640       _OpenFilePlugin@12         10001640 f   MultiArc.obj
 0001:000006bc       _OpenPlugin@8              100016bc f   MultiArc.obj
 0001:00000827       _GetFindData@16            10001827 f   MultiArc.obj
 0001:0000083f       _FreeFindData@12           1000183f f   MultiArc.obj
 0001:00000853       _SetDirectory@12           10001853 f   MultiArc.obj
 0001:00000867       _DeleteFiles@16            10001867 f   MultiArc.obj
 0001:0000087f       _GetFiles@24               1000187f f   MultiArc.obj
 0001:0000089d       _PutFiles@20               1000189d f   MultiArc.obj
 0001:000008b8       _GetPluginInfo@4           100018b8 f   MultiArc.obj
 0001:000008ff       _GetOpenPluginInfo@8       100018ff f   MultiArc.obj
 0001:0000090f       _ProcessHostFile@16        1000190f f   MultiArc.obj
 0001:00000927       _ProcessKey@12             10001927 f   MultiArc.obj
 0001:0000093b       _Configure@4               1000193b f   MultiArc.obj
 0001:00000a13       _ClosePlugin@4             10001a13 f   MultiArc.obj
 0001:00000a2e       _ExitFAR@0                 10001a2e f   MultiArc.obj
 0001:00000a49       ?ConfigGeneral@@YIHXZ      10001a49 f   ArcCfg.obj
 0001:00001051       ?CfgCmdProc@@YGJPAXHHJ@Z   10002051 f   ArcCfg.obj
 0001:0000117d       ?ConfigCommands@@YIHPADHHHH@Z 1000217d f   ArcCfg.obj
 0001:00001b5c       ?MakeListFile@ArcCommand@@AAEHPADHHHHHHH0H@Z 10002b5c f   ArcCmd.obj
 0001:00001fdd       ??1ArcCommand@@QAE@XZ      10002fdd f   ArcCmd.obj
 0001:00001feb       ?ReplaceVar@ArcCommand@@AAEHPADAAH@Z 10002feb f   ArcCmd.obj
 0001:00002862       ?DeleteBraces@ArcCommand@@AAEXPAD@Z 10003862 f   ArcCmd.obj
 0001:0000295c       ?ProcessCommand@ArcCommand@@AAEHPADHH0@Z 1000395c f   ArcCmd.obj
 0001:00002af7       ??0ArcCommand@@QAE@PAUPluginPanelItem@@HPBD1111HHH1@Z 10003af7 f   ArcCmd.obj
 0001:00002c1b       ?CreateDirectoryA@@YIXPAD@Z 10003c1b f i ArcGet.obj
 0001:00002c63       ?GetFiles@PluginClass@@QAEHPAUPluginPanelItem@@HHPADH@Z 10003c63 f   ArcGet.obj
 0001:00003368       ?FileExists@@YIHPBD@Z      10004368 f   ArcMix.obj
 0001:0000337a       ?GoToFile@@YIHPBDH@Z       1000437a f   ArcMix.obj
 0001:00003521       ?__isspace@@YIHH@Z         10004521 f   ArcMix.obj
 0001:00003546       ?GetMsg@@YIPBDH@Z          10004546 f   ArcMix.obj
 0001:00003554       ?ThreadWhatWaitingForKillListFile@@YGKPAX@Z 10004554 f   ArcMix.obj
 0001:00003593       ?QuoteText@@YIPADPAD@Z     10004593 f   ArcMix.obj
 0001:000035c4       ?ConvertNameToShort@@YIXPBDPAD@Z 100045c4 f   ArcMix.obj
 0001:00003626       ?InitDialogItems@@YIXPBUInitDialogItem@@PAUFarDialogItem@@H@Z 10004626 f   ArcMix.obj
 0001:000036e0       ?InsertCommas@@YIX_JPAD@Z  100046e0 f   ArcMix.obj
 0001:000036fd       ?ToPercent@@YIH_J0@Z       100046fd f   ArcMix.obj
 0001:00003778       ?CheckForEsc@@YIHXZ        10004778 f   ArcMix.obj
 0001:000037e2       ?LocalStrnicmp@@YIHPBD0H@Z 100047e2 f   ArcMix.obj
 0001:00003852       ?GetCommaWord@@YIPADPAD0D@Z 10004852 f   ArcMix.obj
 0001:000038c7       ?FindExecuteFile@@YIHPAD0H@Z 100048c7 f   ArcMix.obj
 0001:00003994       ?SeekDefExtPoint@@YIPADPAD0PAPAD@Z 10004994 f   ArcMix.obj
 0001:000039e2       ?AddExt@@YIHPAD0@Z         100049e2 f   ArcMix.obj
 0001:00003ae1       ?GetPassword@@YGHPADPBD@Z  10004ae1 f   ArcMix.obj
 0001:00003b5a       ?GetScrX@@YIHXZ            10004b5a f   ArcMix.obj
 0001:00003b81       ?PathMayBeAbsolute@@YIHPBD@Z 10004b81 f   ArcMix.obj
 0001:00003bb6       ?NormalizePath@@YIXPBDPAD@Z 10004bb6 f   ArcMix.obj
 0001:00003ca7       ?StartThreadForKillListFile@@YIXPAU_PROCESS_INFORMATION@@PAD@Z 10004ca7 f   ArcMix.obj
 0001:00003d07       ?Execute@@YIHPAXPADHHH1@Z  10004d07 f   ArcMix.obj
 0001:0000413f       ?CompareFmtModules@ArcPlugins@@SAHPBX0@Z 1000513f f   ArcPlg.obj
 0001:00004174       ?LoadFmtModules@ArcPlugins@@SGHPBU_WIN32_FIND_DATAA@@PBDPAV1@@Z 10005174 f   ArcPlg.obj
 0001:00004303       ??1ArcPlugins@@QAE@XZ      10005303 f   ArcPlg.obj
 0001:0000433d       ?IsArchive@ArcPlugins@@QAEHHPADPBEHPAK@Z 1000533d f   ArcPlg.obj
 0001:0000438a       ?OpenArchive@ArcPlugins@@QAEHHPADPAH@Z 1000538a f   ArcPlg.obj
 0001:000043bb       ?GetArcItem@ArcPlugins@@QAEHHPAUPluginPanelItem@@PAUArcItemInfo@@@Z 100053bb f   ArcPlg.obj
 0001:000043e8       ?CloseArchive@ArcPlugins@@QAEXHPAUArcInfo@@@Z 100053e8 f   ArcPlg.obj
 0001:0000440d       ?GetFormatName@ArcPlugins@@QAEHHHPAD0@Z 1000540d f   ArcPlg.obj
 0001:00004442       ?GetDefaultCommands@ArcPlugins@@QAEHHHHPAD@Z 10005442 f   ArcPlg.obj
 0001:00004477       ??0ArcPlugins@@QAE@PBD@Z   10005477 f   ArcPlg.obj
 0001:000044f0       ?IsArchive@ArcPlugins@@QAEHPADPBEH@Z 100054f0 f   ArcPlg.obj
 0001:0000455b       ?GetFormatName@PluginClass@@AAEHPAD0@Z 1000555b f   ArcProc.obj
 0001:00004599       ?GetCommandFormat@PluginClass@@AAEXHPADH@Z 10005599 f   ArcProc.obj
 0001:000045ee       ?DeleteFiles@PluginClass@@QAEHPAUPluginPanelItem@@HH@Z 100055ee f   ArcProc.obj
 0001:000047a1       ?ProcessHostFile@PluginClass@@QAEHPAUPluginPanelItem@@HH@Z 100057a1 f   ArcProc.obj
 0001:00004b46       ?FormatSort@@YAHPAUFarMenuItemEx@@0@Z 10005b46 f   ArcProc.obj
 0001:00004b46       ?Compare@SelectFormatComboBox@@CAHPAUFarListItem@@0@Z 10005b46 f   ArcPut.obj
 0001:00004b5d       ?SelectFormat@PluginClass@@SIHPADH@Z 10005b5d f   ArcProc.obj
 0001:00004dc0       ?FormatToPlugin@PluginClass@@SIHPADAAH1@Z 10005dc0 f   ArcProc.obj
 0001:00004e31       ?ProcessKey@PluginClass@@QAEHHI@Z 10005e31 f   ArcProc.obj
 0001:00004f27       ??0SelectFormatComboBox@@QAE@PAUFarDialogItem@@PAD@Z 10005f27 f   ArcPut.obj
 0001:00005078       ?PutDlgProc@PluginClass@@SGJPAXHHJ@Z 10006078 f   ArcPut.obj
 0001:000056ee       ?GetCursorName@PluginClass@@AAEHPAD00PAUPanelInfo@@@Z 100066ee f   ArcPut.obj
 0001:0000582c       ?GetGroupName@PluginClass@@AAEXPAUPluginPanelItem@@HPAD@Z 1000682c f   ArcPut.obj
 0001:000058e3       ?PutFiles@PluginClass@@QAEHPAUPluginPanelItem@@HHH@Z 100068e3 f   ArcPut.obj
 0001:0000660b       ??0PluginClass@@QAE@H@Z    1000760b f   ArcRead.obj
 0001:00006656       ?FreeArcData@PluginClass@@AAEXXZ 10007656 f   ArcRead.obj
 0001:00006707       ?PreReadArchive@PluginClass@@QAEHPAD@Z 10007707 f   ArcRead.obj
 0001:00006762       ?ReadArchive@PluginClass@@QAEHPAD@Z 10007762 f   ArcRead.obj
 0001:00006d45       ?GetFindData@PluginClass@@QAEHPAPAUPluginPanelItem@@PAHH@Z 10007d45 f   ArcRead.obj
 0001:00007085       ?FreeFindData@PluginClass@@QAEXPAUPluginPanelItem@@H@Z 10008085 f   ArcRead.obj
 0001:00007099       ?SetDirectory@PluginClass@@QAEHPBDH@Z 10008099 f   ArcRead.obj
 0001:000071d2       ?FarLangChanged@PluginClass@@AAE_NXZ 100081d2 f   ArcRead.obj
 0001:00007231       ?GetOpenPluginInfo@PluginClass@@QAEXPAUOpenPluginInfo@@@Z 10008231 f   ArcRead.obj
 0001:0000786f       ??1PluginClass@@QAE@XZ     1000886f f   ArcRead.obj
 0001:000078a3       ?CreateRegKey@@YIPAUHKEY__@@PAU1@PBD@Z 100088a3 f   ArcReg.obj
 0001:000078de       ?OpenRegKey@@YIPAUHKEY__@@PAU1@PBD@Z 100088de f   ArcReg.obj
 0001:00007914       ?SetRegKey@@YIXPAUHKEY__@@PBD1PAD@Z 10008914 f   ArcReg.obj
 0001:00007946       ?SetRegKey@@YIXPAUHKEY__@@PBD1K@Z 10008946 f   ArcReg.obj
 0001:0000796f       ?GetRegKey@@YIHPAUHKEY__@@PBD1PAD1K@Z 1000896f f   ArcReg.obj
 0001:000079bd       ?GetRegKey@@YIHPAUHKEY__@@PBD1AAHK@Z 100089bd f   ArcReg.obj
 0001:00007a0f       ?GetRegKey@@YIHPAUHKEY__@@PBD1K@Z 10008a0f f   ArcReg.obj
 0001:00007a28       ?GetRegKey@@YIHPBD0PAD0K@Z 10008a28 f   ArcReg.obj
 0001:00007a70       ??2@YAPAXI@Z               10008a70 f   libCRT:new.obj
 0001:00007a80       _free                      10008a80 f   libCRT:free.obj
 0001:00007aa0       _malloc                    10008aa0 f   libCRT:malloc.obj
 0001:00007ac0       ??3@YAXPAX@Z               10008ac0 f   libCRT:delete.obj
 0001:00007ad0       _memset                    10008ad0 f   libCRT:memset.obj
 0001:00007b10       _strchr                    10008b10 f   libCRT:strchr.obj
 0001:00007b30       _strrchr                   10008b30 f   libCRT:strrchr.obj
 0001:00007b60       _strstr                    10008b60 f   libCRT:strstr.obj
 0001:00007bc0       _memcpy                    10008bc0 f   libCRT:memcpy.obj
 0001:00007bf0       _memmove                   10008bf0 f   libCRT:memmove.obj
 0001:00007c50       __allmul                   10008c50 f   libCRT:vc_llmul.obj
 0001:00007c90       __alldiv                   10008c90 f   libCRT:vc_lldiv.obj
 0001:00007d40       _strdup                    10008d40 f   libCRT:strdup.obj
 0001:00007d70       _realloc                   10008d70 f   libCRT:realloc.obj
 0001:00007dc0       ??_V@YAXPAX@Z              10008dc0 f   libCRT:delete_array.obj
 0001:00007dd0       ??_U@YAPAXI@Z              10008dd0 f   libCRT:new_array.obj
 0001:00007dd8       __IMPORT_DESCRIPTOR_KERNEL32 10008dd8     kernel32:KERNEL32.dll
 0001:00007dec       __IMPORT_DESCRIPTOR_USER32 10008dec     user32:USER32.dll
 0001:00007e00       __IMPORT_DESCRIPTOR_ADVAPI32 10008e00     advapi32:ADVAPI32.dll
 0001:00007e14       __NULL_IMPORT_DESCRIPTOR   10008e14     kernel32:KERNEL32.dll
 0002:00000000       ?CmdNames@@3PAPBDA         1000a000     global.obj
 0002:00000040       ?PriorityProcessCode@@3PAKA 1000a040     global.obj
 0002:00000098       ?Count@TRecur@@2HA         1000a098     ArcGet.obj
 0002:000001a8       ?Info@@3UPluginStartupInfo@@A 1000a1a8     global.obj
 0002:00000320       ?WinVer@@3U_OSVERSIONINFOA@@A 1000a320     global.obj
 0002:000003b8       ?PluginRootKey@@3PADA      1000a3b8     global.obj
 0002:000004c0       ?FSF@@3UFarStandardFunctions@@A 1000a4c0     global.obj
 0002:000005a8       ?Opt@@3UOptions@@A         1000a5a8     global.obj
 0002:0000070c       ?ArcPlugin@@3PAVArcPlugins@@A 1000a70c     global.obj

 entry point at        0000:00000000

 Static symbols

 0001:000036a3       ?__InsertCommas@@YIXPAD@Z  100046a3 f   ArcMix.obj
 0001:00007874       ?CreateKeyName@@YIPADPADPBD@Z 10008874 f   ArcReg.obj
