 TmpPanel

 Timestamp is 4b85b181 (Thu Feb 25 00:08:49 2010)

 Preferred load address is 10000000

 Start         Length     Name                   Class
 0001:00000000 000000a0H .idata$5                CODE
 0001:000000a0 0000061eH .rdata                  CODE
 0001:000006c0 00002d3fH .text                   CODE
 0001:00003400 0000003cH .idata$2                CODE
 0001:0000343c 00000014H .idata$3                CODE
 0001:00003450 000000a0H .idata$4                CODE
 0001:000034f0 0000027cH .idata$6                CODE
 0001:00003770 00000198H .edata                  CODE
 0002:00000000 00000010H .data                   DATA
 0002:00000010 00000cd0H .bss                    DATA
 0003:00000000 00000058H .rsrc$01                DATA
 0003:00000060 00000370H .rsrc$02                DATA

  Address         Publics by Value              Rva+Base       Lib:Object

 0000:00000000       ___safe_se_handler_table   00000000     <absolute>
 0000:00000000       ___safe_se_handler_count   00000000     <absolute>
 0001:00000000       __imp__RegCreateKeyExW@36  10001000     advapi32:ADVAPI32.dll
 0001:00000004       __imp__RegQueryValueExW@24 10001004     advapi32:ADVAPI32.dll
 0001:00000008       __imp__RegOpenKeyExW@20    10001008     advapi32:ADVAPI32.dll
 0001:0000000c       __imp__RegCloseKey@4       1000100c     advapi32:ADVAPI32.dll
 0001:00000010       __imp__RegSetValueExW@24   10001010     advapi32:ADVAPI32.dll
 0001:00000014       \177ADVAPI32_NULL_THUNK_DATA 10001014     advapi32:ADVAPI32.dll
 0001:00000018       __imp__CreateFileMappingW@24 10001018     kernel32:KERNEL32.dll
 0001:0000001c       __imp__GetFileSize@8       1000101c     kernel32:KERNEL32.dll
 0001:00000020       __imp__CreateFileW@28      10001020     kernel32:KERNEL32.dll
 0001:00000024       __imp__lstrcmpW@8          10001024     kernel32:KERNEL32.dll
 0001:00000028       __imp__DeleteFileW@4       10001028     kernel32:KERNEL32.dll
 0001:0000002c       __imp__WaitForSingleObject@8 1000102c     kernel32:KERNEL32.dll
 0001:00000030       __imp__CreateProcessW@40   10001030     kernel32:KERNEL32.dll
 0001:00000034       __imp__SetConsoleTitleW@4  10001034     kernel32:KERNEL32.dll
 0001:00000038       __imp__GetConsoleTitleW@8  10001038     kernel32:KERNEL32.dll
 0001:0000003c       __imp__GetStdHandle@4      1000103c     kernel32:KERNEL32.dll
 0001:00000040       __imp__lstrcatW@8          10001040     kernel32:KERNEL32.dll
 0001:00000044       __imp__lstrcmpiW@8         10001044     kernel32:KERNEL32.dll
 0001:00000048       __imp__CloseHandle@4       10001048     kernel32:KERNEL32.dll
 0001:0000004c       __imp__GetFileTime@16      1000104c     kernel32:KERNEL32.dll
 0001:00000050       __imp__FindClose@4         10001050     kernel32:KERNEL32.dll
 0001:00000054       __imp__FindFirstFileW@8    10001054     kernel32:KERNEL32.dll
 0001:00000058       __imp__GetFileAttributesW@4 10001058     kernel32:KERNEL32.dll
 0001:0000005c       __imp__FindNextFileW@8     1000105c     kernel32:KERNEL32.dll
 0001:00000060       __imp__WriteFile@20        10001060     kernel32:KERNEL32.dll
 0001:00000064       __imp__ExpandEnvironmentStringsW@12 10001064     kernel32:KERNEL32.dll
 0001:00000068       __imp__SearchPathW@24      10001068     kernel32:KERNEL32.dll
 0001:0000006c       __imp__HeapAlloc@12        1000106c     kernel32:KERNEL32.dll
 0001:00000070       __imp__GetProcessHeap@0    10001070     kernel32:KERNEL32.dll
 0001:00000074       __imp__HeapFree@12         10001074     kernel32:KERNEL32.dll
 0001:00000078       __imp__HeapReAlloc@16      10001078     kernel32:KERNEL32.dll
 0001:0000007c       __imp__MapViewOfFile@20    1000107c     kernel32:KERNEL32.dll
 0001:00000080       __imp__MultiByteToWideChar@24 10001080     kernel32:KERNEL32.dll
 0001:00000084       __imp__lstrlenW@4          10001084     kernel32:KERNEL32.dll
 0001:00000088       __imp__lstrcpyW@8          10001088     kernel32:KERNEL32.dll
 0001:0000008c       __imp__lstrcpynW@12        1000108c     kernel32:KERNEL32.dll
 0001:00000090       __imp__UnmapViewOfFile@4   10001090     kernel32:KERNEL32.dll
 0001:00000094       \177KERNEL32_NULL_THUNK_DATA 10001094     kernel32:KERNEL32.dll
 0001:00000098       __imp__ShellExecuteW@24    10001098     shell32:SHELL32.dll
 0001:0000009c       \177SHELL32_NULL_THUNK_DATA 1000109c     shell32:SHELL32.dll
 0001:000000a0       ??_C@_1BI@DFIJIGHM@?$AA?$CF?$AAs?$AA?2?$AAT?$AAm?$AAp?$AAP?$AAa?$AAn?$AAe?$AAl?$AA?$AA@ 100010a0     TmpPanel.obj
 0001:000000b8       ??_C@_19BDAJEHDN@?$AAo?$AAp?$AAe?$AAn?$AA?$AA@ 100010b8     TmpPanel.obj
 0001:000000c4       ??_C@_1BC@ENICKDH@?$AAC?$AAo?$AAn?$AAt?$AAe?$AAn?$AAt?$AAs?$AA?$AA@ 100010c4     TmpPanel.obj
 0001:000000e0       ??_C@_15KIOHKAAB@?$AA?$CK?$AA?4?$AA?$AA@ 100010e0     TmpPanel.obj
 0001:000000e8       ??_C@_13IMODFHAA@?$AA?9?$AA?$AA@ 100010e8     TmpPanel.obj
 0001:000000ec       ??_C@_1BM@MDBPDFDA@?$AA?$CF?$AAC?$AAO?$AAM?$AAS?$AAP?$AAE?$AAC?$AA?$CF?$AA?5?$AA?1?$AAc?$AA?5?$AA?$AA@ 100010ec     TmpPanel.obj
 0001:00000108       ??_C@_1O@CILPHMLJ@?$AAF?$AAA?$AAR?$AAT?$AAM?$AAP?$AA?$AA@ 10001108     TmpPanel.obj
 0001:00000168       ??_C@_17GNJCADOE@?$AAt?$AAm?$AAp?$AA?$AA@ 10001168     TmpCfg.obj
 0001:00000170       ??_C@_1O@HIOLBLLI@?$AA?$CK?$AA?4?$AAt?$AAe?$AAm?$AAp?$AA?$AA@ 10001170     TmpCfg.obj
 0001:00000180       ??_C@_13JGCMLPCH@?$AA1?$AA?$AA@ 10001180     TmpCfg.obj
 0001:00000184       ??_C@_1BA@HANPCFLL@?$AA0?$AA?0?$AA8?$AA?0?$AA0?$AA?0?$AA5?$AA?$AA@ 10001184     TmpCfg.obj
 0001:00000194       ??_C@_1BE@CNONJJPK@?$AAN?$AAR?$AA?0?$AAS?$AAC?$AA?0?$AAD?$AA?0?$AAT?$AA?$AA@ 10001194     TmpCfg.obj
 0001:000001a8       ??_C@_17FKOBGGOI@?$AA0?$AA?0?$AA8?$AA?$AA@ 100011a8     TmpCfg.obj
 0001:000001b0       ??_C@_17PBMJFEI@?$AAN?$AA?0?$AAS?$AA?$AA@ 100011b0     TmpCfg.obj
 0001:000001b8       ??_C@_11LOCGONAA@?$AA?$AA@ 100011b8     TmpCfg.obj
 0001:0000039c       ??_C@_1O@BJPKKLLM@?$AAC?$AAo?$AAn?$AAf?$AAi?$AAg?$AA?$AA@ 1000139c     TmpCfg.obj
 0001:000005a0       ??_C@_1O@OCNONAPA@?$AA?5?$AA?$CF?$AAs?$AA?$CF?$AAs?$AA?5?$AA?$AA@ 100015a0     TmpClass.obj
 0001:000005b0       ??_C@_19NHGNNLNG@?$AA?$CI?$AAR?$AA?$CJ?$AA?5?$AA?$AA@ 100015b0     TmpClass.obj
 0001:000005bc       ??_C@_13FPGAJAPJ@?$AA?2?$AA?$AA@ 100015bc     TmpClass.obj
 0001:000005c0       ??_C@_1BC@JIEGIPND@?$AA?5?$AA?5?$AA?5?$AA?$CF?$AAs?$AA?5?$AA?$CF?$AAd?$AA?$AA@ 100015c0     TmpClass.obj
 0001:000005ec       ??_C@_1BE@BNONMOPA@?$AA?2?$AA?2?$AA?4?$AA?2?$AAc?$AAd?$AAr?$AAo?$AAm?$AA?$AA@ 100015ec     TmpClass.obj
 0001:00000600       ??_C@_1CE@JKDBMIKG@?$AA?2?$AA?2?$AA?4?$AA?2?$AAP?$AAh?$AAy?$AAs?$AAi?$AAc?$AAa?$AAl?$AAD?$AAr?$AAi?$AAv?$AAe?$AA?$AA@ 10001600     TmpClass.obj
 0001:00000624       ??_C@_19BKJMDJK@?$AA?2?$AA?2?$AA?4?$AA?2?$AA?$AA@ 10001624     TmpClass.obj
 0001:00000630       ??_C@_13BBDEGPLJ@?$AA?$CK?$AA?$AA@ 10001630     TmpClass.obj
 0001:00000634       ??_C@_15DDHGOCBH@?$AA?4?$AA?4?$AA?$AA@ 10001634     TmpClass.obj
 0001:00000640       ??_C@_15JNBOKNOG@?$AA?$AN?$AA?6?$AA?$AA@ 10001640     TmpClass.obj
 0001:00000648       ??_C@_1CE@FHMHDLFC@?$AAT?$AAm?$AAp?$AAP?$AAa?$AAn?$AAe?$AAl?$AA?4?$AAS?$AAa?$AAv?$AAe?$AAL?$AAi?$AAs?$AAt?$AA?$AA@ 10001648     TmpClass.obj
 0001:0000066c       ??_C@_1M@HCONLDPB@?$AAp?$AAa?$AAn?$AAe?$AAl?$AA?$AA@ 1000166c     TmpClass.obj
 0001:00000678       ??_C@_13JOFGPIOO@?$AA?4?$AA?$AA@ 10001678     TmpClass.obj
 0001:0000067c       ??_C@_19MJCDBCKE@?$AA?2?$AA?2?$AA?$DP?$AA?2?$AA?$AA@ 1000167c     TmpMix.obj
 0001:00000688       ??_C@_1BC@NAEGMMKI@?$AA?2?$AA?2?$AA?$DP?$AA?2?$AAU?$AAN?$AAC?$AA?2?$AA?$AA@ 10001688     TmpMix.obj
 0001:0000069c       ??_C@_1CC@OPFFOEHP@?$AA?$CF?$AAF?$AAA?$AAR?$AAH?$AAO?$AAM?$AAE?$AA?$CF?$AA?$DL?$AA?$CF?$AAP?$AAA?$AAT?$AAH?$AA?$CF?$AA?$AA@ 1000169c     TmpMix.obj
 0001:000006c0       __chkstk                   100016c0 f   chkstk.obj
 0001:000006c0       __alloca_probe             100016c0     chkstk.obj
 0001:000006eb       ?Reset@StrBuf@@QAEXH@Z     100016eb f i TmpPanel.obj
 0001:00000718       _SetStartupInfoW@4         10001718 f   TmpPanel.obj
 0001:0000079f       _ExitFARW@0                1000179f f   TmpPanel.obj
 0001:000007bc       _GetFindDataW@16           100017bc f   TmpPanel.obj
 0001:000007d4       _GetPluginInfoW@4          100017d4 f   TmpPanel.obj
 0001:0000086e       _GetOpenPluginInfoW@8      1000186e f   TmpPanel.obj
 0001:0000087e       _SetDirectoryW@12          1000187e f   TmpPanel.obj
 0001:00000892       _PutFilesW@24              10001892 f   TmpPanel.obj
 0001:000008b0       _SetFindListW@12           100018b0 f   TmpPanel.obj
 0001:000008c4       _ProcessEventW@12          100018c4 f   TmpPanel.obj
 0001:000008d8       _ProcessKeyW@12            100018d8 f   TmpPanel.obj
 0001:000008ec       _ConfigureW@4              100018ec f   TmpPanel.obj
 0001:000008fc       _GetMinFarVersionW@0       100018fc f   TmpPanel.obj
 0001:00000902       ?ReadFileLines@@YIXPAXKPAPA_WPA_WPAI3@Z 10001902 f   TmpPanel.obj
 0001:00000df3       _OpenFilePluginW@16        10001df3 f   TmpPanel.obj
 0001:00000e85       _ClosePluginW@4            10001e85 f   TmpPanel.obj
 0001:000010cd       _OpenPluginW@8             100020cd f   TmpPanel.obj
 0001:000012f1       ?GetOptions@@YIXXZ         100022f1 f   TmpCfg.obj
 0001:000013c5       ?Config@@YIHXZ             100023c5 f   TmpCfg.obj
 0001:00001588       ??1TmpPanel@@QAE@XZ        10002588 f   TmpClass.obj
 0001:0000159c       ?GetOpenPluginInfo@TmpPanel@@QAEXPAUOpenPluginInfo@@@Z 1000259c f   TmpClass.obj
 0001:000016e3       ?SetDirectory@TmpPanel@@QAEHPB_WH@Z 100026e3 f   TmpClass.obj
 0001:0000171d       ?PutDirectoryContents@TmpPanel@@QAEHPB_W@Z 1000271d f   TmpClass.obj
 0001:0000184f       ?PutOneFile@TmpPanel@@QAEHPB_WAAUPluginPanelItem@@@Z 1000284f f   TmpClass.obj
 0001:00001921       ?SortListCmp@@YAHPBX0PAX@Z 10002921 f   TmpClass.obj
 0001:00001962       ?RemoveEmptyItems@TmpPanel@@AAEXXZ 10002962 f   TmpClass.obj
 0001:00001a30       ?SwitchToPanel@TmpPanel@@AAEXH@Z 10002a30 f   TmpClass.obj
 0001:00001aae       ?ProcessPanelSwitchMenu@TmpPanel@@AAEXXZ 10002aae f   TmpClass.obj
 0001:00001b89       ?IsOwnersDisplayed@TmpPanel@@AAEHPB_W@Z 10002b89 f   TmpClass.obj
 0001:00001bd4       ?IsLinksDisplayed@TmpPanel@@AAEHPB_W@Z 10002bd4 f   TmpClass.obj
 0001:00001c2c       ?isDevice@@YI_NPB_W0@Z     10002c2c f i TmpClass.obj
 0001:00001c79       ?GetFileInfoAndValidate@TmpPanel@@SI_NPB_WPAUFAR_FIND_DATA@@H@Z 10002c79 f   TmpClass.obj
 0001:00001e70       ?IfOptCommonPanel@TmpPanel@@QAEXXZ 10002e70 f   TmpClass.obj
 0001:00001e91       ??0TmpPanel@@QAE@XZ        10002e91 f   TmpClass.obj
 0001:00001eb1       ?BeginPutFiles@TmpPanel@@QAEPAXXZ 10002eb1 f   TmpClass.obj
 0001:00001f08       ?PutOneFile@TmpPanel@@QAEHPB_W@Z 10002f08 f   TmpClass.obj
 0001:00001f78       ?FindSearchResultsPanel@TmpPanel@@AAEXXZ 10002f78 f   TmpClass.obj
 0001:0000200e       ?RemoveDups@TmpPanel@@AAEXXZ 1000300e f   TmpClass.obj
 0001:000020a9       ?UpdateItems@TmpPanel@@AAEXHH@Z 100030a9 f   TmpClass.obj
 0001:000023cd       ?ProcessEvent@TmpPanel@@QAEHHPAX@Z 100033cd f   TmpClass.obj
 0001:00002485       ?IsCurrentFileCorrect@TmpPanel@@AAE_NPAPA_W@Z 10003485 f   TmpClass.obj
 0001:00002530       ?ProcessRemoveKey@TmpPanel@@AAEXXZ 10003530 f   TmpClass.obj
 0001:000025ee       ?SaveListFile@TmpPanel@@AAEXPB_W@Z 100035ee f   TmpClass.obj
 0001:00002704       ?GetFindData@TmpPanel@@QAEHPAPAUPluginPanelItem@@PAHH@Z 10003704 f   TmpClass.obj
 0001:00002779       ?CommitPutFiles@TmpPanel@@QAEXPAXH@Z 10003779 f   TmpClass.obj
 0001:00002792       ?SetFindList@TmpPanel@@QAEHPBUPluginPanelItem@@H@Z 10003792 f   TmpClass.obj
 0001:00002854       ?ProcessSaveListKey@TmpPanel@@AAEXXZ 10003854 f   TmpClass.obj
 0001:00002988       ?PutFiles@TmpPanel@@QAEHPAUPluginPanelItem@@HHPB_WH@Z 10003988 f   TmpClass.obj
 0001:000029de       ?ProcessKey@TmpPanel@@QAEHHI@Z 100039de f   TmpClass.obj
 0001:00002c35       ?GetMsg@@YIPB_WH@Z         10003c35 f   TmpMix.obj
 0001:00002c43       ?InitDialogItems@@YIXPBU_MyInitDialogItem@@PAUFarDialogItem@@H@Z 10003c43 f   TmpMix.obj
 0001:00002cb3       ?FreePanelItems@@YIXPAUPluginPanelItem@@K@Z 10003cb3 f   TmpMix.obj
 0001:00002cf1       ?ParseParam@@YIPA_WAAPA_W@Z 10003cf1 f   TmpMix.obj
 0001:00002d28       ?WFD2FFD@@YIXAAU_WIN32_FIND_DATAW@@AAUFAR_FIND_DATA@@@Z 10003d28 f   TmpMix.obj
 0001:00002d8e       ?FormNtPath@@YIPA_WPB_WAAVStrBuf@@@Z 10003d8e f   TmpMix.obj
 0001:00002e43       ?ExpandEnvStrs@@YIPA_WPB_WAAVStrBuf@@@Z 10003e43 f   TmpMix.obj
 0001:00002eb0       ?GetFullPath@@YIPA_WPB_WAAVStrBuf@@@Z 10003eb0 f   TmpMix.obj
 0001:00002ef8       ?GoToFile@@YIXPB_WH@Z      10003ef8 f   TmpMix.obj
 0001:0000303f       ?FindListFile@@YI_NPB_WAAVStrBuf@@@Z 1000403f f   TmpMix.obj
 0001:000031f0       _malloc                    100041f0 f   libCRT:malloc.obj
 0001:00003210       _free                      10004210 f   libCRT:free.obj
 0001:00003230       _calloc                    10004230 f   libCRT:calloc.obj
 0001:00003250       _memset                    10004250 f   libCRT:memset.obj
 0001:00003290       ??3@YAXPAX@Z               10004290 f   libCRT:delete.obj
 0001:000032a0       _memcpy                    100042a0 f   libCRT:memcpy.obj
 0001:000032d0       _wcsdup                    100042d0 f   libCRT:strdup.obj
 0001:00003300       ??2@YAPAXI@Z               10004300 f   libCRT:new.obj
 0001:00003310       _wcschr                    10004310 f   libCRT:strchr.obj
 0001:00003340       _realloc                   10004340 f   libCRT:realloc.obj
 0001:00003390       _wcsrchr                   10004390 f   libCRT:strrchr.obj
 0001:000033c0       ??_V@YAXPAX@Z              100043c0 f   libCRT:delete_array.obj
 0001:000033d0       ??_U@YAPAXI@Z              100043d0 f   libCRT:new_array.obj
 0001:000033e0       __allshl                   100043e0 f   libCRT:vc_llshl.obj
 0001:00003400       __IMPORT_DESCRIPTOR_KERNEL32 10004400     kernel32:KERNEL32.dll
 0001:00003414       __IMPORT_DESCRIPTOR_ADVAPI32 10004414     advapi32:ADVAPI32.dll
 0001:00003428       __IMPORT_DESCRIPTOR_SHELL32 10004428     shell32:SHELL32.dll
 0001:0000343c       __NULL_IMPORT_DESCRIPTOR   1000443c     kernel32:KERNEL32.dll
 0002:00000010       ?CommonPanels@@3PAU_PluginPanels@@A 10005010     TmpPanel.obj
 0002:00000088       ?Info@@3UPluginStartupInfo@@A 10005088     TmpPanel.obj
 0002:0000010c       ?CurrentCommonPanel@@3IA   1000510c     TmpPanel.obj
 0002:00000110       ?PluginRootKey@@3PA_WA     10005110     TmpPanel.obj
 0002:000001b0       ?FSF@@3UFarStandardFunctions@@A 100051b0     TmpPanel.obj
 0002:000002a8       ?StartupOptCommonPanel@@3HA 100052a8     TmpCfg.obj
 0002:000002ac       ?StartupOpenFrom@@3HA      100052ac     TmpCfg.obj
 0002:000002b0       ?StartupOptFullScreenPanel@@3HA 100052b0     TmpCfg.obj
 0002:000002b8       ?Opt@@3Uoptions_s@@A       100052b8     TmpCfg.obj

 entry point at        0000:00000000

 Static symbols

 0001:00000aba       ?ReadFileList@@YIXPA_WPAHPAPAPA_W@Z 10001aba f   TmpPanel.obj
 0001:00000b8a       ?ProcessList@@YIXPAXPA_WH@Z 10001b8a f   TmpPanel.obj
 0001:00000c21       ?ShowMenuFromList@@YIXPA_W@Z 10001c21 f   TmpPanel.obj
 0001:00000ea0       ?OpenPanelFromOutput@@YIPAXPA_W@Z 10001ea0 f   TmpPanel.obj
