 Network

 Timestamp is 4b85b0fd (Thu Feb 25 00:06:37 2010)

 Preferred load address is 10000000

 Start         Length     Name                   Class
 0001:00000000 000000c4H .idata$5                CODE
 0001:000000c4 0000056eH .rdata                  CODE
 0001:00000640 00005414H .text                   CODE
 0001:00005a54 00000050H .idata$2                CODE
 0001:00005aa4 00000014H .idata$3                CODE
 0001:00005ab8 000000c4H .idata$4                CODE
 0001:00005b7c 00000336H .idata$6                CODE
 0001:00005ec0 00000181H .edata                  CODE
 0002:00000000 000001ccH .data                   DATA
 0002:000001d0 00000fa0H .bss                    DATA
 0003:00000000 00000058H .rsrc$01                DATA
 0003:00000060 00000370H .rsrc$02                DATA

  Address         Publics by Value              Rva+Base       Lib:Object

 0000:00000000       ___safe_se_handler_count   00000000     <absolute>
 0000:00000000       ___safe_se_handler_table   00000000     <absolute>
 0001:00000000       __imp__RegSetValueExW@24   10001000     advapi32:ADVAPI32.dll
 0001:00000004       __imp__RegSetValueW@20     10001004     advapi32:ADVAPI32.dll
 0001:00000008       __imp__RegEnumKeyExW@32    10001008     advapi32:ADVAPI32.dll
 0001:0000000c       __imp__RegDeleteKeyW@8     1000100c     advapi32:ADVAPI32.dll
 0001:00000010       __imp__RegQueryValueW@16   10001010     advapi32:ADVAPI32.dll
 0001:00000014       __imp__RegEnumKeyW@16      10001014     advapi32:ADVAPI32.dll
 0001:00000018       __imp__RegOpenKeyExW@20    10001018     advapi32:ADVAPI32.dll
 0001:0000001c       __imp__RegCloseKey@4       1000101c     advapi32:ADVAPI32.dll
 0001:00000020       __imp__RegQueryValueExW@24 10001020     advapi32:ADVAPI32.dll
 0001:00000024       __imp__RegCreateKeyExW@36  10001024     advapi32:ADVAPI32.dll
 0001:00000028       \177ADVAPI32_NULL_THUNK_DATA 10001028     advapi32:ADVAPI32.dll
 0001:0000002c       __imp__GetLogicalDrives@0  1000102c     kernel32:KERNEL32.dll
 0001:00000030       __imp__GetLastError@0      10001030     kernel32:KERNEL32.dll
 0001:00000034       __imp__lstrcpynW@12        10001034     kernel32:KERNEL32.dll
 0001:00000038       __imp__lstrcmpW@8          10001038     kernel32:KERNEL32.dll
 0001:0000003c       __imp__SetLastError@4      1000103c     kernel32:KERNEL32.dll
 0001:00000040       __imp__FindClose@4         10001040     kernel32:KERNEL32.dll
 0001:00000044       __imp__FindFirstFileW@8    10001044     kernel32:KERNEL32.dll
 0001:00000048       __imp__GetComputerNameW@8  10001048     kernel32:KERNEL32.dll
 0001:0000004c       __imp__GetProcAddress@8    1000104c     kernel32:KERNEL32.dll
 0001:00000050       __imp__LocalAlloc@8        10001050     kernel32:KERNEL32.dll
 0001:00000054       __imp__GetModuleHandleW@4  10001054     kernel32:KERNEL32.dll
 0001:00000058       __imp__GetVersionExW@4     10001058     kernel32:KERNEL32.dll
 0001:0000005c       __imp__InterlockedIncrement@4 1000105c     kernel32:KERNEL32.dll
 0001:00000060       __imp__InterlockedDecrement@4 10001060     kernel32:KERNEL32.dll
 0001:00000064       __imp__HeapFree@12         10001064     kernel32:KERNEL32.dll
 0001:00000068       __imp__GetProcessHeap@0    10001068     kernel32:KERNEL32.dll
 0001:0000006c       __imp__HeapAlloc@12        1000106c     kernel32:KERNEL32.dll
 0001:00000070       __imp__HeapReAlloc@16      10001070     kernel32:KERNEL32.dll
 0001:00000074       __imp__LocalFree@4         10001074     kernel32:KERNEL32.dll
 0001:00000078       __imp__GetModuleFileNameW@12 10001078     kernel32:KERNEL32.dll
 0001:0000007c       __imp__lstrcatW@8          1000107c     kernel32:KERNEL32.dll
 0001:00000080       __imp__lstrcmpiW@8         10001080     kernel32:KERNEL32.dll
 0001:00000084       __imp__lstrlenW@4          10001084     kernel32:KERNEL32.dll
 0001:00000088       __imp__lstrcpyW@8          10001088     kernel32:KERNEL32.dll
 0001:0000008c       __imp__ExpandEnvironmentStringsW@12 1000108c     kernel32:KERNEL32.dll
 0001:00000090       __imp__GetCurrentDirectoryW@8 10001090     kernel32:KERNEL32.dll
 0001:00000094       __imp__GetSystemDirectoryW@8 10001094     kernel32:KERNEL32.dll
 0001:00000098       __imp__LoadLibraryW@4      10001098     kernel32:KERNEL32.dll
 0001:0000009c       __imp__SetCurrentDirectoryW@4 1000109c     kernel32:KERNEL32.dll
 0001:000000a0       \177KERNEL32_NULL_THUNK_DATA 100010a0     kernel32:KERNEL32.dll
 0001:000000a4       __imp__WNetOpenEnumW@20    100010a4     mpr:MPR.dll
 0001:000000a8       __imp__WNetAddConnection2W@16 100010a8     mpr:MPR.dll
 0001:000000ac       __imp__WNetCancelConnection2W@12 100010ac     mpr:MPR.dll
 0001:000000b0       __imp__WNetCloseEnum@4     100010b0     mpr:MPR.dll
 0001:000000b4       __imp__WNetEnumResourceW@16 100010b4     mpr:MPR.dll
 0001:000000b8       \177MPR_NULL_THUNK_DATA    100010b8     mpr:MPR.dll
 0001:000000bc       __imp__CharUpperW@4        100010bc     user32:USER32.dll
 0001:000000c0       \177USER32_NULL_THUNK_DATA 100010c0     user32:USER32.dll
 0001:000000c4       ??_C@_17ODNIDLDN@?$AAn?$AAe?$AAt?$AA?$AA@ 100010c4     Network.obj
 0001:000000cc       ??_C@_19HNBCINPI@?$AAn?$AAe?$AAt?$AAg?$AA?$AA@ 100010cc     Network.obj
 0001:000000d8       ??_C@_15LEKKCGMK@?$AA?2?$AA?2?$AA?$AA@ 100010d8     Network.obj
 0001:000000e0       ??_C@_1BE@OMHKNOGL@?$AAP?$AAa?$AAn?$AAe?$AAl?$AAM?$AAo?$AAd?$AAe?$AA?$AA@ 100010e0     NetCfg.obj
 0001:000000f4       ??_C@_1CE@JCLLPGFN@?$AAN?$AAa?$AAv?$AAi?$AAg?$AAa?$AAt?$AAe?$AAT?$AAo?$AAD?$AAo?$AAm?$AAa?$AAi?$AAn?$AAs?$AA?$AA@ 100010f4     NetCfg.obj
 0001:00000118       ??_C@_1CE@DLMGFKCB@?$AAN?$AAo?$AAR?$AAo?$AAo?$AAt?$AAD?$AAo?$AAu?$AAb?$AAl?$AAe?$AAP?$AAo?$AAi?$AAn?$AAt?$AA?$AA@ 10001118     NetCfg.obj
 0001:0000013c       ??_C@_1BO@LADGPGKF@?$AAF?$AAa?$AAv?$AAo?$AAr?$AAi?$AAt?$AAe?$AAs?$AAF?$AAl?$AAa?$AAg?$AAs?$AA?$AA@ 1000113c     NetCfg.obj
 0001:0000015c       ??_C@_1BO@FLKJOEGH@?$AAF?$AAu?$AAl?$AAl?$AAP?$AAa?$AAt?$AAh?$AAS?$AAh?$AAa?$AAr?$AAe?$AAs?$AA?$AA@ 1000115c     NetCfg.obj
 0001:0000017c       ??_C@_1CK@LKLAIIEF@?$AAH?$AAi?$AAd?$AAd?$AAe?$AAn?$AAS?$AAh?$AAa?$AAr?$AAe?$AAs?$AAA?$AAs?$AAH?$AAi?$AAd?$AAd?$AAe?$AAn?$AA?$AA@ 1000117c     NetCfg.obj
 0001:000001a8       ??_C@_1CC@DJEEMKIM@?$AAR?$AAe?$AAm?$AAo?$AAv?$AAe?$AAC?$AAo?$AAn?$AAn?$AAe?$AAc?$AAt?$AAi?$AAo?$AAn?$AA?$AA@ 100011a8     NetCfg.obj
 0001:000001cc       ??_C@_1BO@ONNGHKLG@?$AAD?$AAi?$AAs?$AAc?$AAo?$AAn?$AAn?$AAe?$AAc?$AAt?$AAM?$AAo?$AAd?$AAe?$AA?$AA@ 100011cc     NetCfg.obj
 0001:000001ec       ??_C@_1BK@IMMOFPGP@?$AAL?$AAo?$AAc?$AAa?$AAl?$AAN?$AAe?$AAt?$AAw?$AAo?$AAr?$AAk?$AA?$AA@ 100011ec     NetCfg.obj
 0001:00000208       ??_C@_1BK@BMPKBAI@?$AAS?$AAh?$AAo?$AAw?$AAP?$AAr?$AAi?$AAn?$AAt?$AAe?$AAr?$AAs?$AA?$AA@ 10001208     NetCfg.obj
 0001:00000224       ??_C@_1BM@BAMGPPDG@?$AAN?$AAT?$AAH?$AAi?$AAd?$AAd?$AAe?$AAn?$AAS?$AAh?$AAa?$AAr?$AAe?$AA?$AA@ 10001224     NetCfg.obj
 0001:00000240       ??_C@_1BC@ENICKDH@?$AAC?$AAo?$AAn?$AAt?$AAe?$AAn?$AAt?$AAs?$AA?$AA@ 10001240     NetCfg.obj
 0001:00000254       ??_C@_1BO@CKKGCGLO@?$AAD?$AAi?$AAs?$AAk?$AAs?$AAM?$AAe?$AAn?$AAu?$AAD?$AAi?$AAg?$AAi?$AAt?$AA?$AA@ 10001254     NetCfg.obj
 0001:00000274       ??_C@_1CC@PNNAOHJC@?$AAA?$AAd?$AAd?$AAT?$AAo?$AAP?$AAl?$AAu?$AAg?$AAi?$AAn?$AAs?$AAM?$AAe?$AAn?$AAu?$AA?$AA@ 10001274     NetCfg.obj
 0001:00000298       ??_C@_1BO@NGDOFANC@?$AAA?$AAd?$AAd?$AAT?$AAo?$AAD?$AAi?$AAs?$AAk?$AAs?$AAM?$AAe?$AAn?$AAu?$AA?$AA@ 10001298     NetCfg.obj
 0001:000002b8       ??_C@_1O@BJPKKLLM@?$AAC?$AAo?$AAn?$AAf?$AAi?$AAg?$AA?$AA@ 100012b8     NetCfg.obj
 0001:000002c8       ??_C@_15KNBIKKIN@?$AA?$CF?$AAd?$AA?$AA@ 100012c8     NetCfg.obj
 0001:000002d0       ??_C@_11LOCGONAA@?$AA?$AA@ 100012d0     NetCfg.obj
 0001:000002d4       ??_C@_1BC@EJKAECLA@?$AAn?$AAe?$AAt?$AA?3?$AAn?$AAe?$AAt?$AAg?$AA?$AA@ 100012d4     NetCfg.obj
 0001:000002e8       ??_C@_13LBAGMAIH@?$AA?6?$AA?$AA@ 100012e8     NetClass.obj
 0001:000002ec       ??_C@_1BA@LKKFCKCJ@?$AAN?$AA?0?$AAC?$AA0?$AA?0?$AAC?$AA1?$AA?$AA@ 100012ec     NetClass.obj
 0001:000002fc       ??_C@_17DFFMIGIM@?$AA0?$AA?0?$AA2?$AA?$AA@ 100012fc     NetClass.obj
 0001:00000304       ??_C@_19ELDIFHOA@?$AAN?$AA?0?$AAC?$AA0?$AA?$AA@ 10001304     NetClass.obj
 0001:00000310       ??_C@_1M@ICMPIFCG@?$AA0?$AA?0?$AA2?$AA?0?$AA0?$AA?$AA@ 10001310     NetClass.obj
 0001:0000031c       ??_C@_1BC@BDJLNJKB@?$AA?5?$AA?$CF?$AAs?$AA?3?$AA?5?$AA?$CF?$AAs?$AA?5?$AA?$AA@ 1000131c     NetClass.obj
 0001:00000330       ??_C@_1BE@DEAPIJA@?$AAM?$AAi?$AAc?$AAr?$AAo?$AAs?$AAo?$AAf?$AAt?$AA?$AA@ 10001330     NetClass.obj
 0001:00000344       ??_C@_19IEEMEPMH@?$AAD?$AAa?$AAt?$AAa?$AA?$AA@ 10001344     NetClass.obj
 0001:00000350       ??_C@_1CC@FMHKFHHK@?$AAT?$AAh?$AAi?$AAs?$AA?5?$AAi?$AAs?$AA?5?$AAa?$AA?5?$AAd?$AAo?$AAm?$AAa?$AAi?$AAn?$AA?$AA@ 10001350     NetClass.obj
 0001:00000374       ??_C@_1CC@LMAEILBC@?$AAT?$AAh?$AAi?$AAs?$AA?5?$AAi?$AAs?$AA?5?$AAa?$AA?5?$AAS?$AAE?$AAR?$AAV?$AAE?$AAR?$AA?$AA@ 10001374     NetClass.obj
 0001:00000398       ??_C@_19POFGONBN@?$AA?$CG?$AA?$CF?$AAc?$AA?3?$AA?$AA@ 10001398     NetClass.obj
 0001:000003a4       ??_C@_1M@JNLNDDIN@?$AA?$CF?$AAT?$AAM?$AAP?$AA?$CF?$AA?$AA@ 100013a4     NetClass.obj
 0001:000003b0       ??_C@_1BI@LJGELBNP@?$AAN?$AAe?$AAt?$AAw?$AAo?$AAr?$AAk?$AAU?$AAs?$AAe?$AAr?$AA?$AA@ 100013b0     NetClass.obj
 0001:000003c8       ??_C@_13HOIJIPNN@?$AA?5?$AA?$AA@ 100013c8     NetClass.obj
 0001:000003cc       ??_C@_15PCEAIKAA@?$AA?4?$AA?2?$AA?$AA@ 100013cc     NetClass.obj
 0001:000003d4       ??_C@_15DDHGOCBH@?$AA?4?$AA?4?$AA?$AA@ 100013d4     NetClass.obj
 0001:000003dc       ??_C@_19CDBNEOLI@?$AA?$CF?$AAs?$AA?2?$AA?$CK?$AA?$AA@ 100013dc     NetClass.obj
 0001:000003e8       ??_C@_1BI@HGBMBLHP@?$AA?2?$AA?2?$AA?$DP?$AA?2?$AAU?$AAN?$AAC?$AA?$CF?$AAs?$AA?2?$AA?$CK?$AA?$AA@ 100013e8     NetClass.obj
 0001:00000400       ??_C@_1BM@EONNLOAH@?$AAR?$AAe?$AAm?$AAo?$AAv?$AAe?$AAI?$AAt?$AAe?$AAm?$AAF?$AAa?$AAv?$AA?$AA@ 10001400     NetClass.obj
 0001:0000041c       ??_C@_1DA@CMNOOJGO@?$AAF?$AAa?$AAi?$AAl?$AAe?$AAd?$AA?5?$AAt?$AAo?$AA?5?$AAc?$AAr?$AAe?$AAa?$AAt?$AAe?$AA?5?$AAf?$AAo?$AAl?$AAd?$AAe?$AAr?$AA?$AA@ 1000141c     NetClass.obj
 0001:0000044c       ??_C@_1CA@FPAJCONG@?$AAD?$AAi?$AAs?$AAc?$AAo?$AAn?$AAn?$AAe?$AAc?$AAt?$AAD?$AAr?$AAi?$AAv?$AAe?$AA?$AA@ 1000144c     NetClass.obj
 0001:0000046c       ??_C@_1BG@PFLPMIKK@?$AAN?$AAe?$AAt?$AAw?$AAo?$AAr?$AAk?$AA?2?$AA?$CF?$AAc?$AA?$AA@ 1000146c     NetClass.obj
 0001:00000484       ??_C@_1M@DFKENGJN@?$AA?$CF?$AAs?$AA?2?$AA?$CF?$AAs?$AA?$AA@ 10001484     NetClass.obj
 0001:00000490       ??_C@_13EFKPHINO@?$AA?$EA?$AA?$AA@ 10001490     NetClass.obj
 0001:00000494       ??_C@_13FPGAJAPJ@?$AA?2?$AA?$AA@ 10001494     NetClass.obj
 0001:00000498       ??_C@_13DMCFHHKM@?$AA3?$AA?$AA@ 10001498     NetClass.obj
 0001:0000049c       ??_C@_13GGAHEHIG@?$AA?$AB?$AA?$AA@ 1000149c     NetClass.obj
 0001:000004a0       ??_C@_1O@NAMMHEHK@?$AAs?$AAv?$AAr?$AAa?$AAp?$AAi?$AA?$AA@ 100014a0     NetCommon.obj
 0001:000004b0       ??_C@_0O@KJPAILFG@NetDfsGetInfo?$AA@ 100014b0     NetCommon.obj
 0001:000004c0       ??_C@_0N@KHOBHGO@NetShareEnum?$AA@ 100014c0     NetCommon.obj
 0001:000004d0       ??_C@_0BB@EODNGDFL@NetApiBufferFree?$AA@ 100014d0     NetCommon.obj
 0001:000004e4       ??_C@_1BC@IEAPNNOC@?$AAn?$AAe?$AAt?$AAa?$AAp?$AAi?$AA3?$AA2?$AA?$AA@ 100014e4     NetCommon.obj
 0001:000004f8       ??_C@_0BH@CHFGHJLA@WNetGetResourceParentW?$AA@ 100014f8     NetCommon.obj
 0001:00000510       ??_C@_0BM@MONLIIKM@WNetGetResourceInformationW?$AA@ 10001510     NetCommon.obj
 0001:0000052c       ??_C@_17OCFBJCHM@?$AAM?$AAp?$AAr?$AA?$AA@ 1000152c     NetCommon.obj
 0001:00000534       ??_C@_1BG@OKCBMDDM@?$AA?$CF?$AAs?$AA?2?$AAN?$AAe?$AAt?$AAw?$AAo?$AAr?$AAk?$AA?$AA@ 10001534     NetCommon.obj
 0001:0000054c       ??_C@_1BI@PJIFJHLI@?$AAM?$AAa?$AAk?$AAe?$AA?5?$AAF?$AAo?$AAl?$AAd?$AAe?$AAr?$AA?$AA@ 1000154c     NetCommon.obj
 0001:00000564       ??_C@_1BK@LDEGEPBC@?$AAF?$AAo?$AAl?$AAd?$AAe?$AAr?$AA?5?$AAn?$AAa?$AAm?$AAe?$AA?3?$AA?$AA@ 10001564     NetCommon.obj
 0001:00000580       ??_C@_1BE@BIEMJOKH@?$AAN?$AAe?$AAw?$AAF?$AAo?$AAl?$AAd?$AAe?$AAr?$AA?$AA@ 10001580     NetCommon.obj
 0001:00000594       ??_C@_15MNCACJLI@?$AA?2?$AA?1?$AA?$AA@ 10001594     NetFavorites.obj
 0001:0000059c       ??_C@_1BE@PDPMPIAC@?$AAF?$AAa?$AAv?$AAo?$AAr?$AAi?$AAt?$AAe?$AAs?$AA?$AA@ 1000159c     NetFavorites.obj
 0001:000005b0       ??_C@_1BK@GCNMKDHP@?$AAF?$AAa?$AAv?$AAo?$AAr?$AAi?$AAt?$AAe?$AAs?$AA?2?$AA?$CF?$AAs?$AA?$AA@ 100015b0     NetFavorites.obj
 0001:000005cc       ??_C@_13JGCMLPCH@?$AA1?$AA?$AA@ 100015cc     NetFavorites.obj
 0001:000005d0       ??_C@_1BC@LBMJCFCO@?$AAP?$AAa?$AAs?$AAs?$AAw?$AAo?$AAr?$AAd?$AA?$AA@ 100015d0     NetFavorites.obj
 0001:000005e4       ??_C@_1BC@PKDBAIGK@?$AAU?$AAs?$AAe?$AAr?$AAN?$AAa?$AAm?$AAe?$AA?$AA@ 100015e4     NetFavorites.obj
 0001:000005f8       ??_C@_13COJANIEC@?$AA0?$AA?$AA@ 100015f8     NetFavorites.obj
 0001:000005fc       ??_7Unknown@@6B@           100015fc     NetFavorites.obj
 0001:00000608       ??_7RegParser@@6B@         10001608     NetFavorites.obj
 0001:00000614       ??_C@_13JOFGPIOO@?$AA?4?$AA?$AA@ 10001614     NetFavorites.obj
 0001:00000618       ??_C@_19INGAAIIO@?$AAI?$AAP?$AAC?$AA$?$AA?$AA@ 10001618     NetNT.obj
 0001:00000624       ??_C@_1O@JBBHAGJJ@?$AA?$CF?$AAs?$AA?$CF?$AAs?$AA?$CF?$AAs?$AA?$AA@ 10001624     NetReg.obj
 0001:00000640       __chkstk                   10001640 f   chkstk.obj
 0001:00000640       __alloca_probe             10001640     chkstk.obj
 0001:0000066b       _GetMinFarVersionW@0       1000166b f   Network.obj
 0001:00000671       _ClosePluginW@4            10001671 f   Network.obj
 0001:0000068c       _GetFindDataW@16           1000168c f   Network.obj
 0001:000006a4       _FreeFindDataW@12          100016a4 f   Network.obj
 0001:000006b8       _GetOpenPluginInfoW@8      100016b8 f   Network.obj
 0001:000006c8       _SetDirectoryW@12          100016c8 f   Network.obj
 0001:000006dc       _DeleteFilesW@16           100016dc f   Network.obj
 0001:000006f4       _ProcessKeyW@12            100016f4 f   Network.obj
 0001:00000708       _ProcessEventW@12          10001708 f   Network.obj
 0001:0000071c       _OpenPluginW@8             1000171c f   Network.obj
 0001:00000943       ?Config@@YIHXZ             10001943 f   NetCfg.obj
 0001:0000100f       _GetPluginInfoW@4          1000200f f   NetCfg.obj
 0001:000010a2       ??0NetResourceList@@QAE@XZ 100020a2 f   NetClass.obj
 0001:000010ac       ?DeleteNetResource@NetResourceList@@SIXAAU_NETRESOURCEW@@@Z 100020ac f   NetClass.obj
 0001:000010d4       ?CopyText@NetResourceList@@SIPA_WPB_W@Z 100020d4 f   NetClass.obj
 0001:000010e3       ?InitNetResource@NetResourceList@@SIXAAU_NETRESOURCEW@@@Z 100020e3 f   NetClass.obj
 0001:000010f2       ?CopyNetResource@NetResourceList@@SIXAAU_NETRESOURCEW@@ABU2@@Z 100020f2 f   NetClass.obj
 0001:00001157       ?Push@NetResourceList@@QAEXAAU_NETRESOURCEW@@@Z 10002157 f   NetClass.obj
 0001:00001198       ?Top@NetResourceList@@QAEPAU_NETRESOURCEW@@XZ 10002198 f   NetClass.obj
 0001:000011aa       ?Pop@NetResourceList@@QAEXXZ 100021aa f   NetClass.obj
 0001:000011da       ?GotoFavorite@NetBrowser@@QAEHPA_W@Z 100021da f   NetClass.obj
 0001:00001245       ?FreeFindData@NetBrowser@@QAEXPAUPluginPanelItem@@H@Z 10002245 f   NetClass.obj
 0001:0000128f       ?GetDriveToDisconnect@NetBrowser@@AAEHPB_WPA_W@Z 1000228f f   NetClass.obj
 0001:000013c6       ?NeedConfirmCancelConnection@NetBrowser@@AAEHXZ 100023c6 f   NetClass.obj
 0001:000013dd       ?HandsOffDisconnectDrive@NetBrowser@@AAEHPB_W@Z 100023dd f   NetClass.obj
 0001:0000144f       ?GetOpenPluginInfo@NetBrowser@@QAEXPAUOpenPluginInfo@@@Z 1000244f f   NetClass.obj
 0001:0000168b       ?IsMSNetResource@NetBrowser@@SIHABU_NETRESOURCEW@@@Z 1000268b f   NetClass.obj
 0001:000016b8       ?GetResourceInfo@NetBrowser@@SIHPA_WPAU_NETRESOURCEW@@@Z 100026b8 f   NetClass.obj
 0001:00001782       ?GetResourceParent@NetBrowser@@SIHAAU_NETRESOURCEW@@PAU2@@Z 10002782 f   NetClass.obj
 0001:000018a0       ?EditFavorites@NetBrowser@@QAEHXZ 100028a0 f   NetClass.obj
 0001:000019b7       ?AskMapDrive@NetBrowser@@AAEHPA_WAAH@Z 100029b7 f   NetClass.obj
 0001:00001ae5       ?GetFreeLetter@NetBrowser@@AAEXAAKPA_W@Z 10002ae5 f   NetClass.obj
 0001:00001b2f       ?AddConnection@NetBrowser@@SIHPAU_NETRESOURCEW@@H@Z 10002b2f f   NetClass.obj
 0001:00001b6b       ?DisconnectFromServer@NetBrowser@@CIXPAU_NETRESOURCEW@@@Z 10002b6b f   NetClass.obj
 0001:00001d04       ?GetLocalName@NetBrowser@@AAEXPA_W0@Z 10002d04 f   NetClass.obj
 0001:00001d8d       ?GetNameAndPassword@NetBrowser@@CIHPAU__NameAndPassInfo@@@Z 10002d8d f   NetClass.obj
 0001:00002024       ?PutCurrentFileName@NetBrowser@@AAEXH@Z 10003024 f   NetClass.obj
 0001:00002105       ?GetRemoteName@NetBrowser@@AAEXPAU_NETRESOURCEW@@PA_W@Z 10003105 f   NetClass.obj
 0001:000021cc       ?IsReadable@NetBrowser@@AAEHPB_W@Z 100031cc f   NetClass.obj
 0001:00002253       ?SetOpenFromCommandLine@NetBrowser@@QAEXPA_W@Z 10003253 f   NetClass.obj
 0001:00002267       ?SetOpenFromFilePanel@NetBrowser@@QAEHPA_W@Z 10003267 f   NetClass.obj
 0001:000022c1       ?GotoLocalNetwork@NetBrowser@@QAEXXZ 100032c1 f   NetClass.obj
 0001:0000239c       ?SetCursorToShare@NetBrowser@@AAEXPA_W@Z 1000339c f   NetClass.obj
 0001:0000246e       ?RemoveItems@NetBrowser@@AAEXXZ 1000346e f   NetClass.obj
 0001:00002632       ?CreateFavSubFolder@NetBrowser@@QAEXXZ 10003632 f   NetClass.obj
 0001:000026b1       ?Clear@NetResourceList@@QAEXXZ 100036b1 f   NetClass.obj
 0001:000026e4       ?Enumerate@NetResourceList@@QAEHKKKPAU_NETRESOURCEW@@@Z 100036e4 f   NetClass.obj
 0001:0000282d       ?EnumerateNetList@NetBrowser@@AAEHXZ 1000382d f   NetClass.obj
 0001:00002950       ?ConfirmCancelConnection@NetBrowser@@AAEHPA_W0AAH@Z 10003950 f   NetClass.obj
 0001:00002ca5       ?IsResourceReadable@NetBrowser@@SIHAAU_NETRESOURCEW@@@Z 10003ca5 f   NetClass.obj
 0001:00002d07       ?AddConnectionWithLogon@NetBrowser@@SIHPAU_NETRESOURCEW@@PA_W1H@Z 10003d07 f   NetClass.obj
 0001:00002e36       ?AddConnectionFromFavorites@NetBrowser@@SIHPAU_NETRESOURCEW@@H@Z 10003e36 f   NetClass.obj
 0001:00002eaf       ??4NetResourceList@@QAEAAV0@AAV0@@Z 10003eaf f   NetClass.obj
 0001:00002ee5       ??0NetBrowser@@QAE@XZ      10003ee5 f   NetClass.obj
 0001:00002fa3       ??1NetBrowser@@QAE@XZ      10003fa3 f   NetClass.obj
 0001:00002fc4       ?ProcessEvent@NetBrowser@@QAEHHPAX@Z 10003fc4 f   NetClass.obj
 0001:00003065       ?CancelConnection@NetBrowser@@AAEHPB_W@Z 10004065 f   NetClass.obj
 0001:0000323c       ?AddConnectionExplicit@NetBrowser@@SIHPAU_NETRESOURCEW@@H@Z 1000423c f   NetClass.obj
 0001:000032e2       ?GotoComputer@NetBrowser@@AAEHPB_W@Z 100042e2 f   NetClass.obj
 0001:0000346d       ?GetFindData@NetBrowser@@QAEHPAPAUPluginPanelItem@@PAHH@Z 1000446d f   NetClass.obj
 0001:000036dd       ?DeleteFiles@NetBrowser@@QAEHPAUPluginPanelItem@@HH@Z 100046dd f   NetClass.obj
 0001:0000373e       ?ChangeToDirectory@NetBrowser@@AAEHPB_WHH@Z 1000473e f   NetClass.obj
 0001:00003a82       ?MapNetworkDrive@NetBrowser@@AAEHPB_WHH@Z 10004a82 f   NetClass.obj
 0001:00003c20       _ExitFARW@0                10004c20 f   NetClass.obj
 0001:00003c44       ?SetDirectory@NetBrowser@@QAEHPB_WH@Z 10004c44 f   NetClass.obj
 0001:00003e3c       ?ProcessKey@NetBrowser@@QAEHHI@Z 10004e3c f   NetClass.obj
 0001:00004068       ?InitializeNetFunction@@YIXXZ 10005068 f   NetCommon.obj
 0001:000041df       _SetStartupInfoW@4         100051df f   NetCommon.obj
 0001:00004390       _ConfigureW@4              10005390 f   NetCommon.obj
 0001:000043a3       ?DlgCreateFolder@@YIHPA_WH@Z 100053a3 f   NetCommon.obj
 0001:000043c1       ?GetFavorites@@YIHPAU_NETRESOURCEW@@PAVNetResourceList@@@Z 100053c1 f   NetFavorites.obj
 0001:000045f8       ?CheckFavoriteItem@@YIHQAU_NETRESOURCEW@@@Z 100055f8 f   NetFavorites.obj
 0001:00004613       ?GetResourceKey@@YIHPA_WPB_W0PAI@Z 10005613 f   NetFavorites.obj
 0001:000048e1       ?WriteFavoriteItem@@YIXPAU_FAVORITEITEM@@PA_W@Z 100058e1 f   NetFavorites.obj
 0001:0000493e       ?ReadFavoriteItem@@YIHPAU_FAVORITEITEM@@@Z 1000593e f   NetFavorites.obj
 0001:000049b9       ?GetFavoritesParent@@YIHAAU_NETRESOURCEW@@PAU1@@Z 100059b9 f   NetFavorites.obj
 0001:00004af6       ?GetFavoriteResource@@YIHPA_WPAU_NETRESOURCEW@@@Z 10005af6 f   NetFavorites.obj
 0001:00004cec       _EliminateSubKey@8         10005cec f   NetFavorites.obj
 0001:00004d7e       ?AddRef@Unknown@@UAEJXZ    10005d7e f i NetFavorites.obj
 0001:00004d89       ?Release@Unknown@@UAEJXZ   10005d89 f i NetFavorites.obj
 0001:00004dae       ??_EUnknown@@MAEPAXI@Z     10005dae f i NetFavorites.obj
 0001:00004dae       ??_GUnknown@@MAEPAXI@Z     10005dae f i NetFavorites.obj
 0001:00004dcb       ??1RegParser@@MAE@XZ       10005dcb f i NetFavorites.obj
 0001:00004df6       ?init@RegParser@@QAE_NPAV1@PB_W_N@Z 10005df6 f i NetFavorites.obj
 0001:00004ed1       ?parsePath@RegParser@@QAE_NPA_W_NPAPAV1@@Z 10005ed1 f i NetFavorites.obj
 0001:00004fdb       ??_GRegParser@@MAEPAXI@Z   10005fdb f i NetFavorites.obj
 0001:00004fdb       ??_ERegParser@@MAEPAXI@Z   10005fdb f i NetFavorites.obj
 0001:00004ff7       ?GetFavoriteRoot@@YI_NPAPAVRegParser@@@Z 10005ff7 f   NetFavorites.obj
 0001:00005050       ?CreateSubFolder@@YIHPA_W0@Z 10006050 f   NetFavorites.obj
 0001:000050fc       ?RemoveFromFavorites@@YIHPA_WP6GK0PAX@Z1@Z 100060fc f   NetFavorites.obj
 0001:00005178       ?GetMsg@@YIPA_WH@Z         10006178 f   NetMix.obj
 0001:00005186       ?InitDialogItems@@YIXPAUInitDialogItem@@PAUFarDialogItem@@H@Z 10006186 f   NetMix.obj
 0001:000051fd       ??0TSaveScreen@@QAE@XZ     100061fd f   NetMix.obj
 0001:00005255       ??1TSaveScreen@@QAE@XZ     10006255 f   NetMix.obj
 0001:0000526f       ?GetHideShareNT@NetBrowser@@AAEXXZ 1000626f f   NetNT.obj
 0001:0000543b       ?GetHideShare95@NetBrowser@@AAEXXZ 1000643b f   NetNT.obj
 0001:0000561b       ?CreateRegKey@@YIPAUHKEY__@@PAU1@PB_W@Z 1000661b f   NetReg.obj
 0001:0000567c       ?OpenRegKey@@YIPAUHKEY__@@PAU1@PB_WK@Z 1000667c f   NetReg.obj
 0001:000056da       ?OpenRegKey@@YIPAUHKEY__@@PAU1@PB_W@Z 100066da f   NetReg.obj
 0001:000056e2       ?SetRegKey@@YIXPAUHKEY__@@PB_W11@Z 100066e2 f   NetReg.obj
 0001:00005717       ?SetRegKey@@YIXPAUHKEY__@@PB_W1K@Z 10006717 f   NetReg.obj
 0001:00005740       ?GetRegKey@@YIHPAUHKEY__@@PB_W1PA_W1K@Z 10006740 f   NetReg.obj
 0001:00005790       ?GetRegKey@@YIHPAUHKEY__@@PB_W1AAHK@Z 10006790 f   NetReg.obj
 0001:000057e4       ?GetRegKey@@YIHPAUHKEY__@@PB_W1K@Z 100067e4 f   NetReg.obj
 0001:00005800       _wcschr                    10006800 f   libCRT:strchr.obj
 0001:00005830       ??3@YAXPAX@Z               10006830 f   libCRT:delete.obj
 0001:00005840       ??2@YAPAXI@Z               10006840 f   libCRT:new.obj
 0001:00005850       _memset                    10006850 f   libCRT:memset.obj
 0001:00005890       _wcsstr                    10006890 f   libCRT:strstr.obj
 0001:000058f0       _free                      100068f0 f   libCRT:free.obj
 0001:00005910       _wcsdup                    10006910 f   libCRT:strdup.obj
 0001:00005940       _realloc                   10006940 f   libCRT:realloc.obj
 0001:00005990       _malloc                    10006990 f   libCRT:malloc.obj
 0001:000059b0       _wcsncmp                   100069b0 f   libCRT:strncmp.obj
 0001:00005a00       _wcsrchr                   10006a00 f   libCRT:strrchr.obj
 0001:00005a30       ??_U@YAPAXI@Z              10006a30 f   libCRT:new_array.obj
 0001:00005a36       _WNetAddConnection2W@16    10006a36 f   mpr:MPR.dll
 0001:00005a3c       _WNetCancelConnection2W@12 10006a3c f   mpr:MPR.dll
 0001:00005a42       _WNetCloseEnum@4           10006a42 f   mpr:MPR.dll
 0001:00005a48       _WNetEnumResourceW@16      10006a48 f   mpr:MPR.dll
 0001:00005a4e       _WNetOpenEnumW@20          10006a4e f   mpr:MPR.dll
 0001:00005a54       __IMPORT_DESCRIPTOR_KERNEL32 10006a54     kernel32:KERNEL32.dll
 0001:00005a68       __IMPORT_DESCRIPTOR_USER32 10006a68     user32:USER32.dll
 0001:00005a7c       __IMPORT_DESCRIPTOR_ADVAPI32 10006a7c     advapi32:ADVAPI32.dll
 0001:00005a90       __IMPORT_DESCRIPTOR_MPR    10006a90     mpr:MPR.dll
 0001:00005aa4       __NULL_IMPORT_DESCRIPTOR   10006aa4     kernel32:KERNEL32.dll
 0002:00000000       ?StrAddToDisksMenu@@3PB_WB 10008000     NetCfg.obj
 0002:00000004       ?StrAddToPluginsMenu@@3PB_WB 10008004     NetCfg.obj
 0002:00000008       ?StrDisksMenuDigit@@3PB_WB 10008008     NetCfg.obj
 0002:0000000c       ?StrHelpNetBrowse@@3PB_WB  1000800c     NetCfg.obj
 0002:00000010       ?StrNTHiddenShare@@3PB_WB  10008010     NetCfg.obj
 0002:00000014       ?StrShowPrinters@@3PB_WB   10008014     NetCfg.obj
 0002:00000018       ?StrLocalNetwork@@3PB_WB   10008018     NetCfg.obj
 0002:0000001c       ?StrDisconnectMode@@3PB_WB 1000801c     NetCfg.obj
 0002:00000020       ?StrRemoveConnection@@3PB_WB 10008020     NetCfg.obj
 0002:00000024       ?StrHiddenSharesAsHidden@@3PB_WB 10008024     NetCfg.obj
 0002:00000028       ?StrFullPathShares@@3PB_WB 10008028     NetCfg.obj
 0002:0000002c       ?StrFavoritesFlags@@3PB_WB 1000802c     NetCfg.obj
 0002:00000030       ?StrNoRootDoublePoint@@3PB_WB 10008030     NetCfg.obj
 0002:00000034       ?StrNavigateToDomains@@3PB_WB 10008034     NetCfg.obj
 0002:00000038       ?StrPanelMode@@3PB_WB      10008038     NetCfg.obj
 0002:00000190       ?IsFirstRun@@3HA           10008190     NetCommon.obj
 0002:00000194       ?szFavProv@@3PA_WA         10008194     NetFavorites.obj
 0002:000001c4       ?g_szInvalidChars@@3PB_WB  100081c4     NetFavorites.obj
 0002:000001c8       ?FmtSSS@@3PB_WB            100081c8     NetReg.obj
 0002:000001e0       ?CommonRootResources@@3PAVNetResourceList@@A 100081e0     NetClass.obj
 0002:000001e4       ?SavedCommonRootResources@@3HA 100081e4     NetClass.obj
 0002:00000bc0       ?CommonCurResource@@3U_NETRESOURCEW@@A 10008bc0     NetCommon.obj
 0002:00000be0       ?FNetDfsGetInfo@@3P6GKPA_W00KPAPAE@ZA 10008be0     NetCommon.obj
 0002:00000be4       ?Opt@@3UOptions@@A         10008be4     NetCommon.obj
 0002:00000c18       ?Info@@3UPluginStartupInfo@@A 10008c18     NetCommon.obj
 0002:00000ca0       ?WinVer@@3U_OSVERSIONINFOW@@A 10008ca0     NetCommon.obj
 0002:00000db8       ?FarRootKey@@3PA_WA        10008db8     NetCommon.obj
 0002:00000fc0       ?PluginRootKey@@3PA_WA     10008fc0     NetCommon.obj
 0002:00001060       ?FSF@@3UFarStandardFunctions@@A 10009060     NetCommon.obj
 0002:00001144       ?PCommonCurResource@@3PAU_NETRESOURCEW@@A 10009144     NetCommon.obj
 0002:00001148       ?hMpr32@@3PAUHINSTANCE__@@A 10009148     NetCommon.obj
 0002:0000114c       ?hNetApi@@3PAUHINSTANCE__@@A 1000914c     NetCommon.obj
 0002:00001150       ?hSvrApi@@3PAUHINSTANCE__@@A 10009150     NetCommon.obj
 0002:00001154       ?FWNetGetResourceInformation@@3P6GKPAU_NETRESOURCEW@@PAXPAKPAPA_W@ZA 10009154     NetCommon.obj
 0002:00001158       ?FNetApiBufferFree@@3P6GKPAX@ZA 10009158     NetCommon.obj
 0002:0000115c       ?FNetShareEnum@@3P6GKPA_WKPAPAEKPAK22@ZA 1000915c     NetCommon.obj
 0002:00001160       ?FNetShareEnum95@@3P6GKPB_WFPA_WGPAG2@ZA 10009160     NetCommon.obj
 0002:00001164       ?FWNetGetResourceParent@@3P6GKPAU_NETRESOURCEW@@PAXPAK@ZA 10009164     NetCommon.obj
 0002:00001168       ?UsedNetFunctions@@3HA     10009168     NetCommon.obj

 entry point at        0000:00000000

 Static symbols

