 Arj

 Timestamp is 4b85b2c4 (Thu Feb 25 00:14:12 2010)

 Preferred load address is 10000000

 Start         Length     Name                   Class
 0001:00000000 00000028H .idata$5                CODE
 0001:00000028 00000288H .rdata                  CODE
 0001:000002b0 00000516H .text                   CODE
 0001:000007c8 00000014H .idata$2                CODE
 0001:000007dc 00000014H .idata$3                CODE
 0001:000007f0 00000028H .idata$4                CODE
 0001:00000818 000000a0H .idata$6                CODE
 0001:000008c0 000000cfH .edata                  CODE
 0002:00000000 0000006cH .data                   DATA
 0002:00000070 00000428H .bss                    DATA
 0003:00000000 00000058H .rsrc$01                DATA
 0003:00000060 00000388H .rsrc$02                DATA

  Address         Publics by Value              Rva+Base       Lib:Object

 0000:00000000       ___safe_se_handler_table   00000000     <absolute>
 0000:00000000       ___safe_se_handler_count   00000000     <absolute>
 0001:00000000       __imp__ReadFile@20         10001000     kernel32:KERNEL32.dll
 0001:00000004       __imp__SetFilePointer@16   10001004     kernel32:KERNEL32.dll
 0001:00000008       __imp__GetFileSize@8       10001008     kernel32:KERNEL32.dll
 0001:0000000c       __imp__CreateFileA@28      1000100c     kernel32:KERNEL32.dll
 0001:00000010       __imp__LocalFileTimeToFileTime@8 10001010     kernel32:KERNEL32.dll
 0001:00000014       __imp__DosDateTimeToFileTime@12 10001014     kernel32:KERNEL32.dll
 0001:00000018       __imp__lstrcpyA@8          10001018     kernel32:KERNEL32.dll
 0001:0000001c       __imp__lstrlenA@4          1000101c     kernel32:KERNEL32.dll
 0001:00000020       __imp__CloseHandle@4       10001020     kernel32:KERNEL32.dll
 0001:00000024       \177KERNEL32_NULL_THUNK_DATA 10001024     kernel32:KERNEL32.dll
 0001:00000028       ??_C@_05LKMDHMJN@WIN32?$AA@ 10001028     Arj.obj
 0001:00000030       ??_C@_05PIBFGPIM@WIN95?$AA@ 10001030     Arj.obj
 0001:00000038       ??_C@_07MNEGEBPO@VAX?5VMS?$AA@ 10001038     Arj.obj
 0001:00000040       ??_C@_04MOKMKBJN@NEXT?$AA@ 10001040     Arj.obj
 0001:00000048       ??_C@_08OHLFELKH@ATARI?5ST?$AA@ 10001048     Arj.obj
 0001:00000054       ??_C@_08KBEMBKG@APPLE?5GS?$AA@ 10001054     Arj.obj
 0001:00000060       ??_C@_04OEKHDCJK@OS?12?$AA@ 10001060     Arj.obj
 0001:00000068       ??_C@_06CEBAHMOB@MAC?9OS?$AA@ 10001068     Arj.obj
 0001:00000070       ??_C@_05FAPBOJNL@AMIGA?$AA@ 10001070     Arj.obj
 0001:00000078       ??_C@_04LPMMAGEE@UNIX?$AA@ 10001078     Arj.obj
 0001:00000080       ??_C@_06NGMNBOHI@PRIMOS?$AA@ 10001080     Arj.obj
 0001:00000088       ??_C@_05HMGOPJPF@MSDOS?$AA@ 10001088     Arj.obj
 0001:00000090       ??_C@_03JFEGIPJG@arj?$AA@  10001090     Arj.obj
 0001:00000094       ??_C@_03JILNECOK@ARJ?$AA@  10001094     Arj.obj
 0001:00000098       ??_C@_0CK@FEJAHKGO@arj32?5x?5?9?$CL?5?$HL?9g?$CF?$CFP?$HN?5?9v?5?9y?5?9p1?5?9?9?5@ 10001098     Arj.obj
 0001:000000c4       ??_C@_0CK@GIFBCFBO@arj32?5e?5?9?$CL?5?$HL?9g?$CF?$CFP?$HN?5?9v?5?9y?5?9p1?5?9?9?5@ 100010c4     Arj.obj
 0001:000000f0       ??_C@_0CE@JPJHMIAF@arj32?5t?5?9?$CL?5?9y?5?$HL?9g?$CF?$CFP?$HN?5?9v?5?9p1?5?9?9?5@ 100010f0     Arj.obj
 0001:00000114       ??_C@_0CI@ECCHAOPG@arj32?5d?5?9?$CL?5?9y?5?$HL?9w?$CF?$CFW?$HN?5?9p1?5?9?9?5?$CF?$CFA@ 10001114     Arj.obj
 0001:0000013c       ??_C@_0CA@EAILPDHA@arj32?5c?5?9?$CL?5?9y?5?$HL?9w?$CF?$CFW?$HN?5?9z?5?9?9?5?$CF?$CFA?$AA@ 1000113c     Arj.obj
 0001:0000015c       ??_C@_0CH@DGALAGBO@arj32?5c?5?9?$CL?5?9y?5?$HL?9w?$CF?$CFW?$HN?5?9p1?5?9?9?5?$CF?$CFA@ 1000115c     Arj.obj
 0001:00000184       ??_C@_0BJ@FHBKIOHK@arj32?5y?5?9?$CL?5?9je?5?9y?5?9p?5?$CF?$CFA?$AA@ 10001184     Arj.obj
 0001:0000019d       ??_C@_00CNPNBAHC@?$AA@     1000119d     Arj.obj
 0001:000001a0       ??_C@_0BD@KMPDHKGC@arj32?5t?5?9hk?5?9y?5?$CF?$CFA?$AA@ 100011a0     Arj.obj
 0001:000001b4       ??_C@_0P@KNIIIHKI@arj32?5q?5?9y?5?$CF?$CFA?$AA@ 100011b4     Arj.obj
 0001:000001c4       ??_C@_0DI@FBOPMJN@arj32?5a?5?9?$CL?5?9y?5?9a1?5?$HL?9g?$CF?$CFP?$HN?5?$HL?9w?$CF?$CFW@ 100011c4     Arj.obj
 0001:000001fc       ??_C@_0DI@ICOHELJE@arj32?5m?5?9?$CL?5?9y?5?9a1?5?$HL?9g?$CF?$CFP?$HN?5?$HL?9w?$CF?$CFW@ 100011fc     Arj.obj
 0001:00000234       ??_C@_0DL@DFOKFEKG@arj32?5a?5?9?$CL?5?9r?5?9y?5?9a1?5?$HL?9g?$CF?$CFP?$HN?5?$HL?9w@ 10001234     Arj.obj
 0001:00000270       ??_C@_0DL@FFNOBNGJ@arj32?5m?5?9?$CL?5?9r?5?9y?5?9a1?5?$HL?9g?$CF?$CFP?$HN?5?$HL?9w@ 10001270     Arj.obj
 0001:000002ac       ??_C@_03EMIMMIHL@?$CK?4?$CK?$AA@ 100012ac     Arj.obj
 0001:000002b0       __chkstk                   100012b0 f   chkstk.obj
 0001:000002b0       __alloca_probe             100012b0     chkstk.obj
 0001:000002db       _IsArchive@12              100012db f   Arj.obj
 0001:000003bc       _OpenArchive@8             100013bc f   Arj.obj
 0001:000004e1       _GetArcItem@8              100014e1 f   Arj.obj
 0001:00000727       _CloseArchive@4            10001727 f   Arj.obj
 0001:00000766       _GetSFXPos@0               10001766 f   Arj.obj
 0001:0000076c       _GetFormatName@12          1000176c f   Arj.obj
 0001:0000079b       _GetDefaultCommands@12     1000179b f   Arj.obj
 0001:000007c8       __IMPORT_DESCRIPTOR_KERNEL32 100017c8     kernel32:KERNEL32.dll
 0001:000007dc       __NULL_IMPORT_DESCRIPTOR   100017dc     kernel32:KERNEL32.dll
 0002:00000490       ?CRC@@3KA                  10002490     Arj.obj

 entry point at        0000:00000000

 Static symbols

