 Ha

 Timestamp is 4b85b2c7 (Thu Feb 25 00:14:15 2010)

 Preferred load address is 10000000

 Start         Length     Name                   Class
 0001:00000000 00000028H .idata$5                CODE
 0001:00000028 000000b8H .rdata                  CODE
 0001:000000e0 00000374H .text                   CODE
 0001:00000454 00000014H .idata$2                CODE
 0001:00000468 00000014H .idata$3                CODE
 0001:0000047c 00000028H .idata$4                CODE
 0001:000004a4 00000086H .idata$6                CODE
 0001:00000530 000000cfH .edata                  CODE
 0002:00000000 00000040H .data                   DATA
 0002:00000040 0000000cH .bss                    DATA
 0003:00000000 00000058H .rsrc$01                DATA
 0003:00000060 00000388H .rsrc$02                DATA

  Address         Publics by Value              Rva+Base       Lib:Object

 0000:00000000       ___safe_se_handler_count   00000000     <absolute>
 0000:00000000       ___safe_se_handler_table   00000000     <absolute>
 0001:00000000       __imp__GetFileSize@8       10001000     kernel32:KERNEL32.dll
 0001:00000004       __imp__CreateFileA@28      10001004     kernel32:KERNEL32.dll
 0001:00000008       __imp__lstrcatA@8          10001008     kernel32:KERNEL32.dll
 0001:0000000c       __imp__lstrcpynA@12        1000100c     kernel32:KERNEL32.dll
 0001:00000010       __imp__lstrlenA@4          10001010     kernel32:KERNEL32.dll
 0001:00000014       __imp__ReadFile@20         10001014     kernel32:KERNEL32.dll
 0001:00000018       __imp__SetFilePointer@16   10001018     kernel32:KERNEL32.dll
 0001:0000001c       __imp__CloseHandle@4       1000101c     kernel32:KERNEL32.dll
 0001:00000020       __imp__lstrcpyA@8          10001020     kernel32:KERNEL32.dll
 0001:00000024       \177KERNEL32_NULL_THUNK_DATA 10001024     kernel32:KERNEL32.dll
 0001:00000028       ??_C@_01KICIPPFI@?2?$AA@   10001028     Ha.obj
 0001:0000002c       ??_C@_02DKJMOGJD@ha?$AA@   1000102c     Ha.obj
 0001:00000030       ??_C@_02JHFFIENB@HA?$AA@   10001030     Ha.obj
 0001:00000034       ??_C@_0BB@BGHJBH@ha?5xay?5?$CF?$CFa?5?$CF?$CFFMQ?$AA@ 10001034     Ha.obj
 0001:00000048       ??_C@_0BB@NBFODFCA@ha?5eay?5?$CF?$CFa?5?$CF?$CFFMQ?$AA@ 10001048     Ha.obj
 0001:0000005c       ??_C@_0P@CPNELCNN@ha?5t?5?$CF?$CFa?5?$CF?$CFFMQ?$AA@ 1000105c     Ha.obj
 0001:0000006c       ??_C@_0P@CDMMFPCB@ha?5d?5?$CF?$CFa?5?$CF?$CFFMQ?$AA@ 1000106c     Ha.obj
 0001:0000007b       ??_C@_00CNPNBAHC@?$AA@     1000107b     Ha.obj
 0001:0000007c       ??_C@_0BF@MJBPOANN@ha?5as2?$HL?$CF?$CFS?$HN?5?$CF?$CFa?5?$CF?$CFFQ?$AA@ 1000107c     Ha.obj
 0001:00000094       ??_C@_0BG@NGPPCIAK@ha?5asm2?$HL?$CF?$CFS?$HN?5?$CF?$CFa?5?$CF?$CFFQ?$AA@ 10001094     Ha.obj
 0001:000000ac       ??_C@_0BH@IOEDNIEH@ha?5asr2?$HL?$CF?$CFS?$HN?5?$CF?$CFa?5?$CF?$CFFMQ?$AA@ 100010ac     Ha.obj
 0001:000000c4       ??_C@_0BI@NFIFNOPN@ha?5asmr2?$HL?$CF?$CFS?$HN?5?$CF?$CFa?5?$CF?$CFFMQ?$AA@ 100010c4     Ha.obj
 0001:000000dc       ??_C@_03EMIMMIHL@?$CK?4?$CK?$AA@ 100010dc     Ha.obj
 0001:000000e0       __chkstk                   100010e0 f   chkstk.obj
 0001:000000e0       __alloca_probe             100010e0     chkstk.obj
 0001:0000010b       ?UnixTimeToFileTime@@YGXKPAU_FILETIME@@@Z 1000110b f   Ha.obj
 0001:00000133       _SetFarInfo@4              10001133 f   Ha.obj
 0001:00000136       _IsArchive@12              10001136 f   Ha.obj
 0001:00000173       _OpenArchive@8             10001173 f   Ha.obj
 0001:000001c2       _GetArcItem@8              100011c2 f   Ha.obj
 0001:00000386       _CloseArchive@4            10001386 f   Ha.obj
 0001:00000395       _GetFormatName@12          10001395 f   Ha.obj
 0001:000003c4       _GetDefaultCommands@12     100013c4 f   Ha.obj
 0001:000003f0       _strrchr                   100013f0 f   libCRT:strrchr.obj
 0001:00000420       __allmul                   10001420 f   libCRT:vc_llmul.obj
 0001:00000454       __IMPORT_DESCRIPTOR_KERNEL32 10001454     kernel32:KERNEL32.dll
 0001:00000468       __NULL_IMPORT_DESCRIPTOR   10001468     kernel32:KERNEL32.dll

 entry point at        0000:00000000

 Static symbols

