 Rar

 Timestamp is 4b85b2cb (Thu Feb 25 00:14:19 2010)

 Preferred load address is 10000000

 Start         Length     Name                   Class
 0001:00000000 00000048H .idata$5                CODE
 0001:00000048 000002a4H .rdata                  CODE
 0001:000002f0 00000dfaH .text                   CODE
 0001:000010ec 00000028H .idata$2                CODE
 0001:00001114 00000014H .idata$3                CODE
 0001:00001128 00000048H .idata$4                CODE
 0001:00001170 0000011eH .idata$6                CODE
 0001:00001290 000000e4H .edata                  CODE
 0002:00000000 00000040H .data                   DATA
 0002:00000040 000029bcH .bss                    DATA
 0003:00000000 00000058H .rsrc$01                DATA
 0003:00000060 00000388H .rsrc$02                DATA

  Address         Publics by Value              Rva+Base       Lib:Object

 0000:00000000       ___safe_se_handler_table   00000000     <absolute>
 0000:00000000       ___safe_se_handler_count   00000000     <absolute>
 0001:00000000       __imp__lstrcpynA@12        10001000     kernel32:KERNEL32.dll
 0001:00000004       __imp__CloseHandle@4       10001004     kernel32:KERNEL32.dll
 0001:00000008       __imp__ReadFile@20         10001008     kernel32:KERNEL32.dll
 0001:0000000c       __imp__SetFilePointer@16   1000100c     kernel32:KERNEL32.dll
 0001:00000010       __imp__GetFileSize@8       10001010     kernel32:KERNEL32.dll
 0001:00000014       __imp__CreateFileA@28      10001014     kernel32:KERNEL32.dll
 0001:00000018       __imp__FreeLibrary@4       10001018     kernel32:KERNEL32.dll
 0001:0000001c       __imp__GetProcAddress@8    1000101c     kernel32:KERNEL32.dll
 0001:00000020       __imp__LoadLibraryExA@12   10001020     kernel32:KERNEL32.dll
 0001:00000024       __imp__lstrcpyA@8          10001024     kernel32:KERNEL32.dll
 0001:00000028       __imp__lstrlenA@4          10001028     kernel32:KERNEL32.dll
 0001:0000002c       __imp__GetLastError@0      1000102c     kernel32:KERNEL32.dll
 0001:00000030       __imp__LocalFileTimeToFileTime@8 10001030     kernel32:KERNEL32.dll
 0001:00000034       __imp__DosDateTimeToFileTime@12 10001034     kernel32:KERNEL32.dll
 0001:00000038       __imp__WideCharToMultiByte@32 10001038     kernel32:KERNEL32.dll
 0001:0000003c       \177KERNEL32_NULL_THUNK_DATA 1000103c     kernel32:KERNEL32.dll
 0001:00000040       __imp__OemToCharA@8        10001040     user32:USER32.dll
 0001:00000044       \177USER32_NULL_THUNK_DATA 10001044     user32:USER32.dll
 0001:00000048       ??_C@_04PNEGMAJA@BeOS?$AA@ 10001048     Rar.obj
 0001:00000050       ??_C@_05JKGKIFJE@MacOS?$AA@ 10001050     Rar.obj
 0001:00000058       ??_C@_04LCDHMLDI@Unix?$AA@ 10001058     Rar.obj
 0001:00000060       ??_C@_07LDLFNPGN@Windows?$AA@ 10001060     Rar.obj
 0001:00000068       ??_C@_04OEKHDCJK@OS?12?$AA@ 10001068     Rar.obj
 0001:00000070       ??_C@_03CAJNCLOD@DOS?$AA@  10001070     Rar.obj
 0001:00000098       ??_C@_0P@GEIDMNGE@RARProcessFile?$AA@ 10001098     Rar.obj
 0001:000000a8       ??_C@_0BA@DLBPKLPK@RARReadHeaderEx?$AA@ 100010a8     Rar.obj
 0001:000000b8       ??_C@_0P@EKBJKPGL@RARSetCallback?$AA@ 100010b8     Rar.obj
 0001:000000c8       ??_C@_0BA@LLFLMDOK@RARCloseArchive?$AA@ 100010c8     Rar.obj
 0001:000000d8       ??_C@_0BB@JMIOBLGP@RAROpenArchiveEx?$AA@ 100010d8     Rar.obj
 0001:000000ec       ??_C@_03ELJBPCJH@rar?$AA@  100010ec     Rar.obj
 0001:000000f0       ??_C@_03EGGKDPOL@RAR?$AA@  100010f0     Rar.obj
 0001:000000f4       ??_C@_0DA@LNFKHPHD@rar?5x?5?$HL?9p?$CF?$CFP?$HN?5?$HL?9ap?$CF?$CFR?$HN?5?9y?5?9c?9?5?9k@ 100010f4     Rar.obj
 0001:00000124       ??_C@_0CH@GDJHECHO@rar?5e?5?$HL?9p?$CF?$CFP?$HN?5?9y?5?9c?9?5?9kb?5?9?9?5?$CF?$CFA?5@ 10001124     Rar.obj
 0001:0000014c       ??_C@_0BI@ENHJGJHJ@rar?5t?5?9y?5?$HL?9p?$CF?$CFP?$HN?5?9?9?5?$CF?$CFA?$AA@ 1000114c     Rar.obj
 0001:00000164       ??_C@_0BP@FJDJONGA@rar?5d?5?9y?5?$HL?9w?$CF?$CFW?$HN?5?9?9?5?$CF?$CFA?5?$EA?$CF?$CFLNM?$AA@ 10001164     Rar.obj
 0001:00000184       ??_C@_0BI@NDFEHJOO@rar?5c?5?9y?5?$HL?9w?$CF?$CFW?$HN?5?9?9?5?$CF?$CFA?$AA@ 10001184     Rar.obj
 0001:0000019c       ??_C@_0CA@OKFMLPB@rar?5cf?5?9y?5?$HL?9w?$CF?$CFW?$HN?5?9?9?5?$CF?$CFA?5?$EA?$CF?$CFLNM?$AA@ 1000119c     Rar.obj
 0001:000001bc       ??_C@_0BA@FGDEAHFO@rar?5s?5?9y?5?9?9?5?$CF?$CFA?$AA@ 100011bc     Rar.obj
 0001:000001cc       ??_C@_0BA@FMCAJMFM@rar?5k?5?9y?5?9?9?5?$CF?$CFA?$AA@ 100011cc     Rar.obj
 0001:000001dc       ??_C@_0BB@GNAOFNDN@rar?5rr?5?9y?5?9?9?5?$CF?$CFA?$AA@ 100011dc     Rar.obj
 0001:000001f0       ??_C@_0BA@MNJBELDB@rar?5r?5?9y?5?9?9?5?$CF?$CFA?$AA@ 100011f0     Rar.obj
 0001:00000200       ??_C@_0DF@FIBNKNNA@rar?5a?5?9y?5?$HL?9p?$CF?$CFP?$HN?5?$HL?9ap?$CF?$CFR?$HN?5?$HL?9w?$CF?$CFW@ 10001200     Rar.obj
 0001:00000238       ??_C@_0DF@KJAJHGEB@rar?5m?5?9y?5?$HL?9p?$CF?$CFP?$HN?5?$HL?9ap?$CF?$CFR?$HN?5?$HL?9w?$CF?$CFW@ 10001238     Rar.obj
 0001:00000270       ??_C@_0DJ@LJNHOGHI@rar?5a?5?9r0?5?9y?5?$HL?9p?$CF?$CFP?$HN?5?$HL?9ap?$CF?$CFR?$HN?5?$HL?9@ 10001270     Rar.obj
 0001:000002ac       ??_C@_0DJ@NJODKPLH@rar?5m?5?9r0?5?9y?5?$HL?9p?$CF?$CFP?$HN?5?$HL?9ap?$CF?$CFR?$HN?5?$HL?9@ 100012ac     Rar.obj
 0001:000002e8       ??_C@_03EMIMMIHL@?$CK?4?$CK?$AA@ 100012e8     Rar.obj
 0001:000002f0       __alloca_probe             100012f0     chkstk.obj
 0001:000002f0       __chkstk                   100012f0 f   chkstk.obj
 0001:0000031b       _SetFarInfo@4              1000131b f   Rar.obj
 0001:00000360       ?CallbackProc@@YGHIJJJ@Z   10001360 f   Rar.obj
 0001:000003c9       _IsArchive@12              100013c9 f   Rar.obj
 0001:0000047b       _OpenArchive@8             1000147b f   Rar.obj
 0001:0000072a       _CloseArchive@4            1000172a f   Rar.obj
 0001:0000079d       _GetSFXPos@0               1000179d f   Rar.obj
 0001:000007a3       _GetFormatName@12          100017a3 f   Rar.obj
 0001:000007d2       _GetDefaultCommands@12     100017d2 f   Rar.obj
 0001:000007fd       ?DecodeFileName@@YIXPBDPAEHPA_WH@Z 100017fd f   Rar.obj
 0001:00000934       ?UtfToWide@@YIXPBDPA_WH@Z  10001934 f   Rar.obj
 0001:00000a85       _GetArcItem@8              10001a85 f   Rar.obj
 0001:000010b0       _memset                    100020b0 f   libCRT:memset.obj
 0001:000010ec       __IMPORT_DESCRIPTOR_KERNEL32 100020ec     kernel32:KERNEL32.dll
 0001:00001100       __IMPORT_DESCRIPTOR_USER32 10002100     user32:USER32.dll
 0001:00001114       __NULL_IMPORT_DESCRIPTOR   10002114     kernel32:KERNEL32.dll

 entry point at        0000:00000000

 Static symbols

