 ftpDirList

 Timestamp is 4b85b211 (Thu Feb 25 00:11:13 2010)

 Preferred load address is 10000000

 Start         Length     Name                   Class
 0001:00000000 0000014cH .idata$5                CODE
 0001:0000014c 00000004H .CRT$XCA                CODE
 0001:00000150 00000004H .CRT$XCZ                CODE
 0001:00000154 00000004H .CRT$XIA                CODE
 0001:00000158 00000014H .CRT$XIC                CODE
 0001:0000016c 00000004H .CRT$XIZ                CODE
 0001:00000170 00000004H .CRT$XPA                CODE
 0001:00000174 00000004H .CRT$XPX                CODE
 0001:00000178 00000004H .CRT$XPXA               CODE
 0001:0000017c 00000004H .CRT$XPZ                CODE
 0001:00000180 00000004H .CRT$XTA                CODE
 0001:00000184 00000004H .CRT$XTZ                CODE
 0001:00000188 000015d8H .rdata                  CODE
 0001:00001760 0000000cH .rdata$sxdata           CODE
 0001:0000176c 00000004H .rtc$IAA                CODE
 0001:00001770 00000004H .rtc$IZZ                CODE
 0001:00001774 00000004H .rtc$TAA                CODE
 0001:00001778 00000004H .rtc$TZZ                CODE
 0001:00001780 0000da56H .text                   CODE
 0001:0000f1d8 000003ecH .xdata$x                CODE
 0001:0000f5c4 00000014H .idata$2                CODE
 0001:0000f5d8 00000014H .idata$3                CODE
 0001:0000f5ec 0000014cH .idata$4                CODE
 0001:0000f738 000005f6H .idata$6                CODE
 0001:0000fd30 00000053H .edata                  CODE
 0002:00000000 0000113cH .data                   DATA
 0002:00001140 00001c04H .bss                    DATA
 0003:00000000 00000058H .rsrc$01                DATA
 0003:00000060 00000370H .rsrc$02                DATA

  Address         Publics by Value              Rva+Base       Lib:Object

 0000:00000000       __except_list              00000000     <absolute>
 0000:00000003       ___safe_se_handler_count   00000003     <absolute>
 0000:00000000       ___ImageBase               10000000     <linker-defined>
 0001:00000000       __imp__FileTimeToSystemTime@8 10001000     kernel32:KERNEL32.dll
 0001:00000004       __imp__FileTimeToLocalFileTime@8 10001004     kernel32:KERNEL32.dll
 0001:00000008       __imp__CompareFileTime@8   10001008     kernel32:KERNEL32.dll
 0001:0000000c       __imp__LocalFileTimeToFileTime@8 1000100c     kernel32:KERNEL32.dll
 0001:00000010       __imp__SystemTimeToFileTime@8 10001010     kernel32:KERNEL32.dll
 0001:00000014       __imp__GetLocalTime@4      10001014     kernel32:KERNEL32.dll
 0001:00000018       __imp__GetSystemTime@4     10001018     kernel32:KERNEL32.dll
 0001:0000001c       __imp__GetCurrentThreadId@0 1000101c     kernel32:KERNEL32.dll
 0001:00000020       __imp__GetCommandLineA@0   10001020     kernel32:KERNEL32.dll
 0001:00000024       __imp__HeapFree@12         10001024     kernel32:KERNEL32.dll
 0001:00000028       __imp__GetVersionExA@4     10001028     kernel32:KERNEL32.dll
 0001:0000002c       __imp__HeapAlloc@12        1000102c     kernel32:KERNEL32.dll
 0001:00000030       __imp__GetProcessHeap@0    10001030     kernel32:KERNEL32.dll
 0001:00000034       __imp__GetCPInfo@8         10001034     kernel32:KERNEL32.dll
 0001:00000038       __imp__InterlockedIncrement@4 10001038     kernel32:KERNEL32.dll
 0001:0000003c       __imp__InterlockedDecrement@4 1000103c     kernel32:KERNEL32.dll
 0001:00000040       __imp__GetACP@0            10001040     kernel32:KERNEL32.dll
 0001:00000044       __imp__GetOEMCP@0          10001044     kernel32:KERNEL32.dll
 0001:00000048       __imp__IsValidCodePage@4   10001048     kernel32:KERNEL32.dll
 0001:0000004c       __imp__GetModuleHandleA@4  1000104c     kernel32:KERNEL32.dll
 0001:00000050       __imp__GetProcAddress@8    10001050     kernel32:KERNEL32.dll
 0001:00000054       __imp__TlsGetValue@4       10001054     kernel32:KERNEL32.dll
 0001:00000058       __imp__TlsAlloc@0          10001058     kernel32:KERNEL32.dll
 0001:0000005c       __imp__TlsSetValue@8       1000105c     kernel32:KERNEL32.dll
 0001:00000060       __imp__TlsFree@4           10001060     kernel32:KERNEL32.dll
 0001:00000064       __imp__SetLastError@4      10001064     kernel32:KERNEL32.dll
 0001:00000068       __imp__GetLastError@0      10001068     kernel32:KERNEL32.dll
 0001:0000006c       __imp__LCMapStringA@24     1000106c     kernel32:KERNEL32.dll
 0001:00000070       __imp__WideCharToMultiByte@32 10001070     kernel32:KERNEL32.dll
 0001:00000074       __imp__MultiByteToWideChar@24 10001074     kernel32:KERNEL32.dll
 0001:00000078       __imp__LCMapStringW@24     10001078     kernel32:KERNEL32.dll
 0001:0000007c       __imp__TerminateProcess@8  1000107c     kernel32:KERNEL32.dll
 0001:00000080       __imp__GetCurrentProcess@0 10001080     kernel32:KERNEL32.dll
 0001:00000084       __imp__UnhandledExceptionFilter@4 10001084     kernel32:KERNEL32.dll
 0001:00000088       __imp__SetUnhandledExceptionFilter@4 10001088     kernel32:KERNEL32.dll
 0001:0000008c       __imp__IsDebuggerPresent@0 1000108c     kernel32:KERNEL32.dll
 0001:00000090       __imp__GetTimeZoneInformation@4 10001090     kernel32:KERNEL32.dll
 0001:00000094       __imp__ExitProcess@4       10001094     kernel32:KERNEL32.dll
 0001:00000098       __imp__Sleep@4             10001098     kernel32:KERNEL32.dll
 0001:0000009c       __imp__SetHandleCount@4    1000109c     kernel32:KERNEL32.dll
 0001:000000a0       __imp__GetStdHandle@4      100010a0     kernel32:KERNEL32.dll
 0001:000000a4       __imp__GetFileType@4       100010a4     kernel32:KERNEL32.dll
 0001:000000a8       __imp__GetStartupInfoA@4   100010a8     kernel32:KERNEL32.dll
 0001:000000ac       __imp__DeleteCriticalSection@4 100010ac     kernel32:KERNEL32.dll
 0001:000000b0       __imp__GetModuleFileNameA@12 100010b0     kernel32:KERNEL32.dll
 0001:000000b4       __imp__FreeEnvironmentStringsA@4 100010b4     kernel32:KERNEL32.dll
 0001:000000b8       __imp__GetEnvironmentStrings@0 100010b8     kernel32:KERNEL32.dll
 0001:000000bc       __imp__FreeEnvironmentStringsW@4 100010bc     kernel32:KERNEL32.dll
 0001:000000c0       __imp__GetEnvironmentStringsW@0 100010c0     kernel32:KERNEL32.dll
 0001:000000c4       __imp__HeapDestroy@4       100010c4     kernel32:KERNEL32.dll
 0001:000000c8       __imp__HeapCreate@12       100010c8     kernel32:KERNEL32.dll
 0001:000000cc       __imp__VirtualFree@12      100010cc     kernel32:KERNEL32.dll
 0001:000000d0       __imp__QueryPerformanceCounter@4 100010d0     kernel32:KERNEL32.dll
 0001:000000d4       __imp__GetTickCount@0      100010d4     kernel32:KERNEL32.dll
 0001:000000d8       __imp__GetCurrentProcessId@0 100010d8     kernel32:KERNEL32.dll
 0001:000000dc       __imp__GetSystemTimeAsFileTime@4 100010dc     kernel32:KERNEL32.dll
 0001:000000e0       __imp__GetStringTypeA@20   100010e0     kernel32:KERNEL32.dll
 0001:000000e4       __imp__GetStringTypeW@16   100010e4     kernel32:KERNEL32.dll
 0001:000000e8       __imp__LeaveCriticalSection@4 100010e8     kernel32:KERNEL32.dll
 0001:000000ec       __imp__EnterCriticalSection@4 100010ec     kernel32:KERNEL32.dll
 0001:000000f0       __imp__GetLocaleInfoA@16   100010f0     kernel32:KERNEL32.dll
 0001:000000f4       __imp__WriteFile@20        100010f4     kernel32:KERNEL32.dll
 0001:000000f8       __imp__LoadLibraryA@4      100010f8     kernel32:KERNEL32.dll
 0001:000000fc       __imp__InitializeCriticalSection@4 100010fc     kernel32:KERNEL32.dll
 0001:00000100       __imp__VirtualAlloc@16     10001100     kernel32:KERNEL32.dll
 0001:00000104       __imp__HeapReAlloc@16      10001104     kernel32:KERNEL32.dll
 0001:00000108       __imp__RtlUnwind@16        10001108     kernel32:KERNEL32.dll
 0001:0000010c       __imp__ReadFile@20         1000110c     kernel32:KERNEL32.dll
 0001:00000110       __imp__HeapSize@12         10001110     kernel32:KERNEL32.dll
 0001:00000114       __imp__CompareStringA@24   10001114     kernel32:KERNEL32.dll
 0001:00000118       __imp__CompareStringW@24   10001118     kernel32:KERNEL32.dll
 0001:0000011c       __imp__SetEnvironmentVariableA@8 1000111c     kernel32:KERNEL32.dll
 0001:00000120       __imp__SetFilePointer@16   10001120     kernel32:KERNEL32.dll
 0001:00000124       __imp__SetStdHandle@8      10001124     kernel32:KERNEL32.dll
 0001:00000128       __imp__GetConsoleCP@0      10001128     kernel32:KERNEL32.dll
 0001:0000012c       __imp__GetConsoleMode@8    1000112c     kernel32:KERNEL32.dll
 0001:00000130       __imp__FlushFileBuffers@4  10001130     kernel32:KERNEL32.dll
 0001:00000134       __imp__CloseHandle@4       10001134     kernel32:KERNEL32.dll
 0001:00000138       __imp__WriteConsoleA@20    10001138     kernel32:KERNEL32.dll
 0001:0000013c       __imp__GetConsoleOutputCP@0 1000113c     kernel32:KERNEL32.dll
 0001:00000140       __imp__WriteConsoleW@20    10001140     kernel32:KERNEL32.dll
 0001:00000144       __imp__CreateFileA@28      10001144     kernel32:KERNEL32.dll
 0001:00000148       \177KERNEL32_NULL_THUNK_DATA 10001148     kernel32:KERNEL32.dll
 0001:0000014c       ___xc_a                    1000114c     LIBCMT:crt0init.obj
 0001:00000150       ___xc_z                    10001150     LIBCMT:crt0init.obj
 0001:00000154       ___xi_a                    10001154     LIBCMT:crt0init.obj
 0001:0000016c       ___xi_z                    1000116c     LIBCMT:crt0init.obj
 0001:00000170       ___xp_a                    10001170     LIBCMT:crt0init.obj
 0001:0000017c       ___xp_z                    1000117c     LIBCMT:crt0init.obj
 0001:00000180       ___xt_a                    10001180     LIBCMT:crt0init.obj
 0001:00000184       ___xt_z                    10001184     LIBCMT:crt0init.obj
 0001:00000188       ??_C@_0L@LKMKNEFL@MVS?5system?$AA@ 10001188     p_Main.obj
 0001:00000194       ??_C@_07COGALDAG@MVS?5?5?5?5?$AA@ 10001194     p_Main.obj
 0001:0000019c       ??_C@_0L@IKDFEDGL@IBM?5OS?1400?$AA@ 1000119c     p_Main.obj
 0001:000001a8       ??_C@_07JLMCJDML@OS?1400?5?$AA@ 100011a8     p_Main.obj
 0001:000001b0       ??_C@_0BJ@LBJMKEKK@PC?1TCP?5v?52?411?5ftpsrv?4exe?$AA@ 100011b0     p_Main.obj
 0001:000001cc       ??_C@_07PBOIJPJN@PC?1TCP?5?$AA@ 100011cc     p_Main.obj
 0001:000001d4       ??_C@_0BE@HAMJIDCJ@VX?5DOS?5style?5parser?$AA@ 100011d4     p_Main.obj
 0001:000001e8       ??_C@_07FNFMPKKL@VxWorks?$AA@ 100011e8     p_Main.obj
 0001:000001f0       ??_C@_0BE@FJIDFMJF@NETWARE?5file?5server?$AA@ 100011f0     p_Main.obj
 0001:00000204       ??_C@_07GIGAFDLJ@Netware?$AA@ 10001204     p_Main.obj
 0001:0000020c       ??_C@_0DC@FKONJBLM@File?5listing?5generated?5by?5some?5c@ 1000120c     p_Main.obj
 0001:00000240       ??_C@_07FPBIOEJD@Komut?5?5?$AA@ 10001240     p_Main.obj
 0001:00000248       ??_C@_0BD@JGGLDPLP@OS?12?5native?5format?$AA@ 10001248     p_Main.obj
 0001:0000025c       ??_C@_07FILNJCIE@OS?12?5?5?5?$AA@ 1000125c     p_Main.obj
 0001:00000264       ??_C@_0BG@MDNCMFD@MAC?9OS?5TCP?1Connect?5II?$AA@ 10001264     p_Main.obj
 0001:0000027c       ??_C@_07MGCNBEDD@Mac?5TCP?$AA@ 1000127c     p_Main.obj
 0001:00000284       ??_C@_0BF@LHKBOBDO@CMS?5plain?5files?5list?$AA@ 10001284     p_Main.obj
 0001:0000029c       ??_C@_07FODDGJAA@CMS?5?5?5?5?$AA@ 1000129c     p_Main.obj
 0001:000002a4       ??_C@_0BL@OBPCOENL@Comma?5delimited?5files?5list?$AA@ 100012a4     p_Main.obj
 0001:000002c0       ??_C@_07HKKHKPCK@EPLF?5?5?5?$AA@ 100012c0     p_Main.obj
 0001:000002c8       ??_C@_0L@OIFDONML@VMS?5system?$AA@ 100012c8     p_Main.obj
 0001:000002d4       ??_C@_07GKGIFGEP@VMS?5?5?5?5?$AA@ 100012d4     p_Main.obj
 0001:000002dc       ??_C@_0BB@GGPHKGML@DIR?9like?5listing?$AA@ 100012dc     p_Main.obj
 0001:000002f0       ??_C@_07LDLFNPGN@Windows?$AA@ 100012f0     p_Main.obj
 0001:000002f8       ??_C@_0BF@DJOJDKA@Classic?5unix?5listing?$AA@ 100012f8     p_Main.obj
 0001:00000310       ??_C@_07LHDANCGM@Unix?5?5?5?$AA@ 10001310     p_Main.obj
 0001:00000338       ??_C@_0L@KAHJENHK@?9RWXSTUGOL?$AA@ 10001338     p_Main.obj
 0001:00000344       ??_C@_03EOGCPMJG@MVS?$AA@  10001344     p_Main.obj
 0001:00000348       ??_C@_06JNDPFLAI@OS?1400?$AA@ 10001348     p_Main.obj
 0001:00000350       ??_C@_07GMELINGL@NETWARE?$AA@ 10001350     p_Main.obj
 0001:00000358       ??_C@_04OEKHDCJK@OS?12?$AA@ 10001358     p_Main.obj
 0001:00000360       ??_C@_03NNBLEKKM@VM?5?$AA@ 10001360     p_Main.obj
 0001:00000364       ??_C@_06LCLELKLM@VM?1CMS?$AA@ 10001364     p_Main.obj
 0001:0000036c       ??_C@_03NJAJGAJJ@VMS?$AA@  1000136c     p_Main.obj
 0001:00000370       ??_C@_0L@MKBJOBHN@Windows_NT?$AA@ 10001370     p_Main.obj
 0001:0000037c       ??_C@_04LPMMAGEE@UNIX?$AA@ 1000137c     p_Main.obj
 0001:00000384       ??_C@_0BN@CNHDEIDJ@UNIX?5Type?3?5L8?5MAC?9OS?5MachTen?$AA@ 10001384     p_Main.obj
 0001:000003a4       ??_C@_0L@JBBIFBDO@Windows_CE?$AA@ 100013a4     p_Main.obj
 0001:000003b0       ??_C@_0BC@FBLIIHAC@MACOS?5WebSTAR?5FTP?$AA@ 100013b0     p_Main.obj
 0001:000003c4       ??_C@_0BF@LNNBFFEN@MACOS?5Peter?8s?5Server?$AA@ 100013c4     p_Main.obj
 0001:000003dc       ??_C@_06BGAPLGPE@?$DMDIR?$DO?5?$AA@ 100013dc     pr_dos.obj
 0001:000003e4       ??_C@_03DNALGGBA@DIR?$AA@  100013e4     pr_os2.obj
 0001:00000408       ??_C@_06HAFADDPI@?$DMdir?$DO?5?$AA@ 10001408     pr_pctcp.obj
 0001:00000410       ??_C@_05ICGFBAIC@DW0?9?1?$AA@ 10001410     pr_skirdin.obj
 0001:00000440       ??_C@_04KEJMNPHE@?4DIR?$AA@ 10001440     pr_skirdin.obj
 0001:00000448       ??_C@_04KJGHBCAI@?4dir?$AA@ 10001448     pr_vms.obj
 0001:00000450       ??_C@_0BI@JJEODFEO@?9?9?9?9?9?9?9?9?5?5?5?5?5?5?5?9?9?9?9?9?9?5?5?$AA@ 10001450     pr_vx.obj
 0001:00000468       ??_C@_0BH@PBKCNHJB@?5?5size?5?5?5?5?5?5?5?5?5?5date?5?5?$AA@ 10001468     pr_vx.obj
 0001:00000480       ??_C@_05FIBHJBBH@?$DMDIR?$DO?$AA@ 10001480     pr_vx.obj
 0001:00000488       ??_C@_0M@PGEDKJBP@?$CF4d?1?$CF2d?1?$CF2d?$AA@ 10001488     pr_mvs.obj
 0001:00000494       ??_C@_0BE@PMONBPNF@?$CF4d?1?$CF2d?1?$CF2d?5?$CF2d?3?$CF2d?$AA@ 10001494     pr_mvs.obj
 0001:000004a8       ??_C@_01LFCBOECM@?4?$AA@   100014a8     pr_mvs.obj
 0001:000004ac       ??_C@_02EMFKHFLK@?$CFX?$AA@ 100014ac     pr_mvs.obj
 0001:000004b0       ??_C@_03BANDLMLJ@GDG?$AA@  100014b0     pr_mvs.obj
 0001:000004b4       ??_C@_04HBHDLLBA@PATH?$AA@ 100014b4     pr_mvs.obj
 0001:000004bc       ??_C@_02DKCKIIND@?$CFs?$AA@ 100014bc     pr_mvs.obj
 0001:000004c0       ??_C@_04BBDFLMDN@?5?9?$DO?5?$AA@ 100014c0     pr_mvs.obj
 0001:000004c8       ??_C@_02DPKJAMEF@?$CFd?$AA@ 100014c8     pr_mvs.obj
 0001:000004cc       ??_C@_09IFDFIIHG@?9offline?9?$AA@ 100014cc     pr_mvs.obj
 0001:000004d8       ??_C@_0M@PKFMLGAM@Not?5Mounted?$AA@ 100014d8     pr_mvs.obj
 0001:000004e4       ??_C@_0BN@EBPBCEOF@Error?5determining?5attributes?$AA@ 100014e4     pr_mvs.obj
 0001:00000504       ??_C@_04GDLJEEHK@VSAM?$AA@ 10001504     pr_mvs.obj
 0001:0000050c       ??_C@_0BH@MKODFJBN@User?5catalog?5connector?$AA@ 1000150c     pr_mvs.obj
 0001:00000524       ??_C@_0BB@JPFJNIKD@Pseudo?5Directory?$AA@ 10001524     pr_mvs.obj
 0001:00000538       ??_C@_04NNFDMGBL@?5PO?5?$AA@ 10001538     pr_mvs.obj
 0001:00000540       ??_C@_0EP@LHEBDBNM@?5Name?5?5?5?5?5?5Size?5?5?5TTR?5?5?5Alias?9of@ 10001540     pr_mvs.obj
 0001:00000590       ??_C@_0ED@NMEBCEPK@?5Name?5?5?5?5?5VV?4MM?5?5?5Created?5?5?5?5?5?5?5@ 10001590     pr_mvs.obj
 0001:000005d8       ??_C@_0EA@CLHPIMAB@Volume?5Unit?5?5?5?5Referred?5Ext?5Used@ 100015d8     pr_mvs.obj
 0001:00000618       __pDefaultRawDllMain       10001618     LIBCMT:dllcrt0.obj
 0001:00000618       __pRawDllMain              10001618     LIBCMT:dllcrt0.obj
 0001:000006a0       ??_C@_07EPKMNAGK@?4mixcrt?$AA@ 100016a0     LIBCMT:tidtable.obj
 0001:000006a8       ??_C@_0O@NLDKAIKN@EncodePointer?$AA@ 100016a8     LIBCMT:tidtable.obj
 0001:000006b8       ??_C@_0N@NHGLKGEC@KERNEL32?4DLL?$AA@ 100016b8     LIBCMT:tidtable.obj
 0001:000006c8       ??_C@_0O@KBPMFGHI@DecodePointer?$AA@ 100016c8     LIBCMT:tidtable.obj
 0001:000006d8       ??_C@_07PEJMOBNF@FlsFree?$AA@ 100016d8     LIBCMT:tidtable.obj
 0001:000006e0       ??_C@_0M@JCPCPOEF@FlsSetValue?$AA@ 100016e0     LIBCMT:tidtable.obj
 0001:000006ec       ??_C@_0M@GDNOONDI@FlsGetValue?$AA@ 100016ec     LIBCMT:tidtable.obj
 0001:000006f8       ??_C@_08KNHFBNJ@FlsAlloc?$AA@ 100016f8     LIBCMT:tidtable.obj
 0001:00000704       ??_C@_13NOLLCAOD@?$AA?$AA?$AA?$AA@ 10001704     LIBCMT:a_map.obj
 0001:00000708       ??_C@_02CLFPBFFP@TZ?$AA@   10001708     LIBCMT:tzset.obj
 0001:0000070c       ___dnames                  1000170c     LIBCMT:timeset.obj
 0001:00000724       ___mnames                  10001724     LIBCMT:timeset.obj
 0001:0000074c       ??_C@_0P@MIGLKIOC@CorExitProcess?$AA@ 1000174c     LIBCMT:crt0dat.obj
 0001:0000075c       ??_C@_0M@MBOPBNBK@mscoree?4dll?$AA@ 1000175c     LIBCMT:crt0dat.obj
 0001:00000768       ___newctype                10001768     LIBCMT:ctype.obj
 0001:00000a68       __wctype                   10001a68     LIBCMT:ctype.obj
 0001:00000c70       ___newclmap                10001c70     LIBCMT:ctype.obj
 0001:00000df0       ___newcumap                10001df0     LIBCMT:ctype.obj
 0001:00000f70       ??_C@_08JCCMCCIL@HH?3mm?3ss?$AA@ 10001f70     LIBCMT:strftime.obj
 0001:00000f7c       ??_C@_0BE@CKGJFCPC@dddd?0?5MMMM?5dd?0?5yyyy?$AA@ 10001f7c     LIBCMT:strftime.obj
 0001:00000f90       ??_C@_08BPBNCDIB@MM?1dd?1yy?$AA@ 10001f90     LIBCMT:strftime.obj
 0001:00000f9c       ??_C@_02CJNFDJBF@PM?$AA@   10001f9c     LIBCMT:strftime.obj
 0001:00000fa0       ??_C@_02DEDBPAFC@AM?$AA@   10001fa0     LIBCMT:strftime.obj
 0001:00000fa4       ??_C@_08EDHMEBNP@December?$AA@ 10001fa4     LIBCMT:strftime.obj
 0001:00000fb0       ??_C@_08HCHEGEOA@November?$AA@ 10001fb0     LIBCMT:strftime.obj
 0001:00000fbc       ??_C@_07JJNFCEND@October?$AA@ 10001fbc     LIBCMT:strftime.obj
 0001:00000fc4       ??_C@_09BHHEALKD@September?$AA@ 10001fc4     LIBCMT:strftime.obj
 0001:00000fd0       ??_C@_06LBBHFDDG@August?$AA@ 10001fd0     LIBCMT:strftime.obj
 0001:00000fd8       ??_C@_04MIEPOIFP@July?$AA@ 10001fd8     LIBCMT:strftime.obj
 0001:00000fe0       ??_C@_04CNLMGBGM@June?$AA@ 10001fe0     LIBCMT:strftime.obj
 0001:00000fe8       ??_C@_05DMJDNLEJ@April?$AA@ 10001fe8     LIBCMT:strftime.obj
 0001:00000ff0       ??_C@_05HPCKOFNC@March?$AA@ 10001ff0     LIBCMT:strftime.obj
 0001:00000ff8       ??_C@_08GNJGEPFN@February?$AA@ 10001ff8     LIBCMT:strftime.obj
 0001:00001004       ??_C@_07CGJPFGJA@January?$AA@ 10002004     LIBCMT:strftime.obj
 0001:0000100c       ??_C@_03MKABNOCG@Dec?$AA@  1000200c     LIBCMT:strftime.obj
 0001:00001010       ??_C@_03JPJOFNIA@Nov?$AA@  10002010     LIBCMT:strftime.obj
 0001:00001014       ??_C@_03BMAOKBAD@Oct?$AA@  10002014     LIBCMT:strftime.obj
 0001:00001018       ??_C@_03GGCAPAJC@Sep?$AA@  10002018     LIBCMT:strftime.obj
 0001:0000101c       ??_C@_03IFJFEIGA@Aug?$AA@  1000201c     LIBCMT:strftime.obj
 0001:00001020       ??_C@_03LBGABGKK@Jul?$AA@  10002020     LIBCMT:strftime.obj
 0001:00001024       ??_C@_03IDFGHECI@Jun?$AA@  10002024     LIBCMT:strftime.obj
 0001:00001028       ??_C@_03CNMDKL@May?$AA@    10002028     LIBCMT:strftime.obj
 0001:0000102c       ??_C@_03LEOLGMJP@Apr?$AA@  1000202c     LIBCMT:strftime.obj
 0001:00001030       ??_C@_03ODNJBKGA@Mar?$AA@  10002030     LIBCMT:strftime.obj
 0001:00001034       ??_C@_03HJBDCHOM@Feb?$AA@  10002034     LIBCMT:strftime.obj
 0001:00001038       ??_C@_03JIHJHPIE@Jan?$AA@  10002038     LIBCMT:strftime.obj
 0001:0000103c       ??_C@_08INBOOONO@Saturday?$AA@ 1000203c     LIBCMT:strftime.obj
 0001:00001048       ??_C@_06JECMNKMI@Friday?$AA@ 10002048     LIBCMT:strftime.obj
 0001:00001050       ??_C@_08HACCIKIA@Thursday?$AA@ 10002050     LIBCMT:strftime.obj
 0001:0000105c       ??_C@_09DLIGFAKA@Wednesday?$AA@ 1000205c     LIBCMT:strftime.obj
 0001:00001068       ??_C@_07BAAGCFCM@Tuesday?$AA@ 10002068     LIBCMT:strftime.obj
 0001:00001070       ??_C@_06JLEDEDGH@Monday?$AA@ 10002070     LIBCMT:strftime.obj
 0001:00001078       ??_C@_06OOPIFAJ@Sunday?$AA@ 10002078     LIBCMT:strftime.obj
 0001:00001080       ??_C@_03FEFJNEK@Sat?$AA@   10002080     LIBCMT:strftime.obj
 0001:00001084       ??_C@_03IDIOELNC@Fri?$AA@  10002084     LIBCMT:strftime.obj
 0001:00001088       ??_C@_03IOFIKPDN@Thu?$AA@  10002088     LIBCMT:strftime.obj
 0001:0000108c       ??_C@_03MHOMLAJA@Wed?$AA@  1000208c     LIBCMT:strftime.obj
 0001:00001090       ??_C@_03NAGEINEP@Tue?$AA@  10002090     LIBCMT:strftime.obj
 0001:00001094       ??_C@_03PDAGKDH@Mon?$AA@   10002094     LIBCMT:strftime.obj
 0001:00001098       ??_C@_03KOEHGMDN@Sun?$AA@  10002098     LIBCMT:strftime.obj
 0001:0000109c       ??_C@_0P@GGKDKEEG@runtime?5error?5?$AA@ 1000209c     LIBCMT:crt0msg.obj
 0001:000010ac       ??_C@_02PCIJFNDE@?$AN?6?$AA@ 100020ac     LIBCMT:crt0msg.obj
 0001:000010b0       ??_C@_0O@MJNIPGOH@TLOSS?5error?$AN?6?$AA@ 100020b0     LIBCMT:crt0msg.obj
 0001:000010c0       ??_C@_0N@BONNPDHF@SING?5error?$AN?6?$AA@ 100020c0     LIBCMT:crt0msg.obj
 0001:000010d0       ??_C@_0P@MBDAJNE@DOMAIN?5error?$AN?6?$AA@ 100020d0     LIBCMT:crt0msg.obj
 0001:000010e0       ??_C@_0JL@DFDOOABL@R6034?$AN?6An?5application?5has?5made?5a@ 100020e0     LIBCMT:crt0msg.obj
 0001:00001180       ??_C@_0PH@EPAFIJ@R6033?$AN?6?9?5Attempt?5to?5use?5MSIL?5cod@ 10002180     LIBCMT:crt0msg.obj
 0001:00001278       ??_C@_0DD@BKEEABMM@R6032?$AN?6?9?5not?5enough?5space?5for?5lo@ 10002278     LIBCMT:crt0msg.obj
 0001:000012b0       ??_C@_0GD@OFKILIED@R6031?$AN?6?9?5Attempt?5to?5initialize?5t@ 100022b0     LIBCMT:crt0msg.obj
 0001:00001314       ??_C@_0BP@LPMHJOKI@R6030?$AN?6?9?5CRT?5not?5initialized?$AN?6?$AA@ 10002314     LIBCMT:crt0msg.obj
 0001:00001334       ??_C@_0CF@KJDAIALP@R6028?$AN?6?9?5unable?5to?5initialize?5he@ 10002334     LIBCMT:crt0msg.obj
 0001:0000135c       ??_C@_0DF@GAKBPDFP@R6027?$AN?6?9?5not?5enough?5space?5for?5lo@ 1000235c     LIBCMT:crt0msg.obj
 0001:00001394       ??_C@_0DF@IBLNNAIG@R6026?$AN?6?9?5not?5enough?5space?5for?5st@ 10002394     LIBCMT:crt0msg.obj
 0001:000013cc       ??_C@_0CG@IOHKGFNJ@R6025?$AN?6?9?5pure?5virtual?5function?5c@ 100023cc     LIBCMT:crt0msg.obj
 0001:000013f4       ??_C@_0DF@JIJJFJDC@R6024?$AN?6?9?5not?5enough?5space?5for?5_o@ 100023f4     LIBCMT:crt0msg.obj
 0001:0000142c       ??_C@_0CJ@EGEJHFME@R6019?$AN?6?9?5unable?5to?5open?5console?5@ 1000242c     LIBCMT:crt0msg.obj
 0001:00001458       ??_C@_0CB@GNHNIELH@R6018?$AN?6?9?5unexpected?5heap?5error?$AN?6@ 10002458     LIBCMT:crt0msg.obj
 0001:0000147c       ??_C@_0CN@FOLDKNG@R6017?$AN?6?9?5unexpected?5multithread?5@ 1000247c     LIBCMT:crt0msg.obj
 0001:000014ac       ??_C@_0CM@FAHFJNHO@R6016?$AN?6?9?5not?5enough?5space?5for?5th@ 100024ac     LIBCMT:crt0msg.obj
 0001:000014d8       ??_C@_0JG@LBKMGKLD@?$AN?6This?5application?5has?5requested@ 100024d8     LIBCMT:crt0msg.obj
 0001:00001570       ??_C@_0CM@FLCNIPKK@R6009?$AN?6?9?5not?5enough?5space?5for?5en@ 10002570     LIBCMT:crt0msg.obj
 0001:0000159c       ??_C@_0CK@KMMJOAPP@R6008?$AN?6?9?5not?5enough?5space?5for?5ar@ 1000259c     LIBCMT:crt0msg.obj
 0001:000015c8       ??_C@_0CN@LEKKICBM@R6002?$AN?6?9?5floating?5point?5support?5@ 100025c8     LIBCMT:crt0msg.obj
 0001:000015f8       ??_C@_0CF@GOGNBNAK@Microsoft?5Visual?5C?$CL?$CL?5Runtime?5Lib@ 100025f8     LIBCMT:crt0msg.obj
 0001:00001620       ??_C@_02PHMGELLB@?6?6?$AA@ 10002620     LIBCMT:crt0msg.obj
 0001:00001624       ??_C@_03KHICJKCI@?4?4?4?$AA@ 10002624     LIBCMT:crt0msg.obj
 0001:00001628       ??_C@_0BH@DNAGHKFM@?$DMprogram?5name?5unknown?$DO?$AA@ 10002628     LIBCMT:crt0msg.obj
 0001:00001640       ??_C@_0BK@OFGJDLJJ@Runtime?5Error?$CB?6?6Program?3?5?$AA@ 10002640     LIBCMT:crt0msg.obj
 0001:0000165c       ??_C@_0CG@PKBDLMEO@InitializeCriticalSectionAndSpin@ 1000265c     LIBCMT:initcrit.obj
 0001:00001684       ??_C@_0N@MDJJJHMB@kernel32?4dll?$AA@ 10002684     LIBCMT:initcrit.obj
 0001:0000169c       ??_C@_0BI@DFKBFLJE@GetProcessWindowStation?$AA@ 1000269c     LIBCMT:crtmbox.obj
 0001:000016b4       ??_C@_0BK@CIDNPOGP@GetUserObjectInformationA?$AA@ 100026b4     LIBCMT:crtmbox.obj
 0001:000016d0       ??_C@_0BD@HHGDFDBJ@GetLastActivePopup?$AA@ 100026d0     LIBCMT:crtmbox.obj
 0001:000016e4       ??_C@_0BA@HNOPNCHB@GetActiveWindow?$AA@ 100026e4     LIBCMT:crtmbox.obj
 0001:000016f4       ??_C@_0M@CHKKJDAI@MessageBoxA?$AA@ 100026f4     LIBCMT:crtmbox.obj
 0001:00001700       ??_C@_0L@NDEGIDAG@USER32?4DLL?$AA@ 10002700     LIBCMT:crtmbox.obj
 0001:0000170c       ??_C@_07GPDNMNG@CONOUT$?$AA@ 1000270c     LIBCMT:initcon.obj
 0001:00001718       __load_config_used         10002718     LIBCMT:loadcfg.obj
 0001:00001760       ___safe_se_handler_table   10002760     <linker-defined>
 0001:0000176c       ___rtc_iaa                 1000276c     LIBCMT:initsect.obj
 0001:00001770       ___rtc_izz                 10002770     LIBCMT:initsect.obj
 0001:00001774       ___rtc_taa                 10002774     LIBCMT:initsect.obj
 0001:00001778       ___rtc_tzz                 10002778     LIBCMT:initsect.obj
 0001:00001780       __chkstk                   10002780 f   chkstk.obj
 0001:00001780       __alloca_probe             10002780     chkstk.obj
 0001:000017ab       _FTPQueryInterface@4       100027ab f   p_All.obj
 0001:000017d1       _DllMain@12                100027d1 f   p_All.obj
 0001:000017eb       ??3@YAXPAX@Z               100027eb f   p_All.obj
 0001:000017f8       ??2@YAPAXI@Z               100027f8 f   p_All.obj
 0001:00001805       ?StrChr@@YGPADPBDD@Z       10002805 f   p_All.obj
 0001:0000180d       ?strLen@@YGHPBD@Z          1000280d f   p_All.obj
 0001:00001815       ?StrCmp@@YGHPBD0HH@Z       10002815 f   p_All.obj
 0001:0000181d       ?StrCpy@@YGPADPADPBDH@Z    1000281d f   p_All.obj
 0001:00001825       ??8Time_t@@QAE_N_J@Z       10002825 f i p_Main.obj
 0001:00001840       ?SkipSpace@@YIPADPAD@Z     10002840 f   p_Main.obj
 0001:00001862       ?SkipDigit@@YIPADPAD@Z     10002862 f   p_Main.obj
 0001:00001884       ?SkipNSpace@@YIPADPAD@Z    10002884 f   p_Main.obj
 0001:000018a6       ?SkipNX@@YIPADPADD@Z       100028a6 f   p_Main.obj
 0001:000018b8       ?TwoDigits@@YIHPBDAAG@Z    100028b8 f   p_Main.obj
 0001:00001916       ?XP_StripLine@@YIPADPAD@Z  10002916 f   p_Main.obj
 0001:00001963       ?CorrectTime@@YIHAAU_SYSTEMTIME@@AAUTime_t@@PAU_FILETIME@@@Z 10002963 f   p_Main.obj
 0001:00001a45       ?ConvertEntry@@YIHPAUNET_FileEntryInfo@@PAUFTPFileInfo@@@Z 10002a45 f   p_Main.obj
 0001:00001b3c       ?StartsWith@@YIHPBDPAPBD@Z 10002b3c f   p_Main.obj
 0001:00001b76       ?is_unix_start@@YIHPADHPAH@Z 10002b76 f   p_Main.obj
 0001:00001d64       ?idPRSDetectString@@YGGQAUFTPServerInfo@@PADH@Z 10002d64 f   p_Main.obj
 0001:00001e26       ?idDetectDirStringType@@YGGQAUFTPServerInfo@@PBD@Z 10002e26 f   p_Main.obj
 0001:00001e4b       ?idPRSTypesCount@@YGGXZ    10002e4b f   p_Main.obj
 0001:00001e50       ?idPRSTypeGet@@YGPAUFTPType@@G@Z 10002e50 f   p_Main.obj
 0001:00001e6b       ?FTPPluginGetInterface@@YGPAUFTPPluginInterface@@XZ 10002e6b f   p_Main.obj
 0001:00001ea3       ?FTP_PluginStartup@@YGHK@Z 10002ea3 f   p_Main.obj
 0001:00001ea9       ?NET_MonthNo@@YIGPBD@Z     10002ea9 f   p_Main.obj
 0001:00001f6d       ?idPRParceCMS@@YGHQAUFTPServerInfo@@PAUFTPFileInfo@@PADH@Z 10002f6d f   pr_cms.obj
 0001:00001f89       ?net_parse_dos_date_time@@YIHPBDAAUTime_t@@@Z 10002f89 f   pr_dos.obj
 0001:000020e7       ??$AtoI@_J@@YI_JPBD_J@Z    100030e7 f i pr_dos.obj
 0001:0000218a       ?idPRParceDos@@YGHQAUFTPServerInfo@@PAUFTPFileInfo@@PADH@Z 1000318a f   pr_dos.obj
 0001:0000227e       ?idPRParceEPLF@@YGHQAUFTPServerInfo@@PAUFTPFileInfo@@PADH@Z 1000327e f   pr_eplf.obj
 0001:000023f1       ?idPRParceNETWARE@@YGHQAUFTPServerInfo@@PAUFTPFileInfo@@PADH@Z 100033f1 f   pr_netware.obj
 0001:000025a6       ?net_parse_os_date_time@@YIHPBDAAUTime_t@@@Z 100035a6 f   pr_os2.obj
 0001:000026f5       ?idPRParceOS2@@YGHQAUFTPServerInfo@@PAUFTPFileInfo@@PADH@Z 100036f5 f   pr_os2.obj
 0001:00002833       ?idDirParcePCTCP@@YGHQAUFTPServerInfo@@PBDPADI@Z 10003833 f   pr_pctcp.obj
 0001:00002866       ??$AtoI@G@@YIGPBDG@Z       10003866 f i pr_pctcp.obj
 0001:000028d0       ?net_parse_pctcp_date_time@@YIHPADAAUTime_t@@@Z 100038d0 f   pr_pctcp.obj
 0001:00002a2f       ?idPRParcePCTCP@@YGHQAUFTPServerInfo@@PAUFTPFileInfo@@PADH@Z 10003a2f f   pr_pctcp.obj
 0001:00002b01       ?idDirParceSkirdin@@YGHQAUFTPServerInfo@@PBDPADI@Z 10003b01 f   pr_skirdin.obj
 0001:00002b57       ?net_parse_full_date_time@@YIHPADAAUTime_t@@@Z 10003b57 f   pr_skirdin.obj
 0001:00002c5e       ?idPRParceSkirdin@@YGHQAUFTPServerInfo@@PAUFTPFileInfo@@PADH@Z 10003c5e f   pr_skirdin.obj
 0001:00002dcd       ?idPRParceTCPC@@YGHQAUFTPServerInfo@@PAUFTPFileInfo@@PADH@Z 10003dcd f   pr_tcpc.obj
 0001:00002e08       ?net_convert_unix_date@@YIHAAPADAAUTime_t@@@Z 10003e08 f   pr_unix.obj
 0001:0000313c       ?net_parse_ls_line@@YIHPADPAUNET_FileEntryInfo@@H@Z 1000413c f   pr_unix.obj
 0001:000032d1       ?idPRParceUnix@@YGHQAUFTPServerInfo@@PAUFTPFileInfo@@PADH@Z 100042d1 f   pr_unix.obj
 0001:0000347b       ?idDirPRParceVMS@@YGHQAUFTPServerInfo@@PBDPADI@Z 1000447b f   pr_vms.obj
 0001:00003480       ??$AtoI@H@@YIHPBDH@Z       10004480 f i pr_vms.obj
 0001:000034e0       ?net_parse_vms_date_time@@YIHAAPADAAUTime_t@@@Z 100044e0 f   pr_vms.obj
 0001:0000363d       ?net_parse_vms_dir_entry@@YIHPADPAUNET_FileEntryInfo@@@Z 1000463d f   pr_vms.obj
 0001:0000382f       ?idPRParceVMS@@YGHQAUFTPServerInfo@@PAUFTPFileInfo@@PADH@Z 1000482f f   pr_vms.obj
 0001:000038ab       ?parse_vxdos_date_time@@YIHAAPADAAUTime_t@@@Z 100048ab f   pr_vx.obj
 0001:000039a4       ?idPRParceVX_DOS@@YGHQAUFTPServerInfo@@PAUFTPFileInfo@@PADH@Z 100049a4 f   pr_vx.obj
 0001:00003ac2       ?parse_os400_date_time@@YIHAAPADAAUTime_t@@@Z 10004ac2 f   pr_os400.obj
 0001:00003bc7       ?net_parse_ls_line@@YIHPADPAUNET_FileEntryInfo@@@Z 10004bc7 f   pr_os400.obj
 0001:00003cf8       ?idPRParceOS400@@YGHQAUFTPServerInfo@@PAUFTPFileInfo@@PADH@Z 10004cf8 f   pr_os400.obj
 0001:00003d3b       ?net_parse_mvs_date_time@@YIHPBDAAUTime_t@@H@Z 10004d3b f   pr_mvs.obj
 0001:00003dcd       ?idPRParceMVS@@YGHQAUFTPServerInfo@@PAUFTPFileInfo@@PADH@Z 10004dcd f   pr_mvs.obj
 0001:00004261       ?idDirParceMVS@@YGHQAUFTPServerInfo@@PBDPADI@Z 10005261 f   pr_mvs.obj
 0001:000042d4       ??0_LocaleUpdate@@QAE@PAUlocaleinfo_struct@@@Z 100052d4 f i LIBCMT:_ctype.obj
 0001:00004356       __isalpha_l                10005356 f i LIBCMT:_ctype.obj
 0001:000043aa       _isalpha                   100053aa f i LIBCMT:_ctype.obj
 0001:000043d5       __isdigit_l                100053d5 f i LIBCMT:_ctype.obj
 0001:00004424       _isdigit                   10005424 f i LIBCMT:_ctype.obj
 0001:0000444d       __isxdigit_l               1000544d f i LIBCMT:_ctype.obj
 0001:000044a1       _isxdigit                  100054a1 f i LIBCMT:_ctype.obj
 0001:000044cc       __isspace_l                100054cc f i LIBCMT:_ctype.obj
 0001:0000451b       _isspace                   1000551b f i LIBCMT:_ctype.obj
 0001:00004550       __allshr                   10005550 f   LIBCMT:llshr.obj
 0001:00004571       _strncmp                   10005571 f   LIBCMT:strncmp.obj
 0001:00004640       _strchr                    10005640 f   LIBCMT:strchr.obj
 0001:00004646       ___from_strstr_to_strchr   10005646     LIBCMT:strchr.obj
 0001:000046fe       __toupper_l                100056fe f   LIBCMT:toupper.obj
 0001:00004816       _toupper                   10005816 f   LIBCMT:toupper.obj
 0001:00004840       _strstr                    10005840 f   LIBCMT:strstr.obj
 0001:000048d0       _memset                    100058d0 f   LIBCMT:memset.obj
 0001:00004950       __allmul                   10005950 f   LIBCMT:llmul.obj
 0001:00004984       __localtime64_s            10005984 f   LIBCMT:loctim64.obj
 0001:00004c49       __localtime64              10005c49 f   LIBCMT:loctim64.obj
 0001:00004c6d       __tolower_l                10005c6d f   LIBCMT:tolower.obj
 0001:00004d84       _tolower                   10005d84 f   LIBCMT:tolower.obj
 0001:00004e13       _sscanf                    10005e13 f   LIBCMT:sscanf.obj
 0001:00004e32       __CRT_INIT@12              10005e32 f   LIBCMT:dllcrt0.obj
 0001:00005101       __DllMainCRTStartup@12     10006101 f   LIBCMT:dllcrt0.obj
 0001:00005330       ___updatetmbcinfo          10006330 f   LIBCMT:mbctype.obj
 0001:0000544e       __setmbcp_nolock           1000644e f   LIBCMT:mbctype.obj
 0001:00005627       __setmbcp                  10006627 f   LIBCMT:mbctype.obj
 0001:000057c1       ___initmbctable            100067c1 f   LIBCMT:mbctype.obj
 0001:000057df       ___freetlocinfo            100067df f   LIBCMT:setlocal.obj
 0001:0000591f       ___addlocaleref            1000691f f   LIBCMT:setlocal.obj
 0001:000059a5       ___removelocaleref         100069a5 f   LIBCMT:setlocal.obj
 0001:00005a6f       ___updatetlocinfo          10006a6f f   LIBCMT:setlocal.obj
 0001:00005b51       __encode_pointer           10006b51 f   LIBCMT:tidtable.obj
 0001:00005bbf       __encoded_null             10006bbf f   LIBCMT:tidtable.obj
 0001:00005bc8       __decode_pointer           10006bc8 f   LIBCMT:tidtable.obj
 0001:00005c36       ___crtTlsAlloc@4           10006c36 f   LIBCMT:tidtable.obj
 0001:00005c3f       ___set_flsgetvalue         10006c3f f   LIBCMT:tidtable.obj
 0001:00005c71       __mtterm                   10006c71 f   LIBCMT:tidtable.obj
 0001:00005cae       __initptd                  10006cae f   LIBCMT:tidtable.obj
 0001:00005d6d       __getptd_noexit            10006d6d f   LIBCMT:tidtable.obj
 0001:00005de4       __getptd                   10006de4 f   LIBCMT:tidtable.obj
 0001:00005dfc       __freefls@4                10006dfc f   LIBCMT:tidtable.obj
 0001:00005f1d       __freeptd                  10006f1d f   LIBCMT:tidtable.obj
 0001:00005f86       __mtinit                   10006f86 f   LIBCMT:tidtable.obj
 0001:0000610a       __isctype_l                1000710a f   LIBCMT:isctype.obj
 0001:000061c0       __freea                    100071c0 f i LIBCMT:a_map.obj
 0001:0000657d       ___crtLCMapStringA         1000757d f   LIBCMT:a_map.obj
 0001:000065c0       __get_errno_from_oserr     100075c0 f   LIBCMT:dosmap.obj
 0001:000065fb       __errno                    100075fb f   LIBCMT:dosmap.obj
 0001:0000660e       ___doserrno                1000760e f   LIBCMT:dosmap.obj
 0001:00006621       __dosmaperr                10007621 f   LIBCMT:dosmap.obj
 0001:0000663f       __isleadbyte_l             1000763f f i LIBCMT:_wctype.obj
 0001:00006675       _isleadbyte                10007675 f i LIBCMT:_wctype.obj
 0001:000066da       __VEC_memzero              100076da f   LIBCMT:p4_memset.obj
 0001:00006769       __sse2_mathfcns_init       10007769 f   LIBCMT:mathfcns.obj
 0001:0000677d       __initp_misc_invarg        1000777d f   LIBCMT:invarg.obj
 0001:00006787       __invoke_watson            10007787 f   LIBCMT:invarg.obj
 0001:00006883       __invalid_parameter        10007883 f   LIBCMT:invarg.obj
 0001:00006f93       ___tzset                   10007f93 f   LIBCMT:tzset.obj
 0001:00006fe2       __isindst                  10007fe2 f   LIBCMT:tzset.obj
 0001:00007023       __gmtime64_s               10008023 f   LIBCMT:gmtime64.obj
 0001:0000725f       __get_daylight             1000825f f   LIBCMT:timeset.obj
 0001:00007293       __get_dstbias              10008293 f   LIBCMT:timeset.obj
 0001:000072c7       __get_timezone             100082c7 f   LIBCMT:timeset.obj
 0001:000072fb       ___daylight                100082fb f   LIBCMT:timeset.obj
 0001:00007301       ___dstbias                 10008301 f   LIBCMT:timeset.obj
 0001:00007307       ___timezone                10008307 f   LIBCMT:timeset.obj
 0001:0000730d       ___tzname                  1000830d f   LIBCMT:timeset.obj
 0001:00007320       __alldiv                   10008320 f   LIBCMT:lldiv.obj
 0001:000073d0       __allrem                   100083d0 f   LIBCMT:llrem.obj
 0001:00007482       ___getgmtimebuf            10008482 f   LIBCMT:gmtime.obj
 0001:000074d0       _strlen                    100084d0 f   LIBCMT:strlen.obj
 0001:000075ea       __input_l                  100085ea f   LIBCMT:input.obj
 0001:00008237       __amsg_exit                10009237 f   LIBCMT:crt0dat.obj
 0001:0000825b       ___crtCorExitProcess       1000925b f   LIBCMT:crt0dat.obj
 0001:00008281       ___crtExitProcess          10009281 f   LIBCMT:crt0dat.obj
 0001:00008296       __lockexit                 10009296 f   LIBCMT:crt0dat.obj
 0001:0000829f       __unlockexit               1000929f f   LIBCMT:crt0dat.obj
 0001:000082c0       __initterm_e               100092c0 f   LIBCMT:crt0dat.obj
 0001:000082e0       __get_osplatform           100092e0 f   LIBCMT:crt0dat.obj
 0001:00008317       __get_winmajor             10009317 f   LIBCMT:crt0dat.obj
 0001:00008353       __cinit                    10009353 f   LIBCMT:crt0dat.obj
 0001:000084c7       __exit                     100094c7 f   LIBCMT:crt0dat.obj
 0001:000084d8       __cexit                    100094d8 f   LIBCMT:crt0dat.obj
 0001:000084e7       __init_pointers            100094e7 f   LIBCMT:crt0dat.obj
 0001:00008533       _free                      10009533 f   LIBCMT:free.obj
 0001:000085c1       __malloc_crt               100095c1 f   LIBCMT:crtheap.obj
 0001:00008601       __calloc_crt               10009601 f   LIBCMT:crtheap.obj
 0001:00008649       __realloc_crt              10009649 f   LIBCMT:crtheap.obj
 0001:00008694       __recalloc_crt             10009694 f   LIBCMT:crtheap.obj
 0001:000086e4       __ioinit                   100096e4 f   LIBCMT:ioinit.obj
 0001:00008924       __ioterm                   10009924 f   LIBCMT:ioinit.obj
 0001:00008970       __setenvp                  10009970 f   LIBCMT:stdenvp.obj
 0001:00008be3       __setargv                  10009be3 f   LIBCMT:stdargv.obj
 0001:00008c9c       ___crtGetEnvironmentStringsA 10009c9c f   LIBCMT:a_env.obj
 0001:00008dd1       __RTC_Initialize           10009dd1 f   LIBCMT:initsect.obj
 0001:00008df5       __RTC_Terminate            10009df5 f   LIBCMT:initsect.obj
 0001:00008e19       ___heap_select             10009e19 f   LIBCMT:heapinit.obj
 0001:00008e74       __heap_init                10009e74 f   LIBCMT:heapinit.obj
 0001:00008ece       __heap_term                10009ece f   LIBCMT:heapinit.obj
 0001:00008f42       __initp_misc_winxfltr      10009f42 f   LIBCMT:winxfltr.obj
 0001:00008f43       __XcptFilter               10009f43 f   LIBCMT:winxfltr.obj
 0001:000090a1       ___CppXcptFilter           1000a0a1 f   LIBCMT:winxfltr.obj
 0001:000090bc       __SEH_prolog4              1000a0bc f   LIBCMT:sehprolg4.obj
 0001:00009101       __SEH_epilog4              1000a101 f   LIBCMT:sehprolg4.obj
 0001:00009120       __except_handler4          1000a120 f   LIBCMT:chandler4.obj
 0001:000092b6       ___security_init_cookie    1000a2b6 f   LIBCMT:gs_support.obj
 0001:00009502       ___crtGetStringTypeA       1000a502 f   LIBCMT:a_str.obj
 0001:00009542       @__security_check_cookie@4 1000a542 f   LIBCMT:secchk.obj
 0001:00009551       __mtinitlocks              1000a551 f   LIBCMT:mlock.obj
 0001:0000959a       __mtdeletelocks            1000a59a f   LIBCMT:mlock.obj
 0001:000095ef       __unlock                   1000a5ef f   LIBCMT:mlock.obj
 0001:00009604       __mtinitlocknum            1000a604 f   LIBCMT:mlock.obj
 0001:000096c7       __lock                     1000a6c7 f   LIBCMT:mlock.obj
 0001:000096f8       ___free_lc_time            1000a6f8 f   LIBCMT:inittime.obj
 0001:00009888       ___free_lconv_num          1000a888 f   LIBCMT:initnum.obj
 0001:000098c8       ___free_lconv_mon          1000a8c8 f   LIBCMT:initmon.obj
 0001:00009951       ____lc_codepage_func       1000a951 f   LIBCMT:initctyp.obj
 0001:00009977       _strcat_s                  1000a977 f   LIBCMT:strcat_s.obj
 0001:000099f0       _strcspn                   1000a9f0 f   LIBCMT:strcspn.obj
 0001:00009a36       _strncpy_s                 1000aa36 f   LIBCMT:strncpy_s.obj
 0001:00009ae9       _strcpy_s                  1000aae9 f   LIBCMT:strcpy_s.obj
 0001:00009b50       _strcmp                    1000ab50 f   LIBCMT:strcmp.obj
 0001:00009be0       _memcpy                    1000abe0 f   LIBCMT:memcpy.obj
 0001:00009f50       _strpbrk                   1000af50 f   LIBCMT:strpbrk.obj
 0001:00009f90       ___ansicp                  1000af90 f   LIBCMT:convrtcp.obj
 0001:00009fd7       ___convertcp               1000afd7 f   LIBCMT:convrtcp.obj
 0001:0000a189       _V6_HeapAlloc              1000b189 f   LIBCMT:malloc.obj
 0001:0000a1d8       _malloc                    1000b1d8 f   LIBCMT:malloc.obj
 0001:0000a2a0       __alloca_probe_16          1000b2a0 f   LIBCMT:alloca16.obj
 0001:0000a2b6       __alloca_probe_8           1000b2b6     LIBCMT:alloca16.obj
 0001:0000a31c       __get_sse2_info            1000b31c f   LIBCMT:cpu_disp.obj
 0001:0000a37c       ___sse2_available_init     1000b37c f   LIBCMT:cpu_disp.obj
 0001:0000a389       __crt_debugger_hook        1000b389 f   LIBCMT:dbghook.obj
 0001:0000a391       _atol                      1000b391 f   LIBCMT:atox.obj
 0001:0000a3a2       __getenv_helper_nolock     1000b3a2 f   LIBCMT:getenv.obj
 0001:0000a423       __filbuf                   1000b423 f   LIBCMT:_filbuf.obj
 0001:0000a543       __ungetc_nolock            1000b543 f   LIBCMT:ungetc.obj
 0001:0000a661       __mbtowc_l                 1000b661 f   LIBCMT:mbtowc.obj
 0001:0000a774       _mbtowc                    1000b774 f   LIBCMT:mbtowc.obj
 0001:0000a78b       __initp_misc_cfltcvt_tab   1000b78b f   LIBCMT:cmiscdat.obj
 0001:0000a7aa       __fileno                   1000b7aa f   LIBCMT:fileno.obj
 0001:0000a7d7       __NMSG_WRITE               1000b7d7 f   LIBCMT:crt0msg.obj
 0001:0000a977       __FF_MSGBANNER             1000b977 f   LIBCMT:crt0msg.obj
 0001:0000aa69       ___onexitinit              1000ba69 f   LIBCMT:onexit.obj
 0001:0000aa98       __onexit                   1000ba98 f   LIBCMT:onexit.obj
 0001:0000aad4       _atexit                    1000bad4 f   LIBCMT:onexit.obj
 0001:0000aaf0       __ValidateImageBase        1000baf0 f   LIBCMT:pesect.obj
 0001:0000ab20       __FindPESection            1000bb20 f   LIBCMT:pesect.obj
 0001:0000ab70       __IsNonwritableInCurrentImage 1000bb70 f   LIBCMT:pesect.obj
 0001:0000ac2b       ?terminate@@YAXXZ          1000bc2b f   LIBCMT:hooks.obj
 0001:0000ac64       __initp_eh_hooks           1000bc64 f   LIBCMT:hooks.obj
 0001:0000ac75       __initp_misc_winsig        1000bc75 f   LIBCMT:winsig.obj
 0001:0000acc2       ___get_sigabrt             1000bcc2 f   LIBCMT:winsig.obj
 0001:0000accf       _raise                     1000bccf f   LIBCMT:winsig.obj
 0001:0000ae7f       __initp_misc_rand_s        1000be7f f   LIBCMT:rand_s.obj
 0001:0000ae89       __initp_misc_purevirt      1000be89 f   LIBCMT:inithelp.obj
 0001:0000ae93       __initp_misc_initcrit      1000be93 f   LIBCMT:initcrit.obj
 0001:0000aead       ___crtInitCritSecAndSpinCount 1000bead f   LIBCMT:initcrit.obj
 0001:0000af72       __initp_heap_handler       1000bf72 f   LIBCMT:handler.obj
 0001:0000af7c       __callnewh                 1000bf7c f   LIBCMT:handler.obj
 0001:0000af9e       ___sbh_heap_init           1000bf9e f   LIBCMT:sbheap.obj
 0001:0000afe6       ___sbh_find_block          1000bfe6 f   LIBCMT:sbheap.obj
 0001:0000b011       ___sbh_free_block          1000c011 f   LIBCMT:sbheap.obj
 0001:0000b325       ___sbh_alloc_new_region    1000c325 f   LIBCMT:sbheap.obj
 0001:0000b3d5       ___sbh_alloc_new_group     1000c3d5 f   LIBCMT:sbheap.obj
 0001:0000b4db       ___sbh_resize_block        1000c4db f   LIBCMT:sbheap.obj
 0001:0000b7ba       ___sbh_alloc_block         1000c7ba f   LIBCMT:sbheap.obj
 0001:0000ba9d       __calloc_impl              1000ca9d f   LIBCMT:calloc.obj
 0001:0000bbbb       _realloc                   1000cbbb f   LIBCMT:realloc.obj
 0001:0000bdd6       __recalloc                 1000cdd6 f   LIBCMT:realloc.obj
 0001:0000bea0       __ismbblead                1000cea0 f   LIBCMT:ismbbyte.obj
 0001:0000beb4       __local_unwind4            1000ceb4 f   LIBCMT:exsup4.obj
 0001:0000bf8a       __seh_longjmp_unwind4@4    1000cf8a f   LIBCMT:exsup4.obj
 0001:0000bfa6       @_EH4_CallFilterFunc@8     1000cfa6 f   LIBCMT:exsup4.obj
 0001:0000bfbd       @_EH4_TransferToHandler@8  1000cfbd f   LIBCMT:exsup4.obj
 0001:0000bfd6       @_EH4_GlobalUnwind@4       1000cfd6 f   LIBCMT:exsup4.obj
 0001:0000bff0       @_EH4_LocalUnwind@16       1000cff0 f   LIBCMT:exsup4.obj
 0001:0000c007       ___report_gsfailure        1000d007 f   LIBCMT:gs_report.obj
 0001:0000c192       __VEC_memcpy               1000d192 f   LIBCMT:p4_memcpy.obj
 0001:0000c275       __strnicmp_l               1000d275 f   LIBCMT:strnicmp.obj
 0001:0000c590       _strtol                    1000d590 f   LIBCMT:strtol.obj
 0001:0000c5b9       __mbsnbicoll_l             1000d5b9 f   LIBCMT:mbsnbico.obj
 0001:0000c6a5       __mbsnbicoll               1000d6a5 f   LIBCMT:mbsnbico.obj
 0001:0000c6bc       ___wtomb_environ           1000d6bc f   LIBCMT:wtombenv.obj
 0001:0000c751       __read_nolock              1000d751 f   LIBCMT:read.obj
 0001:0000cd12       __read                     1000dd12 f   LIBCMT:read.obj
 0001:0000ce0f       __getbuf                   1000de0f f   LIBCMT:_getbuf.obj
 0001:0000ce53       ___initstdio               1000de53 f   LIBCMT:_file.obj
 0001:0000cf04       ___endstdio                1000df04 f   LIBCMT:_file.obj
 0001:0000cf24       __lock_file                1000df24 f   LIBCMT:_file.obj
 0001:0000cf60       __lock_file2               1000df60 f   LIBCMT:_file.obj
 0001:0000cf8e       __unlock_file              1000df8e f   LIBCMT:_file.obj
 0001:0000cfc4       __unlock_file2             1000dfc4 f   LIBCMT:_file.obj
 0001:0000cfee       __fptrap                   1000dfee f   LIBCMT:crt0fp.obj
 0001:0000cff7       ___crtMessageBoxA          1000dff7 f   LIBCMT:crtmbox.obj
 0001:0000d1b4       __set_error_mode           1000e1b4 f   LIBCMT:errmode.obj
 0001:0000d1fa       __msize                    1000e1fa f   LIBCMT:msize.obj
 0001:0000d29d       _abort                     1000e29d f   LIBCMT:abort.obj
 0001:0000d390       _memmove                   1000e390 f   LIBCMT:memmove.obj
 0001:0000d6f8       __global_unwind2           1000e6f8 f   LIBCMT:exsup.obj
 0001:0000d75d       __local_unwind2            1000e75d f   LIBCMT:exsup.obj
 0001:0000d7e1       __abnormal_termination     1000e7e1 f   LIBCMT:exsup.obj
 0001:0000d804       __NLG_Notify1              1000e804 f   LIBCMT:exsup.obj
 0001:0000d80d       __NLG_Notify               1000e80d f   LIBCMT:exsup.obj
 0001:0000d824       __NLG_Dispatch             1000e824     LIBCMT:exsup.obj
 0001:0000d824       __NLG_Dispatch2            1000e824     LIBCMT:exsup.obj
 0001:0000d82c       __NLG_Call                 1000e82c f   LIBCMT:exsup.obj
 0001:0000d82e       __NLG_Return2              1000e82e     LIBCMT:exsup.obj
 0001:0000d830       ___ascii_strnicmp          1000e830 f   LIBCMT:_strnicm.obj
 0001:0000d8a0       __aulldvrm                 1000e8a0 f   LIBCMT:ulldvrm.obj
 0001:0000dcbe       ___crtCompareStringA       1000ecbe f   LIBCMT:a_cmp.obj
 0001:0000dcfe       __strnicoll_l              1000ecfe f   LIBCMT:strnicol.obj
 0001:0000dea0       ___crtsetenv               1000eea0 f   LIBCMT:setenv.obj
 0001:0000e0ec       __lseeki64_nolock          1000f0ec f   LIBCMT:lseeki64.obj
 0001:0000e16f       __free_osfhnd              1000f16f f   LIBCMT:osfinfo.obj
 0001:0000e1f0       __get_osfhandle            1000f1f0 f   LIBCMT:osfinfo.obj
 0001:0000e261       ___lock_fhandle            1000f261 f   LIBCMT:osfinfo.obj
 0001:0000e301       __unlock_fhandle           1000f301 f   LIBCMT:osfinfo.obj
 0001:0000e323       __fcloseall                1000f323 f   LIBCMT:closeall.obj
 0001:0000e3c2       __flush                    1000f3c2 f   LIBCMT:fflush.obj
 0001:0000e424       __fflush_nolock            1000f424 f   LIBCMT:fflush.obj
 0001:0000e540       __flushall                 1000f540 f   LIBCMT:fflush.obj
 0001:0000e549       __strdup                   1000f549 f   LIBCMT:strdup.obj
 0001:0000e599       __mbschr_l                 1000f599 f   LIBCMT:mbschr.obj
 0001:0000e653       __mbschr                   1000f653 f   LIBCMT:mbschr.obj
 0001:0000e666       __fclose_nolock            1000f666 f   LIBCMT:fclose.obj
 0001:0000e6d8       _fclose                    1000f6d8 f   LIBCMT:fclose.obj
 0001:0000e754       __write_nolock             1000f754 f   LIBCMT:write.obj
 0001:0000ed1a       __write                    1000fd1a f   LIBCMT:write.obj
 0001:0000edf6       __commit                   1000fdf6 f   LIBCMT:commit.obj
 0001:0000eed7       __close_nolock             1000fed7 f   LIBCMT:close.obj
 0001:0000ef6b       __close                    1000ff6b f   LIBCMT:close.obj
 0001:0000f038       __freebuf                  10010038 f   LIBCMT:_freebuf.obj
 0001:0000f064       __putwch_nolock            10010064 f   LIBCMT:putwch.obj
 0001:0000f126       __isatty                   10010126 f   LIBCMT:isatty.obj
 0001:0000f184       ___initconout              10010184 f   LIBCMT:initcon.obj
 0001:0000f1a3       ___termcon                 100101a3 f   LIBCMT:initcon.obj
 0001:0000f1d0       _RtlUnwind@16              100101d0 f   kernel32:KERNEL32.dll
 0001:0000f5c4       __IMPORT_DESCRIPTOR_KERNEL32 100105c4     kernel32:KERNEL32.dll
 0001:0000f5d8       __NULL_IMPORT_DESCRIPTOR   100105d8     kernel32:KERNEL32.dll
 0002:00000110       ___initialmbcinfo          10011110     LIBCMT:mbctype.obj
 0002:00000330       __mbctype                  10011330     LIBCMT:mbctype.obj
 0002:00000438       __mbcasemap                10011438     LIBCMT:mbctype.obj
 0002:00000538       ___ptmbcinfo               10011538     LIBCMT:mbctype.obj
 0002:00000634       ___globallocalestatus      10011634     LIBCMT:glstatus.obj
 0002:00000638       ___clocalestr              10011638     LIBCMT:nlsdata2.obj
 0002:00000640       ___initiallocinfo          10011640     LIBCMT:nlsdata2.obj
 0002:00000718       ___ptlocinfo               10011718     LIBCMT:nlsdata2.obj
 0002:0000071c       ___lc_clike                1001171c     LIBCMT:nlsdata2.obj
 0002:00000720       ___initiallocalestructinfo 10011720     LIBCMT:nlsdata2.obj
 0002:00000728       ___flsindex                10011728     LIBCMT:tidtable.obj
 0002:0000072c       ___getvalueindex           1001172c     LIBCMT:tidtable.obj
 0002:000008b8       __timezone                 100118b8     LIBCMT:timeset.obj
 0002:000008bc       __daylight                 100118bc     LIBCMT:timeset.obj
 0002:000008c0       __dstbias                  100118c0     LIBCMT:timeset.obj
 0002:00000948       __tzname                   10011948     LIBCMT:timeset.obj
 0002:00000950       __aexit_rtn                10011950     LIBCMT:crt0dat.obj
 0002:00000958       ___badioinfo               10011958     LIBCMT:ioinit.obj
 0002:00000990       __amblksiz                 10011990     LIBCMT:heapinit.obj
 0002:00000998       __XcptActTab               10011998     LIBCMT:winxfltr.obj
 0002:00000a10       __First_FPE_Indx           10011a10     LIBCMT:winxfltr.obj
 0002:00000a14       __Num_FPE                  10011a14     LIBCMT:winxfltr.obj
 0002:00000a18       __XcptActTabSize           10011a18     LIBCMT:winxfltr.obj
 0002:00000a1c       __XcptActTabCount          10011a1c     LIBCMT:winxfltr.obj
 0002:00000a20       ___security_cookie         10011a20     LIBCMT:gs_cookie.obj
 0002:00000a24       ___security_cookie_complement 10011a24     LIBCMT:gs_cookie.obj
 0002:00000b48       __pctype                   10011b48     LIBCMT:ctype.obj
 0002:00000b4c       __pwctype                  10011b4c     LIBCMT:ctype.obj
 0002:00000b50       ___lc_time_c               10011b50     LIBCMT:strftime.obj
 0002:00000c08       ___lc_time_curr            10011c08     LIBCMT:strftime.obj
 0002:00000c0c       ___lconv_static_decimal    10011c0c     LIBCMT:lconv.obj
 0002:00000c10       ___lconv_c                 10011c10     LIBCMT:lconv.obj
 0002:00000c40       ___lconv                   10011c40     LIBCMT:lconv.obj
 0002:00000c44       ___mb_cur_max              10011c44     LIBCMT:nlsdata1.obj
 0002:00000c48       ___decimal_point           10011c48     LIBCMT:nlsdata1.obj
 0002:00000c4c       ___decimal_point_length    10011c4c     LIBCMT:nlsdata1.obj
 0002:00000c50       __lpdays                   10011c50     LIBCMT:days.obj
 0002:00000c84       __days                     10011c84     LIBCMT:days.obj
 0002:00000cb8       __cfltcvt_tab              10011cb8     LIBCMT:cmiscdat.obj
 0002:00000d98       __lookuptrailbytes         10011d98     LIBCMT:read.obj
 0002:00000e98       __iob                      10011e98     LIBCMT:_file.obj
 0002:00001118       ___abort_behavior          10012118     LIBCMT:abort.obj
 0002:00001120       __NLG_Destination          10012120     LIBCMT:exsup.obj
 0002:00001134       __coninpfh                 10012134     LIBCMT:initcon.obj
 0002:00001138       __confh                    10012138     LIBCMT:initcon.obj
 0002:00001140       ?FTP_Info@@3PAUFTPInterface@@A 10012140     p_All.obj
 0002:00001144       ?FTP_Module@@3PAUHINSTANCE__@@A 10012144     p_All.obj
 0002:0000116c       __aenvptr                  1001216c     LIBCMT:dllcrt0.obj
 0002:00001170       __wenvptr                  10012170     LIBCMT:dllcrt0.obj
 0002:00001174       ___error_mode              10012174     LIBCMT:dllcrt0.obj
 0002:00001178       ___app_type                10012178     LIBCMT:dllcrt0.obj
 0002:00001180       ___mbulinfo                10012180     LIBCMT:mbctype.obj
 0002:0000118c       ___mbcodepage              1001218c     LIBCMT:mbctype.obj
 0002:00001190       ___ismbcodepage            10012190     LIBCMT:mbctype.obj
 0002:00001194       ___mblcid                  10012194     LIBCMT:mbctype.obj
 0002:00001198       ___locale_changed          10012198     LIBCMT:setlocal.obj
 0002:0000119c       ___lc_handle               1001219c     LIBCMT:nlsdata2.obj
 0002:000011b4       ___lc_codepage             100121b4     LIBCMT:nlsdata2.obj
 0002:000011b8       ___lc_collate_cp           100121b8     LIBCMT:nlsdata2.obj
 0002:000011bc       _gpFlsAlloc                100121bc     LIBCMT:tidtable.obj
 0002:000011c0       _gpFlsGetValue             100121c0     LIBCMT:tidtable.obj
 0002:000011c4       _gpFlsSetValue             100121c4     LIBCMT:tidtable.obj
 0002:000011c8       _gpFlsFree                 100121c8     LIBCMT:tidtable.obj
 0002:000011d0       ___pInvalidArgHandler      100121d0     LIBCMT:invarg.obj
 0002:00001290       __umaskval                 10012290     LIBCMT:crt0dat.obj
 0002:00001294       __osplatform               10012294     LIBCMT:crt0dat.obj
 0002:00001298       __osver                    10012298     LIBCMT:crt0dat.obj
 0002:0000129c       __winver                   1001229c     LIBCMT:crt0dat.obj
 0002:000012a0       __winmajor                 100122a0     LIBCMT:crt0dat.obj
 0002:000012a4       __winminor                 100122a4     LIBCMT:crt0dat.obj
 0002:000012a8       ___argc                    100122a8     LIBCMT:crt0dat.obj
 0002:000012ac       ___argv                    100122ac     LIBCMT:crt0dat.obj
 0002:000012b0       ___wargv                   100122b0     LIBCMT:crt0dat.obj
 0002:000012b4       __environ                  100122b4     LIBCMT:crt0dat.obj
 0002:000012b8       ___initenv                 100122b8     LIBCMT:crt0dat.obj
 0002:000012bc       __wenviron                 100122bc     LIBCMT:crt0dat.obj
 0002:000012c0       ___winitenv                100122c0     LIBCMT:crt0dat.obj
 0002:000012c4       __pgmptr                   100122c4     LIBCMT:crt0dat.obj
 0002:000012c8       __wpgmptr                  100122c8     LIBCMT:crt0dat.obj
 0002:000012cc       __exitflag                 100122cc     LIBCMT:crt0dat.obj
 0002:000012d0       __C_Termination_Done       100122d0     LIBCMT:crt0dat.obj
 0002:000012d4       __C_Exit_Done              100122d4     LIBCMT:crt0dat.obj
 0002:000012d8       __maxwait                  100122d8     LIBCMT:crtheap.obj
 0002:000013ec       __crtheap                  100123ec     LIBCMT:heapinit.obj
 0002:00001548       ___lconv_static_null       10012548     LIBCMT:lconv.obj
 0002:00001864       ?__pInconsistency@@3P6AXXZA 10012864     LIBCMT:hooks.obj
 0002:00001888       ___pPurecall               10012888     LIBCMT:inithelp.obj
 0002:00001890       ?_pnhHeap@@3P6AHI@ZA       10012890     LIBCMT:handler.obj
 0002:00001894       ___sbh_pHeaderDefer        10012894     LIBCMT:sbheap.obj
 0002:00001bbc       __newmode                  10012bbc     LIBCMT:_newmode.obj
 0002:00001bc0       __cflush                   10012bc0     LIBCMT:_file.obj
 0002:00001bdc       ___piob                    10012bdc     <common>
 0002:00001be0       __bufin                    10012be0     <common>
 0002:00002be0       __nstream                  10013be0     <common>
 0002:00002be4       ___sbh_cntHeaderList       10013be4     <common>
 0002:00002be8       ___sbh_pHeaderList         10013be8     <common>
 0002:00002bec       ___sbh_threshold           10013bec     <common>
 0002:00002bf0       ___sbh_pHeaderScan         10013bf0     <common>
 0002:00002bf4       ___sbh_sizeHeaderList      10013bf4     <common>
 0002:00002bf8       ___sbh_indGroupDefer       10013bf8     <common>
 0002:00002bfc       __debugger_hook_dummy      10013bfc     <common>
 0002:00002c00       __pDestructExceptionObject 10013c00     <common>
 0002:00002c04       ___active_heap             10013c04     <common>
 0002:00002c08       __nhandle                  10013c08     <common>
 0002:00002c20       ___pioinfo                 10013c20     <common>
 0002:00002d20       ___env_initialized         10013d20     <common>
 0002:00002d24       ___onexitend               10013d24     <common>
 0002:00002d28       ___onexitbegin             10013d28     <common>
 0002:00002d2c       ___mbctype_initialized     10013d2c     <common>
 0002:00002d30       __FPinit                   10013d30     <common>
 0002:00002d34       ___dyn_tls_init_callback   10013d34     <common>
 0002:00002d38       ___use_sse2_mathfcns       10013d38     <common>
 0002:00002d3c       ___sse2_available          10013d3c     <common>
 0002:00002d40       __acmdln                   10013d40     <common>

 entry point at        0001:00005101

 Static symbols

 0001:00001bf3       ?ParseSystemInfo@@YIGPBD@Z 10002bf3 f   p_Main.obj
 0001:00004dab       _vscan_fn                  10005dab f   LIBCMT:sscanf.obj
 0001:0000500b       ___DllMainCRTStartup       1000600b f   LIBCMT:dllcrt0.obj
 0001:00005122       ?CPtoLCID@@YAHH@Z          10006122 f   LIBCMT:mbctype.obj
 0001:00005151       ?setSBCS@@YAXPAUthreadmbcinfostruct@@@Z 10006151 f   LIBCMT:mbctype.obj
 0001:000051a6       ?setSBUpLow@@YAXPAUthreadmbcinfostruct@@@Z 100061a6 f   LIBCMT:mbctype.obj
 0001:000053d4       ?getSystemCP@@YAHH@Z       100063d4 f   LIBCMT:mbctype.obj
 0001:00005a31       __updatetlocinfoEx_nolock  10006a31 f   LIBCMT:setlocal.obj
 0001:00005ae5       __use_encode_pointer       10006ae5 f   LIBCMT:tidtable.obj
 0001:000061db       ?__crtLCMapStringA_stat@@YAHPAUlocaleinfo_struct@@KKPBDHPADHHH@Z 100071db f   LIBCMT:a_map.obj
 0001:00006683       _fastzero_I                10007683 f   LIBCMT:p4_memset.obj
 0001:000068a7       __tzset_nolock             100078a7 f   LIBCMT:tzset.obj
 0001:00006bf0       _cvtdate                   10007bf0 f   LIBCMT:tzset.obj
 0001:00006de5       __isindst_nolock           10007de5 f   LIBCMT:tzset.obj
 0001:0000755b       ___check_float_string      1000855b f   LIBCMT:input.obj
 0001:000075af       __inc                      100085af f   LIBCMT:input.obj
 0001:000075c5       __whiteout                 100085c5 f   LIBCMT:input.obj
 0001:000082a8       __initterm                 100092a8 f   LIBCMT:crt0dat.obj
 0001:000083e5       _doexit                    100093e5 f   LIBCMT:crt0dat.obj
 0001:00008a4b       _parse_cmdline             10009a4b f   LIBCMT:stdargv.obj
 0001:0000934a       ?__crtGetStringTypeA_stat@@YAHPAUlocaleinfo_struct@@KPBDHPAGHHH@Z 1000a34a f   LIBCMT:a_str.obj
 0001:0000a2cc       _has_osfxsr_set            1000b2cc f   LIBCMT:cpu_disp.obj
 0001:0000a9b0       __onexit_nolock            1000b9b0 f   LIBCMT:onexit.obj
 0001:0000ac8e       _siglookup                 1000bc8e f   LIBCMT:winsig.obj
 0001:0000ae9d       ___crtInitCritSecNoSpinCount@8 1000be9d f   LIBCMT:initcrit.obj
 0001:0000be4f       ?x_ismbbtype_l@@YAHPAUlocaleinfo_struct@@IHH@Z 1000ce4f f   LIBCMT:ismbbyte.obj
 0001:0000bf44       __unwind_handler4          1000cf44 f   LIBCMT:exsup4.obj
 0001:0000c10b       _fastcopy_I                1000d10b f   LIBCMT:p4_memcpy.obj
 0001:0000c365       ?strtoxl@@YAKPAUlocaleinfo_struct@@PBDPAPBDHH@Z 1000d365 f   LIBCMT:strtol.obj
 0001:0000d718       __unwind_handler           1000e718 f   LIBCMT:exsup.obj
 0001:0000d935       ?__crtCompareStringA_stat@@YAHPAUlocaleinfo_struct@@KKPBDH1HH@Z 1000e935 f   LIBCMT:a_cmp.obj
 0001:0000ddf6       _findenv                   1000edf6 f   LIBCMT:setenv.obj
 0001:0000de43       _copy_environ              1000ee43 f   LIBCMT:setenv.obj
 0001:0000e466       _flsall                    1000f466 f   LIBCMT:fflush.obj
