 Align

 Timestamp is 4b85b084 (Thu Feb 25 00:04:36 2010)

 Preferred load address is 10000000

 Start         Length     Name                   Class
 0001:00000000 00000034H .idata$5                CODE
 0001:00000034 0000006eH .rdata                  CODE
 0001:000000b0 00000cc8H .text                   CODE
 0001:00000d78 00000028H .idata$2                CODE
 0001:00000da0 00000014H .idata$3                CODE
 0001:00000db4 00000034H .idata$4                CODE
 0001:00000de8 000000c2H .idata$6                CODE
 0001:00000eb0 00000097H .edata                  CODE
 0002:00000000 00000000H .data                   DATA
 0002:00000000 00000210H .bss                    DATA
 0003:00000000 00000058H .rsrc$01                DATA
 0003:00000060 00000360H .rsrc$02                DATA

  Address         Publics by Value              Rva+Base       Lib:Object

 0000:00000000       ___safe_se_handler_table   00000000     <absolute>
 0000:00000000       ___safe_se_handler_count   00000000     <absolute>
 0001:00000000       __imp__RegSetValueExW@24   10001000     advapi32:ADVAPI32.dll
 0001:00000004       __imp__RegCloseKey@4       10001004     advapi32:ADVAPI32.dll
 0001:00000008       __imp__RegOpenKeyExW@20    10001008     advapi32:ADVAPI32.dll
 0001:0000000c       __imp__RegCreateKeyExW@36  1000100c     advapi32:ADVAPI32.dll
 0001:00000010       __imp__RegQueryValueExW@24 10001010     advapi32:ADVAPI32.dll
 0001:00000014       \177ADVAPI32_NULL_THUNK_DATA 10001014     advapi32:ADVAPI32.dll
 0001:00000018       __imp__GetProcessHeap@0    10001018     kernel32:KERNEL32.dll
 0001:0000001c       __imp__HeapFree@12         1000101c     kernel32:KERNEL32.dll
 0001:00000020       __imp__lstrcpyW@8          10001020     kernel32:KERNEL32.dll
 0001:00000024       __imp__HeapReAlloc@16      10001024     kernel32:KERNEL32.dll
 0001:00000028       __imp__HeapAlloc@12        10001028     kernel32:KERNEL32.dll
 0001:0000002c       __imp__lstrcatW@8          1000102c     kernel32:KERNEL32.dll
 0001:00000030       \177KERNEL32_NULL_THUNK_DATA 10001030     kernel32:KERNEL32.dll
 0001:00000034       ??_C@_13FPGAJAPJ@?$AA?2?$AA?$AA@ 10001034     Align.obj
 0001:00000038       ??_C@_1O@ECALMHKL@?$AA?2?$AAA?$AAl?$AAi?$AAg?$AAn?$AA?$AA@ 10001038     Align.obj
 0001:00000048       ??_C@_15KNBIKKIN@?$AA?$CF?$AAd?$AA?$AA@ 10001048     Align.obj
 0001:00000050       ??_C@_1BA@MANOLHD@?$AAJ?$AAu?$AAs?$AAt?$AAi?$AAf?$AAy?$AA?$AA@ 10001050     Align.obj
 0001:00000060       ??_C@_1BE@NIKLIADP@?$AAS?$AAm?$AAa?$AAr?$AAt?$AAM?$AAo?$AAd?$AAe?$AA?$AA@ 10001060     Align.obj
 0001:00000074       ??_C@_1BC@PKHIBLMF@?$AAR?$AAe?$AAf?$AAo?$AAr?$AAm?$AAa?$AAt?$AA?$AA@ 10001074     Align.obj
 0001:00000088       ??_C@_1BI@JMKBMFLI@?$AAR?$AAi?$AAg?$AAh?$AAt?$AAM?$AAa?$AAr?$AAg?$AAi?$AAn?$AA?$AA@ 10001088     Align.obj
 0001:000000a0       ??_C@_11LOCGONAA@?$AA?$AA@ 100010a0     Align.obj
 0001:000000b0       __chkstk                   100010b0 f   chkstk.obj
 0001:000000b0       __alloca_probe             100010b0     chkstk.obj
 0001:000000db       _wmemset                   100010db f i Align.obj
 0001:00000106       ?CreateRegKey@@YIPAUHKEY__@@PAU1@PB_W@Z 10001106 f   Align.obj
 0001:00000177       ?OpenRegKey@@YIPAUHKEY__@@PAU1@PB_W@Z 10001177 f   Align.obj
 0001:000001e1       ?GetMsg@@YIPB_WH@Z         100011e1 f   Align.obj
 0001:000001ef       ?InitDialogItems@@YIXPBUInitDialogItem@@PAUFarDialogItem@@H@Z 100011ef f   Align.obj
 0001:00000266       _GetMinFarVersionW@0       10001266 f   Align.obj
 0001:0000026c       _SetStartupInfoW@4         1000126c f   Align.obj
 0001:000003e5       _GetPluginInfoW@4          100013e5 f   Align.obj
 0001:00000424       ?SetRegKey@@YIXPAUHKEY__@@PB_W1K@Z 10001424 f   Align.obj
 0001:0000044d       ?GetRegKey@@YIHPAUHKEY__@@PB_W1AAHK@Z 1000144d f   Align.obj
 0001:0000095e       _OpenPluginW@8             1000195e f   Align.obj
 0001:00000c60       _memcpy                    10001c60 f   libCRT:memcpy.obj
 0001:00000c90       _free                      10001c90 f   libCRT:free.obj
 0001:00000cb0       _memmove                   10001cb0 f   libCRT:memmove.obj
 0001:00000d10       _malloc                    10001d10 f   libCRT:malloc.obj
 0001:00000d30       _realloc                   10001d30 f   libCRT:realloc.obj
 0001:00000d78       __IMPORT_DESCRIPTOR_KERNEL32 10001d78     kernel32:KERNEL32.dll
 0001:00000d8c       __IMPORT_DESCRIPTOR_ADVAPI32 10001d8c     advapi32:ADVAPI32.dll
 0001:00000da0       __NULL_IMPORT_DESCRIPTOR   10001da0     kernel32:KERNEL32.dll
 0002:00000088       ?PluginRootKey@@3PA_WA     10002088     Align.obj
 0002:00000128       ?FSF@@3UFarStandardFunctions@@A 10002128     Align.obj

 entry point at        0000:00000000

 Static symbols

 0001:000002b3       ?JustifyString@@YIHHAAUEditorSetString@@@Z 100012b3 f   Align.obj
 0001:0000049f       ?ReformatBlock@@YIXHHH@Z   1000149f f   Align.obj
 0001:000008bc       ?JustifyBlock@@YIXH@Z      100018bc f   Align.obj
