 Proclist

 Timestamp is 4b85b125 (Thu Feb 25 00:07:17 2010)

 Preferred load address is 10000000

 Start         Length     Name                   Class
 0001:00000000 0000018cH .idata$5                CODE
 0001:00000190 00001c28H .rdata                  CODE
 0001:00001dc0 00007c84H .text                   CODE
 0001:00009a44 0000008cH .idata$2                CODE
 0001:00009ad0 00000014H .idata$3                CODE
 0001:00009ae4 0000018cH .idata$4                CODE
 0001:00009c70 0000069eH .idata$6                CODE
 0001:0000a310 00000191H .edata                  CODE
 0002:00000000 00000370H .data                   DATA
 0002:00000370 00025120H .bss                    DATA
 0003:00000000 00000058H .rsrc$01                DATA
 0003:00000060 00000378H .rsrc$02                DATA

  Address         Publics by Value              Rva+Base       Lib:Object

 0000:00000000       ___safe_se_handler_count   00000000     <absolute>
 0000:00000000       ___safe_se_handler_table   00000000     <absolute>
 0001:00000000       __imp__RegOpenKeyExW@20    10001000     advapi32:ADVAPI32.dll
 0001:00000004       __imp__RegCloseKey@4       10001004     advapi32:ADVAPI32.dll
 0001:00000008       __imp__RegQueryValueExW@24 10001008     advapi32:ADVAPI32.dll
 0001:0000000c       __imp__RegConnectRegistryW@12 1000100c     advapi32:ADVAPI32.dll
 0001:00000010       __imp__SetThreadToken@8    10001010     advapi32:ADVAPI32.dll
 0001:00000014       __imp__OpenThreadToken@16  10001014     advapi32:ADVAPI32.dll
 0001:00000018       __imp__AdjustTokenPrivileges@24 10001018     advapi32:ADVAPI32.dll
 0001:0000001c       __imp__LookupPrivilegeValueW@12 1000101c     advapi32:ADVAPI32.dll
 0001:00000020       __imp__DuplicateTokenEx@24 10001020     advapi32:ADVAPI32.dll
 0001:00000024       __imp__OpenProcessToken@12 10001024     advapi32:ADVAPI32.dll
 0001:00000028       __imp__RegCreateKeyExW@36  10001028     advapi32:ADVAPI32.dll
 0001:0000002c       __imp__RegSetValueExW@24   1000102c     advapi32:ADVAPI32.dll
 0001:00000030       __imp__GetUserNameW@8      10001030     advapi32:ADVAPI32.dll
 0001:00000034       \177ADVAPI32_NULL_THUNK_DATA 10001034     advapi32:ADVAPI32.dll
 0001:00000038       __imp__SetEvent@4          10001038     kernel32:KERNEL32.dll
 0001:0000003c       __imp__lstrcatW@8          1000103c     kernel32:KERNEL32.dll
 0001:00000040       __imp__lstrcpyW@8          10001040     kernel32:KERNEL32.dll
 0001:00000044       __imp__FileTimeToSystemTime@8 10001044     kernel32:KERNEL32.dll
 0001:00000048       __imp__lstrcmpiW@8         10001048     kernel32:KERNEL32.dll
 0001:0000004c       __imp__GetCurrentThreadId@0 1000104c     kernel32:KERNEL32.dll
 0001:00000050       __imp__GetTickCount@0      10001050     kernel32:KERNEL32.dll
 0001:00000054       __imp__SystemTimeToTzSpecificLocalTime@12 10001054     kernel32:KERNEL32.dll
 0001:00000058       __imp__GetLocalTime@4      10001058     kernel32:KERNEL32.dll
 0001:0000005c       __imp__GetSystemTimeAsFileTime@4 1000105c     kernel32:KERNEL32.dll
 0001:00000060       __imp__CreateFileW@28      10001060     kernel32:KERNEL32.dll
 0001:00000064       __imp__SetPriorityClass@8  10001064     kernel32:KERNEL32.dll
 0001:00000068       __imp__GetPriorityClass@4  10001068     kernel32:KERNEL32.dll
 0001:0000006c       __imp__lstrcmpW@8          1000106c     kernel32:KERNEL32.dll
 0001:00000070       __imp__ResetEvent@4        10001070     kernel32:KERNEL32.dll
 0001:00000074       __imp__GetProcessTimes@20  10001074     kernel32:KERNEL32.dll
 0001:00000078       __imp__WaitForMultipleObjects@16 10001078     kernel32:KERNEL32.dll
 0001:0000007c       __imp__CreateEventW@16     1000107c     kernel32:KERNEL32.dll
 0001:00000080       __imp__CreateMutexW@12     10001080     kernel32:KERNEL32.dll
 0001:00000084       __imp__GetProcAddress@8    10001084     kernel32:KERNEL32.dll
 0001:00000088       __imp__VirtualAlloc@16     10001088     kernel32:KERNEL32.dll
 0001:0000008c       __imp__TerminateProcess@8  1000108c     kernel32:KERNEL32.dll
 0001:00000090       __imp__OpenProcess@12      10001090     kernel32:KERNEL32.dll
 0001:00000094       __imp__UnmapViewOfFile@4   10001094     kernel32:KERNEL32.dll
 0001:00000098       __imp__MultiByteToWideChar@24 10001098     kernel32:KERNEL32.dll
 0001:0000009c       __imp__MapViewOfFile@20    1000109c     kernel32:KERNEL32.dll
 0001:000000a0       __imp__CreateFileMappingW@24 100010a0     kernel32:KERNEL32.dll
 0001:000000a4       __imp__ReadProcessMemory@20 100010a4     kernel32:KERNEL32.dll
 0001:000000a8       __imp__GetLastError@0      100010a8     kernel32:KERNEL32.dll
 0001:000000ac       __imp__GetCurrentThread@0  100010ac     kernel32:KERNEL32.dll
 0001:000000b0       __imp__GetDateFormatW@24   100010b0     kernel32:KERNEL32.dll
 0001:000000b4       __imp__GetTimeFormatW@24   100010b4     kernel32:KERNEL32.dll
 0001:000000b8       __imp__FileTimeToLocalFileTime@8 100010b8     kernel32:KERNEL32.dll
 0001:000000bc       __imp__LocalFree@4         100010bc     kernel32:KERNEL32.dll
 0001:000000c0       __imp__FormatMessageW@28   100010c0     kernel32:KERNEL32.dll
 0001:000000c4       __imp__DisableThreadLibraryCalls@4 100010c4     kernel32:KERNEL32.dll
 0001:000000c8       __imp__GetVersionExW@4     100010c8     kernel32:KERNEL32.dll
 0001:000000cc       __imp__HeapFree@12         100010cc     kernel32:KERNEL32.dll
 0001:000000d0       __imp__GetProcessHeap@0    100010d0     kernel32:KERNEL32.dll
 0001:000000d4       __imp__HeapAlloc@12        100010d4     kernel32:KERNEL32.dll
 0001:000000d8       __imp__HeapReAlloc@16      100010d8     kernel32:KERNEL32.dll
 0001:000000dc       __imp__VirtualFree@12      100010dc     kernel32:KERNEL32.dll
 0001:000000e0       __imp__SetLastError@4      100010e0     kernel32:KERNEL32.dll
 0001:000000e4       __imp__GetCurrentProcessId@0 100010e4     kernel32:KERNEL32.dll
 0001:000000e8       __imp__GetCurrentProcess@0 100010e8     kernel32:KERNEL32.dll
 0001:000000ec       __imp__DuplicateHandle@28  100010ec     kernel32:KERNEL32.dll
 0001:000000f0       __imp__lstrlenW@4          100010f0     kernel32:KERNEL32.dll
 0001:000000f4       __imp__lstrcpynW@12        100010f4     kernel32:KERNEL32.dll
 0001:000000f8       __imp__CreateThread@24     100010f8     kernel32:KERNEL32.dll
 0001:000000fc       __imp__TerminateThread@8   100010fc     kernel32:KERNEL32.dll
 0001:00000100       __imp__CloseHandle@4       10001100     kernel32:KERNEL32.dll
 0001:00000104       __imp__Sleep@4             10001104     kernel32:KERNEL32.dll
 0001:00000108       __imp__ReleaseMutex@4      10001108     kernel32:KERNEL32.dll
 0001:0000010c       __imp__WaitForSingleObject@8 1000110c     kernel32:KERNEL32.dll
 0001:00000110       __imp__GetModuleHandleW@4  10001110     kernel32:KERNEL32.dll
 0001:00000114       __imp__WriteFile@20        10001114     kernel32:KERNEL32.dll
 0001:00000118       \177KERNEL32_NULL_THUNK_DATA 10001118     kernel32:KERNEL32.dll
 0001:0000011c       __imp__WNetAddConnection2W@16 1000111c     mpr:MPR.dll
 0001:00000120       __imp__WNetCancelConnection2W@12 10001120     mpr:MPR.dll
 0001:00000124       \177MPR_NULL_THUNK_DATA    10001124     mpr:MPR.dll
 0001:00000128       __imp__SysAllocString@4    10001128     oleaut32:OLEAUT32.dll
 0001:0000012c       __imp__SysFreeString@4     1000112c     oleaut32:OLEAUT32.dll
 0001:00000130       __imp__VariantClear@4      10001130     oleaut32:OLEAUT32.dll
 0001:00000134       \177OLEAUT32_NULL_THUNK_DATA 10001134     oleaut32:OLEAUT32.dll
 0001:00000138       __imp__GetWindowThreadProcessId@8 10001138     user32:USER32.dll
 0001:0000013c       __imp__GetParent@4         1000113c     user32:USER32.dll
 0001:00000140       __imp__IsWindowVisible@4   10001140     user32:USER32.dll
 0001:00000144       __imp__GetWindowTextW@12   10001144     user32:USER32.dll
 0001:00000148       __imp__GetWindowLongW@8    10001148     user32:USER32.dll
 0001:0000014c       __imp__wsprintfW           1000114c     user32:USER32.dll
 0001:00000150       __imp__EnumWindows@8       10001150     user32:USER32.dll
 0001:00000154       __imp__ShowWindowAsync@8   10001154     user32:USER32.dll
 0001:00000158       __imp__GetWindowPlacement@8 10001158     user32:USER32.dll
 0001:0000015c       __imp__SetForegroundWindow@4 1000115c     user32:USER32.dll
 0001:00000160       __imp__SystemParametersInfoW@16 10001160     user32:USER32.dll
 0001:00000164       __imp__IsIconic@4          10001164     user32:USER32.dll
 0001:00000168       \177USER32_NULL_THUNK_DATA 10001168     user32:USER32.dll
 0001:0000016c       __imp__GetFileVersionInfoW@16 1000116c     version:VERSION.dll
 0001:00000170       __imp__GetFileVersionInfoSizeW@8 10001170     version:VERSION.dll
 0001:00000174       __imp__VerQueryValueW@16   10001174     version:VERSION.dll
 0001:00000178       \177VERSION_NULL_THUNK_DATA 10001178     version:VERSION.dll
 0001:0000017c       __imp__CoUninitialize@0    1000117c     ole32:ole32.dll
 0001:00000180       __imp__CoInitialize@4      10001180     ole32:ole32.dll
 0001:00000184       __imp__CoCreateInstance@20 10001184     ole32:ole32.dll
 0001:00000188       \177ole32_NULL_THUNK_DATA  10001188     ole32:ole32.dll
 0001:00000190       ??_C@_1BA@KLFBJALL@?$AAW?$AAm?$AAi?$AAG?$AAu?$AAi?$AAd?$AA?$AA@ 10001190     handles.obj
 0001:000001a0       ??_C@_19DDLLJDOO@?$AAF?$AAi?$AAl?$AAe?$AA?$AA@ 100011a0     handles.obj
 0001:000001ac       ??_C@_1BK@HCMNLOAL@?$AAI?$AAo?$AAC?$AAo?$AAm?$AAp?$AAl?$AAe?$AAt?$AAi?$AAo?$AAn?$AA?$AA@ 100011ac     handles.obj
 0001:000001c8       ??_C@_17EKANHMLE@?$AAJ?$AAo?$AAb?$AA?$AA@ 100011c8     handles.obj
 0001:000001d0       ??_C@_1BK@GACLFIOK@?$AAW?$AAa?$AAi?$AAt?$AAa?$AAb?$AAl?$AAe?$AAP?$AAo?$AAr?$AAt?$AA?$AA@ 100011d0     handles.obj
 0001:000001ec       ??_C@_19OBNDINH@?$AAP?$AAo?$AAr?$AAt?$AA?$AA@ 100011ec     handles.obj
 0001:000001f8       ??_C@_17KACEIPNC@?$AAK?$AAe?$AAy?$AA?$AA@ 100011f8     handles.obj
 0001:00000200       ??_C@_1BA@LHDKDEEN@?$AAS?$AAe?$AAc?$AAt?$AAi?$AAo?$AAn?$AA?$AA@ 10001200     handles.obj
 0001:00000210       ??_C@_1BA@CBCBMBGJ@?$AAD?$AAe?$AAs?$AAk?$AAt?$AAo?$AAp?$AA?$AA@ 10001210     handles.obj
 0001:00000220       ??_C@_1BM@JIPCCEDL@?$AAW?$AAi?$AAn?$AAd?$AAo?$AAw?$AAS?$AAt?$AAa?$AAt?$AAi?$AAo?$AAn?$AA?$AA@ 10001220     handles.obj
 0001:0000023c       ??_C@_1BA@OKEJPPOI@?$AAP?$AAr?$AAo?$AAf?$AAi?$AAl?$AAe?$AA?$AA@ 1000123c     handles.obj
 0001:0000024c       ??_C@_1M@EEEEDEMN@?$AAT?$AAi?$AAm?$AAe?$AAr?$AA?$AA@ 1000124c     handles.obj
 0001:00000258       ??_C@_1BE@NPGPGCB@?$AAS?$AAe?$AAm?$AAa?$AAp?$AAh?$AAo?$AAr?$AAe?$AA?$AA@ 10001258     handles.obj
 0001:0000026c       ??_C@_1O@FBKOCLFA@?$AAM?$AAu?$AAt?$AAa?$AAn?$AAt?$AA?$AA@ 1000126c     handles.obj
 0001:0000027c       ??_C@_1BE@EBMGBMON@?$AAE?$AAv?$AAe?$AAn?$AAt?$AAP?$AAa?$AAi?$AAr?$AA?$AA@ 1000127c     handles.obj
 0001:00000290       ??_C@_1M@JJBFPLJB@?$AAE?$AAv?$AAe?$AAn?$AAt?$AA?$AA@ 10001290     handles.obj
 0001:0000029c       ??_C@_1O@CDOGJPJJ@?$AAT?$AAh?$AAr?$AAe?$AAa?$AAd?$AA?$AA@ 1000129c     handles.obj
 0001:000002ac       ??_C@_1BA@NMDNJJOO@?$AAP?$AAr?$AAo?$AAc?$AAe?$AAs?$AAs?$AA?$AA@ 100012ac     handles.obj
 0001:000002bc       ??_C@_1M@JFPKKFCK@?$AAT?$AAo?$AAk?$AAe?$AAn?$AA?$AA@ 100012bc     handles.obj
 0001:000002c8       ??_C@_1BK@KDPOKCA@?$AAS?$AAy?$AAm?$AAb?$AAo?$AAl?$AAi?$AAc?$AAL?$AAi?$AAn?$AAk?$AA?$AA@ 100012c8     handles.obj
 0001:000002e4       ??_C@_1BE@DNDHOCGP@?$AAD?$AAi?$AAr?$AAe?$AAc?$AAt?$AAo?$AAr?$AAy?$AA?$AA@ 100012e4     handles.obj
 0001:000002f8       ??_C@_11LOCGONAA@?$AA?$AA@ 100012f8     handles.obj
 0001:0000035c       ??_C@_17CNPHIMPH@?$AA?$CF?$AAl?$AAs?$AA?$AA@ 1000135c     handles.obj
 0001:00000364       ??_C@_1BA@FDFONNEJ@?$AA?$CF?$AAs?$AA?5?$AA?$CI?$AA?$CF?$AAd?$AA?$CJ?$AA?$AA@ 10001364     handles.obj
 0001:00000374       ??_C@_1BE@ELICABCK@?$AA?$DM?$AAu?$AAn?$AAk?$AAn?$AAo?$AAw?$AAn?$AA?$DO?$AA?$AA@ 10001374     handles.obj
 0001:00000388       ??_C@_1BA@LGCEDAAB@?$AAT?$AAI?$AAD?$AA?3?$AA?5?$AA?$CF?$AAd?$AA?$AA@ 10001388     handles.obj
 0001:00000398       ??_C@_15GANGMFKL@?$AA?$CF?$AAs?$AA?$AA@ 10001398     handles.obj
 0001:000003a0       ??_C@_19PEALEEJB@?$AAH?$AAK?$AAL?$AAM?$AA?$AA@ 100013a0     handles.obj
 0001:000003ac       ??_C@_1BA@INBMCOAP@?$AAM?$AAA?$AAC?$AAH?$AAI?$AAN?$AAE?$AA?$AA@ 100013ac     handles.obj
 0001:000003bc       ??_C@_19NCHLBIN@?$AAH?$AAK?$AAC?$AAR?$AA?$AA@ 100013bc     handles.obj
 0001:000003c8       ??_C@_1DC@OIDKFHBF@?$AAM?$AAA?$AAC?$AAH?$AAI?$AAN?$AAE?$AA?2?$AAS?$AAO?$AAF?$AAT?$AAW?$AAA?$AAR?$AAE?$AA?2?$AAC?$AAL?$AAA?$AAS?$AAS?$AAE?$AAS?$AA?$AA@ 100013c8     handles.obj
 0001:000003fc       ??_C@_17PJOJPMPB@?$AAH?$AAK?$AAU?$AA?$AA@ 100013fc     handles.obj
 0001:00000404       ??_C@_1BK@OEABCBLA@?$AAH?$AAK?$AAC?$AAU?$AA?2?$AAC?$AAl?$AAa?$AAs?$AAs?$AAe?$AAs?$AA?$AA@ 10001404     handles.obj
 0001:00000420       ??_C@_19JAPAIJDE@?$AAH?$AAK?$AAC?$AAU?$AA?$AA@ 10001420     handles.obj
 0001:0000042c       ??_C@_1BC@PGMOPNLK@?$AA_?$AAC?$AAl?$AAa?$AAs?$AAs?$AAe?$AAs?$AA?$AA@ 1000142c     handles.obj
 0001:00000440       ??_C@_19KGHAHCFG@?$AAU?$AAS?$AAE?$AAR?$AA?$AA@ 10001440     handles.obj
 0001:0000044c       ??_C@_1BG@OKCBELMP@?$AA?2?$AAR?$AAE?$AAG?$AAI?$AAS?$AAT?$AAR?$AAY?$AA?2?$AA?$AA@ 1000144c     handles.obj
 0001:00000464       ??_C@_1O@EAOKCHFC@?$AA?$CF?$AA?9?$AA1?$AA3?$AAs?$AA?5?$AA?$AA@ 10001464     handles.obj
 0001:00000474       ??_C@_19DEJHOMFE@?$AA?9?$AA?$CF?$AAl?$AAu?$AA?$AA@ 10001474     handles.obj
 0001:00000480       ??_C@_1EC@MPDKEHCN@?$AA0?$AAx?$AA?$CF?$AA0?$AA2?$AAh?$AAx?$AA?$CF?$AA0?$AA2?$AAh?$AAx?$AA?$CF?$AA0?$AA2?$AAh?$AAx?$AA?$CF?$AA0?$AA2?$AAh?$AAx?$AA?$CF?$AA0?$AA2?$AAh?$AAx?$AA?$CF?$AA0?$AA2?$AAh?$AAx@ 10001480     handles.obj
 0001:000004c4       ??_C@_17IJMNDCL@?$AA?$CF?$AAl?$AAu?$AA?$AA@ 100014c4     handles.obj
 0001:000004cc       ??_C@_1BA@IGEMANKH@?$AA?2?$AAS?$AA?9?$AA?$CF?$AAl?$AAu?$AA?9?$AA?$AA@ 100014cc     handles.obj
 0001:000004dc       ??_C@_1BG@OCPCMCEA@?$AA?$CF?$AA5?$AAX?$AA?5?$AA?5?$AA?$CF?$AA0?$AA8?$AAX?$AA?5?$AA?$AA@ 100014dc     handles.obj
 0001:000004f4       ??_C@_1O@HAOIKAHJ@?$AA?$CF?$AAs?$AA?6?$AA?$CF?$AAs?$AA?6?$AA?$AA@ 100014f4     handles.obj
 0001:00000504       ??_C@_1BM@KMCHODLM@?$AAE?$AAx?$AAp?$AAo?$AAr?$AAt?$AAH?$AAa?$AAn?$AAd?$AAl?$AAe?$AAs?$AA?$AA@ 10001504     PCFG.OBJ
 0001:00000520       ??_C@_1CE@GNMOKOAL@?$AAE?$AAx?$AAp?$AAo?$AAr?$AAt?$AAP?$AAe?$AAr?$AAf?$AAo?$AAr?$AAm?$AAa?$AAn?$AAc?$AAe?$AA?$AA@ 10001520     PCFG.OBJ
 0001:00000544       ??_C@_1CI@OFLGHPDG@?$AAE?$AAx?$AAp?$AAo?$AAr?$AAt?$AAM?$AAo?$AAd?$AAu?$AAl?$AAe?$AAV?$AAe?$AAr?$AAs?$AAi?$AAo?$AAn?$AA?$AA@ 10001544     PCFG.OBJ
 0001:0000056c       ??_C@_1CC@OABICAMP@?$AAE?$AAx?$AAp?$AAo?$AAr?$AAt?$AAM?$AAo?$AAd?$AAu?$AAl?$AAe?$AAI?$AAn?$AAf?$AAo?$AA?$AA@ 1000156c     PCFG.OBJ
 0001:00000590       ??_C@_1CE@JIPJNDMD@?$AAE?$AAx?$AAp?$AAo?$AAr?$AAt?$AAE?$AAn?$AAv?$AAi?$AAr?$AAo?$AAn?$AAm?$AAe?$AAn?$AAt?$AA?$AA@ 10001590     PCFG.OBJ
 0001:000005b4       ??_C@_1CC@PNNAOHJC@?$AAA?$AAd?$AAd?$AAT?$AAo?$AAP?$AAl?$AAu?$AAg?$AAi?$AAn?$AAs?$AAM?$AAe?$AAn?$AAu?$AA?$AA@ 100015b4     PCFG.OBJ
 0001:000005d8       ??_C@_1BO@CKKGCGLO@?$AAD?$AAi?$AAs?$AAk?$AAs?$AAM?$AAe?$AAn?$AAu?$AAD?$AAi?$AAg?$AAi?$AAt?$AA?$AA@ 100015d8     PCFG.OBJ
 0001:000005f8       ??_C@_1BO@NGDOFANC@?$AAA?$AAd?$AAd?$AAT?$AAo?$AAD?$AAi?$AAs?$AAk?$AAs?$AAM?$AAe?$AAn?$AAu?$AA?$AA@ 100015f8     PCFG.OBJ
 0001:00000618       ??_C@_1BE@PKILIDFH@?$AAE?$AAn?$AAa?$AAb?$AAl?$AAe?$AAW?$AAM?$AAI?$AA?$AA@ 10001618     PCFG.OBJ
 0001:0000062c       ??_C@_1O@BJPKKLLM@?$AAC?$AAo?$AAn?$AAf?$AAi?$AAg?$AA?$AA@ 1000162c     PCFG.OBJ
 0001:0000063c       ??_C@_13LHMFKAAD@?$AAM?$AA?$AA@ 1000163c     Pclass.obj
 0001:00000640       ??_C@_13JCKOPPNP@?$AAK?$AA?$AA@ 10001640     Pclass.obj
 0001:00000644       ??_C@_1CC@EBBNDNOD@?$AAF?$AAu?$AAl?$AAl?$AAS?$AAc?$AAr?$AAe?$AAe?$AAn?$AAR?$AAe?$AAm?$AAo?$AAt?$AAe?$AA?$AA@ 10001644     Pclass.obj
 0001:00000668       ??_C@_1CA@HLBJOHGN@?$AAF?$AAu?$AAl?$AAl?$AAS?$AAc?$AAr?$AAe?$AAe?$AAn?$AAL?$AAo?$AAc?$AAa?$AAl?$AA?$AA@ 10001668     Pclass.obj
 0001:00000688       ??_C@_1BK@DDBMMJCN@?$AAW?$AAi?$AAd?$AAt?$AAh?$AAs?$AAR?$AAe?$AAm?$AAo?$AAt?$AAe?$AA?$AA@ 10001688     Pclass.obj
 0001:000006a4       ??_C@_1BI@FOOHDOCI@?$AAW?$AAi?$AAd?$AAt?$AAh?$AAs?$AAL?$AAo?$AAc?$AAa?$AAl?$AA?$AA@ 100016a4     Pclass.obj
 0001:000006bc       ??_C@_1BM@EDHFKJEJ@?$AAC?$AAo?$AAl?$AAu?$AAm?$AAn?$AAs?$AAR?$AAe?$AAm?$AAo?$AAt?$AAe?$AA?$AA@ 100016bc     Pclass.obj
 0001:000006d8       ??_C@_1BK@HMOODHKK@?$AAC?$AAo?$AAl?$AAu?$AAm?$AAn?$AAs?$AAL?$AAo?$AAc?$AAa?$AAl?$AA?$AA@ 100016d8     Pclass.obj
 0001:000006f4       ??_C@_1O@CBODAMOP@?$AAM?$AAo?$AAd?$AAe?$AA?$CF?$AAd?$AA?$AA@ 100016f4     Pclass.obj
 0001:00000704       ??_C@_15LNKNCLHH@?$AAS?$AAs?$AA?$AA@ 10001704     Pclass.obj
 0001:0000070c       ??_C@_13DEFPDAGF@?$AA?0?$AA?$AA@ 1000170c     Pclass.obj
 0001:00000710       ??_C@_19MPDKCIDK@?$AA?5?$AA?$CF?$AAs?$AA?5?$AA?$AA@ 10001710     Pclass.obj
 0001:0000071c       ??_C@_1BA@MFHNOFIJ@?$AA?$CF?$AAs?$AA?3?$AA?5?$AA?$CF?$AAs?$AA?5?$AA?$AA@ 1000171c     Pclass.obj
 0001:0000072c       ??_C@_13HOIJIPNN@?$AA?5?$AA?$AA@ 1000172c     Pclass.obj
 0001:00000730       ??_C@_17JJIMNMHK@?$AA?5?$AA?$CG?$AA?$FO?$AA?$AA@ 10001730     Pclass.obj
 0001:00000738       ??_C@_1M@EJMLOAMM@?$AA?$CF?$AA?9?$AA2?$AA2?$AAs?$AA?$AA@ 10001738     Pclass.obj
 0001:00000744       ??_C@_17DJGLCLAO@?$AA?$CF?$AAs?$AA?3?$AA?$AA@ 10001744     Pclass.obj
 0001:0000074c       ??_C@_17JLFEDMMI@?$AA?$DP?$AA?$DP?$AA?$DP?$AA?$AA@ 1000174c     Pclass.obj
 0001:00000754       ??_C@_1BO@EHJBCONC@?$AA?$CF?$AA0?$AA2?$AAd?$AA?3?$AA?$CF?$AA0?$AA2?$AAd?$AA?3?$AA?$CF?$AA0?$AA2?$AAd?$AA?$AA@ 10001754     Pclass.obj
 0001:00000774       ??_C@_1CE@OMPPCAIJ@?$AA?$CF?$AAd?$AA?5?$AA?$CF?$AA0?$AA2?$AAd?$AA?3?$AA?$CF?$AA0?$AA2?$AAd?$AA?3?$AA?$CF?$AA0?$AA2?$AAd?$AA?$AA@ 10001774     Pclass.obj
 0001:000007c8       ??_C@_1CO@PDLCNLLF@?$AA?2?$AA?$CF?$AAs?$AA?2?$AA?$CF?$AAs?$AA?2?$AAF?$AAi?$AAl?$AAe?$AAD?$AAe?$AAs?$AAc?$AAr?$AAi?$AAp?$AAt?$AAi?$AAo?$AAn?$AA?$AA@ 100017c8     Pclass.obj
 0001:000007f8       ??_C@_1CG@PJJCHAJ@?$AA?2?$AA?$CF?$AAs?$AA?2?$AA?$CF?$AAs?$AA?2?$AAF?$AAi?$AAl?$AAe?$AAV?$AAe?$AAr?$AAs?$AAi?$AAo?$AAn?$AA?$AA@ 100017f8     Pclass.obj
 0001:00000840       ??_C@_19JHEHLFPM@?$AA?2?$AA?$DP?$AA?$DP?$AA?2?$AA?$AA@ 10001840     Pclass.obj
 0001:0000084c       ??_C@_1O@CIJHDDGA@?$AA?$CF?$AAs?$AA?5?$AA?$CF?$AAs?$AA?6?$AA?$AA@ 1000184c     Pclass.obj
 0001:0000085c       ??_C@_1O@DGEEABED@?$AA?$CF?$AAs?$AA?5?$AA?$CF?$AAd?$AA?6?$AA?$AA@ 1000185c     Pclass.obj
 0001:0000086c       ??_C@_1M@CBILFCKF@?$AA?5?$AA?$CI?$AA?$CF?$AAs?$AA?$CJ?$AA?$AA@ 1000186c     Pclass.obj
 0001:00000878       ??_C@_17CHCGIDNB@?$AA?$CF?$AAs?$AA?2?$AA?$AA@ 10001878     Pclass.obj
 0001:00000880       ??_C@_17GMPJMPF@?$AA?$CF?$AAs?$AA?5?$AA?$AA@ 10001880     Pclass.obj
 0001:00000888       ??_C@_1BC@OMEIBLAI@?$AAw?$AAb?$AAe?$AAm?$AAc?$AAo?$AAm?$AAn?$AA?$AA@ 10001888     Pclass.obj
 0001:000009c0       ??_C@_1CM@OLKFIHMK@?$AAN?$AA?0?$AAX?$AA1?$AA5?$AAT?$AA?0?$AAX?$AA1?$AA6?$AAT?$AA?0?$AAX?$AA1?$AA7?$AAT?$AA?0?$AAX?$AA1?$AA8?$AAS?$AA?$AA@ 100019c0     Pclass.obj
 0001:000009ec       ??_C@_1BG@MNPGDOEP@?$AA1?$AA2?$AA?0?$AA0?$AA?0?$AA0?$AA?0?$AA0?$AA?0?$AA4?$AA?$AA@ 100019ec     Pclass.obj
 0001:00000a04       ??_C@_1BO@ONCLJEFA@?$AAN?$AA?0?$AAX?$AAI?$AA?0?$AAX?$AAP?$AA?0?$AAX?$AA0?$AAS?$AA?0?$AAX?$AA6?$AA?$AA@ 10001a04     Pclass.obj
 0001:00000a24       ??_C@_1BE@NCGLNDMK@?$AA0?$AA?0?$AA4?$AA?0?$AA2?$AA?0?$AA3?$AA?0?$AA9?$AA?$AA@ 10001a24     Pclass.obj
 0001:00000a38       ??_C@_17KNGPBKAK@?$AAN?$AA?0?$AAN?$AA?$AA@ 10001a38     Pclass.obj
 0001:00000a40       ??_C@_17JPFFEOAH@?$AA0?$AA?0?$AA0?$AA?$AA@ 10001a40     Pclass.obj
 0001:00000a48       ??_C@_1BI@FAMBFJKE@?$AAN?$AA?0?$AAX?$AAI?$AA?0?$AAX?$AAC?$AA?0?$AAD?$AA?0?$AAT?$AA?$AA@ 10001a48     Pclass.obj
 0001:00000a60       ??_C@_1BE@MONBDOED@?$AA0?$AA?0?$AA4?$AA?0?$AA4?$AA?0?$AA0?$AA?0?$AA0?$AA?$AA@ 10001a60     Pclass.obj
 0001:00000a74       ??_C@_1BG@MICALLFD@?$AAN?$AA?0?$AAX?$AAI?$AA?0?$AAX?$AA4?$AA?0?$AAX?$AA6?$AA?$AA@ 10001a74     Pclass.obj
 0001:00000a8c       ??_C@_1BA@CAEMMMKJ@?$AA0?$AA?0?$AA4?$AA?0?$AA9?$AA?0?$AA9?$AA?$AA@ 10001a8c     Pclass.obj
 0001:00000a9c       ??_C@_1DI@NKOPFHII@?$AAN?$AA?0?$AAX?$AAI?$AA?0?$AAX?$AA4?$AA?0?$AAX?$AA6?$AA?0?$AAX?$AA1?$AA0?$AA?0?$AAX?$AA1?$AA2?$AA?0?$AAX?$AA0?$AA?0?$AAX?$AA1?$AA?0?$AAX?$AA2?$AA?$AA@ 10001a9c     Pclass.obj
 0001:00000ad4       ??_C@_1CG@HGJJIJIH@?$AA1?$AA2?$AA?0?$AA4?$AA?0?$AA0?$AA?0?$AA0?$AA?0?$AA0?$AA?0?$AA0?$AA?0?$AA8?$AA?0?$AA8?$AA?0?$AA8?$AA?$AA@ 10001ad4     Pclass.obj
 0001:00000afc       ??_C@_19ILLMDDHI@?$AAN?$AA?0?$AAZ?$AAD?$AA?$AA@ 10001afc     Pclass.obj
 0001:00000b08       ??_C@_19NMOJBHGD@?$AA1?$AA2?$AA?0?$AA0?$AA?$AA@ 10001b08     Pclass.obj
 0001:00000b18       ??_C@_1EA@HPDEOPPH@?$AAN?$AA?0?$AAX?$AAP?$AA?0?$AAX?$AA0?$AAS?$AA?0?$AAX?$AA1?$AAS?$AA?0?$AAX?$AA2?$AAS?$AA?0?$AAX?$AA1?$AA1?$AAS?$AA?0?$AAX?$AA1?$AA4?$AAS?$AA?0?$AAX?$AA1?$AA8?$AAS?$AA?$AA@ 10001b18     Pclass.obj
 0001:00000b58       ??_C@_1CA@MGMNHCLL@?$AA0?$AA?0?$AA2?$AA?0?$AA3?$AA?0?$AA2?$AA?0?$AA2?$AA?0?$AA3?$AA?0?$AA4?$AA?0?$AA3?$AA?$AA@ 10001b58     Pclass.obj
 0001:00000b78       ??_C@_1O@JGFFCAGM@?$AAN?$AA?0?$AAX?$AAI?$AA?0?$AAO?$AA?$AA@ 10001b78     Pclass.obj
 0001:00000b88       ??_C@_1O@LAHJLGAL@?$AA0?$AA?0?$AA5?$AA?0?$AA1?$AA5?$AA?$AA@ 10001b88     Pclass.obj
 0001:00000b98       ??_C@_1CC@FANCGEGE@?$AAN?$AA?0?$AAX?$AAI?$AA?0?$AAX?$AAT?$AA?0?$AAX?$AA3?$AA?0?$AAX?$AAG?$AA?0?$AAX?$AAU?$AA?$AA@ 10001b98     Pclass.obj
 0001:00000bbc       ??_C@_1BI@DGDJEDOL@?$AA0?$AA?0?$AA4?$AA?0?$AA3?$AA?0?$AA4?$AA?0?$AA4?$AA?0?$AA4?$AA?$AA@ 10001bbc     Pclass.obj
 0001:00000bd4       ??_C@_1BG@DLHHMOAG@?$AAN?$AA?0?$AAX?$AAP?$AA?0?$AAX?$AAB?$AA?0?$AAX?$AAI?$AA?$AA@ 10001bd4     Pclass.obj
 0001:00000bec       ??_C@_1BA@CKKHBCHK@?$AA0?$AA?0?$AA2?$AA?0?$AA2?$AA?0?$AA8?$AA?$AA@ 10001bec     Pclass.obj
 0001:00000bfc       ??_C@_1BM@BJDIPJPB@?$AAN?$AA?0?$AAX?$AAP?$AA?0?$AAX?$AAI?$AA?0?$AAX?$AAC?$AA?0?$AAX?$AAT?$AA?$AA@ 10001bfc     Pclass.obj
 0001:00000c18       ??_C@_1BE@FJBKKOHN@?$AA0?$AA?0?$AA2?$AA?0?$AA8?$AA?0?$AA8?$AA?0?$AA3?$AA?$AA@ 10001c18     Pclass.obj
 0001:00000c2c       ??_C@_17PBMJFEI@?$AAN?$AA?0?$AAS?$AA?$AA@ 10001c2c     Pclass.obj
 0001:00000c34       ??_C@_17FKOBGGOI@?$AA0?$AA?0?$AA8?$AA?$AA@ 10001c34     Pclass.obj
 0001:00000c3c       ??_C@_19FEMHPDLA@?$AAN?$AA?0?$AAZ?$AAP?$AA?$AA@ 10001c3c     Pclass.obj
 0001:00000c48       ??_C@_19MJBAMLAJ@?$AAN?$AA?0?$AAZ?$AAW?$AA?$AA@ 10001c48     Pclass.obj
 0001:00000c54       ??_C@_1BA@KIJKDIOA@?$AAN?$AA?0?$AAX?$AAI?$AA?0?$AAX?$AAT?$AA?$AA@ 10001c54     Pclass.obj
 0001:00000c64       ??_C@_1M@BLKDGAA@?$AA0?$AA?0?$AA8?$AA?0?$AA3?$AA?$AA@ 10001c64     Pclass.obj
 0001:00000c70       ??_C@_1BG@COBJEPBB@?$AAN?$AA?0?$AAX?$AAI?$AA?0?$AAX?$AAT?$AA?0?$AAX?$AA3?$AA?$AA@ 10001c70     Pclass.obj
 0001:00000c88       ??_C@_1BA@EDOGAILM@?$AA0?$AA?0?$AA4?$AA?0?$AA3?$AA?0?$AA4?$AA?$AA@ 10001c88     Pclass.obj
 0001:00000c98       ??_C@_15DNHPCDHG@?$AAT?$AAt?$AA?$AA@ 10001c98     Pclass.obj
 0001:00000ca0       ??_C@_15JOGBDECP@?$AA?0?$AA?5?$AA?$AA@ 10001ca0     Pclass.obj
 0001:00000ca8       ??_C@_1BE@PEGLKBKB@?$AA?6?$AA?$CF?$AAs?$AA?6?$AA?$CF?$AAs?$AA?$CF?$AAs?$AA?6?$AA?$AA@ 10001ca8     Pclass.obj
 0001:00000cbc       ??_C@_1BO@LJMHGFAK@?$AA?$CF?$AA?9?$AA2?$AA2?$AAs?$AA?5?$AA?$CF?$AA0?$AA8?$AAX?$AA?5?$AA?$CF?$AAs?$AA?6?$AA?$AA@ 10001cbc     Pclass.obj
 0001:00000e00       ??_C@_1BE@JKDBKCGH@?$AA?$CF?$AA?9?$AA2?$AA2?$AAs?$AA?5?$AA?$CF?$AAp?$AA?6?$AA?$AA@ 10001e00     Pclass.obj
 0001:00000e14       ??_C@_1M@NOMFOFMP@?$AAH?$AAW?$AAN?$AAD?$AA?3?$AA?$AA@ 10001e14     Pclass.obj
 0001:00000e20       ??_C@_1BA@DHHNFIMD@?$AA?6?$AA?$CF?$AAs?$AA?5?$AA?$CF?$AAu?$AA?6?$AA?$AA@ 10001e20     Pclass.obj
 0001:00000e30       ??_C@_1BC@MLKIHIFN@?$AA?6?$AA?$CF?$AAs?$AA?3?$AA?6?$AA?$CF?$AAs?$AA?6?$AA?$AA@ 10001e30     Pclass.obj
 0001:00000e44       ??_C@_1BG@MDLBKGIE@?$AA?6?$AA?$CF?$AAs?$AA?5?$AA?$CF?$AAs?$AA?5?$AA?$CF?$AAs?$AA?6?$AA?$AA@ 10001e44     Pclass.obj
 0001:00000e5c       ??_C@_1BA@OBCELLNO@?$AA?6?$AA?$CF?$AAs?$AA?5?$AA?$CF?$AAs?$AA?6?$AA?$AA@ 10001e5c     Pclass.obj
 0001:00000e6c       ??_C@_1BA@DLBDKDON@?$AA?$CF?$AAs?$AA?5?$AA?$CF?$AA8?$AAu?$AA?6?$AA?$AA@ 10001e6c     Pclass.obj
 0001:00000e7c       ??_C@_1O@POMONAHN@?$AA?$CF?$AAs?$AA?5?$AA?$CF?$AAu?$AA?6?$AA?$AA@ 10001e7c     Pclass.obj
 0001:00000e8c       ??_C@_1M@LFADDFHG@?$AA?$CF?$AA0?$AA8?$AAX?$AA?6?$AA?$AA@ 10001e8c     Pclass.obj
 0001:00000e98       ??_C@_17BPBJDALC@?$AA?$CF?$AAu?$AA?6?$AA?$AA@ 10001e98     Pclass.obj
 0001:00000ea0       ??_C@_1BE@OMBNFFBH@?$AA?$CF?$AAu?$AA?5?$AA?5?$AA?$CI?$AA?$CF?$AAs?$AA?$CJ?$AA?6?$AA?$AA@ 10001ea0     Pclass.obj
 0001:00000eb4       ??_C@_1BC@CLLLJKLA@?$AA?$CF?$AAs?$AA?5?$AA?$CF?$AA0?$AA8?$AAX?$AA?6?$AA?$AA@ 10001eb4     Pclass.obj
 0001:00000ec8       ??_C@_1BC@NEODPHBM@?$AA?$CF?$AAs?$AA?5?$AA?$CF?$AAs?$AA?$CF?$AAs?$AA?6?$AA?$AA@ 10001ec8     Pclass.obj
 0001:00000edc       ??_C@_1O@CNKEJBH@?$AA?0?$AA?5?$AA?$CF?$AAd?$AA?$CF?$AAs?$AA?$AA@ 10001edc     Pclass.obj
 0001:00000f04       ??_C@_19GGNHIDOH@?$AA?4?$AAt?$AAx?$AAt?$AA?$AA@ 10001f04     Pclass.obj
 0001:00000f10       ??_C@_1BC@OMEIHGFC@?$AAW?$AAS?$AA_?$AAP?$AAO?$AAP?$AAU?$AAP?$AA?$AA@ 10001f10     Pclass.obj
 0001:00000f24       ??_C@_1BC@ONEEOLLM@?$AAW?$AAS?$AA_?$AAC?$AAH?$AAI?$AAL?$AAD?$AA?$AA@ 10001f24     Pclass.obj
 0001:00000f38       ??_C@_1BI@GHDIGAD@?$AAW?$AAS?$AA_?$AAM?$AAI?$AAN?$AAI?$AAM?$AAI?$AAZ?$AAE?$AA?$AA@ 10001f38     Pclass.obj
 0001:00000f50       ??_C@_1BG@KLPFHNBP@?$AAW?$AAS?$AA_?$AAV?$AAI?$AAS?$AAI?$AAB?$AAL?$AAE?$AA?$AA@ 10001f50     Pclass.obj
 0001:00000f68       ??_C@_1BI@NKODCGOF@?$AAW?$AAS?$AA_?$AAD?$AAI?$AAS?$AAA?$AAB?$AAL?$AAE?$AAD?$AA?$AA@ 10001f68     Pclass.obj
 0001:00000f80       ??_C@_1CA@PCFJBBHH@?$AAW?$AAS?$AA_?$AAC?$AAL?$AAI?$AAP?$AAS?$AAI?$AAB?$AAL?$AAI?$AAN?$AAG?$AAS?$AA?$AA@ 10001f80     Pclass.obj
 0001:00000fa0       ??_C@_1CA@MPLGGIO@?$AAW?$AAS?$AA_?$AAC?$AAL?$AAI?$AAP?$AAC?$AAH?$AAI?$AAL?$AAD?$AAR?$AAE?$AAN?$AA?$AA@ 10001fa0     Pclass.obj
 0001:00000fc0       ??_C@_1BI@OLBAGOJG@?$AAW?$AAS?$AA_?$AAM?$AAA?$AAX?$AAI?$AAM?$AAI?$AAZ?$AAE?$AA?$AA@ 10001fc0     Pclass.obj
 0001:00000fd8       ??_C@_1BE@DAMMEKNP@?$AAW?$AAS?$AA_?$AAB?$AAO?$AAR?$AAD?$AAE?$AAR?$AA?$AA@ 10001fd8     Pclass.obj
 0001:00000fec       ??_C@_1BI@EDHINADK@?$AAW?$AAS?$AA_?$AAD?$AAL?$AAG?$AAF?$AAR?$AAA?$AAM?$AAE?$AA?$AA@ 10001fec     Pclass.obj
 0001:00001004       ??_C@_1BG@CKCLFGFA@?$AAW?$AAS?$AA_?$AAV?$AAS?$AAC?$AAR?$AAO?$AAL?$AAL?$AA?$AA@ 10002004     Pclass.obj
 0001:0000101c       ??_C@_1BG@OMIOJOGF@?$AAW?$AAS?$AA_?$AAH?$AAS?$AAC?$AAR?$AAO?$AAL?$AAL?$AA?$AA@ 1000201c     Pclass.obj
 0001:00001034       ??_C@_1BG@KJOBMDJC@?$AAW?$AAS?$AA_?$AAS?$AAY?$AAS?$AAM?$AAE?$AAN?$AAU?$AA?$AA@ 10002034     Pclass.obj
 0001:0000104c       ??_C@_1BM@GPNNOPCH@?$AAW?$AAS?$AA_?$AAT?$AAH?$AAI?$AAC?$AAK?$AAF?$AAR?$AAA?$AAM?$AAE?$AA?$AA@ 1000204c     Pclass.obj
 0001:00001068       ??_C@_1BO@FODKBODI@?$AAW?$AAS?$AA_?$AAM?$AAI?$AAN?$AAI?$AAM?$AAI?$AAZ?$AAE?$AAB?$AAO?$AAX?$AA?$AA@ 10002068     Pclass.obj
 0001:00001088       ??_C@_1BO@IDJMAOMI@?$AAW?$AAS?$AA_?$AAM?$AAA?$AAX?$AAI?$AAM?$AAI?$AAZ?$AAE?$AAB?$AAO?$AAX?$AA?$AA@ 10002088     Pclass.obj
 0001:000010a8       ??_C@_1CI@PKBCIOPN@?$AAW?$AAS?$AA_?$AAE?$AAX?$AA_?$AAD?$AAL?$AAG?$AAM?$AAO?$AAD?$AAA?$AAL?$AAF?$AAR?$AAA?$AAM?$AAE?$AA?$AA@ 100020a8     Pclass.obj
 0001:000010d0       ??_C@_1CK@KJECLHMG@?$AAW?$AAS?$AA_?$AAE?$AAX?$AA_?$AAN?$AAO?$AAP?$AAA?$AAR?$AAE?$AAN?$AAT?$AAN?$AAO?$AAT?$AAI?$AAF?$AAY?$AA?$AA@ 100020d0     Pclass.obj
 0001:000010fc       ??_C@_1BM@OCBKBALE@?$AAW?$AAS?$AA_?$AAE?$AAX?$AA_?$AAT?$AAO?$AAP?$AAM?$AAO?$AAS?$AAT?$AA?$AA@ 100020fc     Pclass.obj
 0001:00001118       ??_C@_1CE@JIDMMICL@?$AAW?$AAS?$AA_?$AAE?$AAX?$AA_?$AAA?$AAC?$AAC?$AAE?$AAP?$AAT?$AAF?$AAI?$AAL?$AAE?$AAS?$AA?$AA@ 10002118     Pclass.obj
 0001:0000113c       ??_C@_1CE@PFFPBMCF@?$AAW?$AAS?$AA_?$AAE?$AAX?$AA_?$AAT?$AAR?$AAA?$AAN?$AAS?$AAP?$AAA?$AAR?$AAE?$AAN?$AAT?$AA?$AA@ 1000213c     Pclass.obj
 0001:00001160       ??_C@_1BO@MEOEJPLO@?$AAW?$AAS?$AA_?$AAE?$AAX?$AA_?$AAM?$AAD?$AAI?$AAC?$AAH?$AAI?$AAL?$AAD?$AA?$AA@ 10002160     Pclass.obj
 0001:00001180       ??_C@_1CC@IEIGGJGG@?$AAW?$AAS?$AA_?$AAE?$AAX?$AA_?$AAT?$AAO?$AAO?$AAL?$AAW?$AAI?$AAN?$AAD?$AAO?$AAW?$AA?$AA@ 10002180     Pclass.obj
 0001:000011a4       ??_C@_1CC@PLPNIKGL@?$AAW?$AAS?$AA_?$AAE?$AAX?$AA_?$AAW?$AAI?$AAN?$AAD?$AAO?$AAW?$AAE?$AAD?$AAG?$AAE?$AA?$AA@ 100021a4     Pclass.obj
 0001:000011c8       ??_C@_1CC@IAPGCLEG@?$AAW?$AAS?$AA_?$AAE?$AAX?$AA_?$AAC?$AAL?$AAI?$AAE?$AAN?$AAT?$AAE?$AAD?$AAG?$AAE?$AA?$AA@ 100021c8     Pclass.obj
 0001:000011ec       ??_C@_1CE@EANKNCIF@?$AAW?$AAS?$AA_?$AAE?$AAX?$AA_?$AAC?$AAO?$AAN?$AAT?$AAE?$AAX?$AAT?$AAH?$AAE?$AAL?$AAP?$AA?$AA@ 100021ec     Pclass.obj
 0001:00001210       ??_C@_1BI@GFIADCMK@?$AAW?$AAS?$AA_?$AAE?$AAX?$AA_?$AAR?$AAI?$AAG?$AAH?$AAT?$AA?$AA@ 10002210     Pclass.obj
 0001:00001228       ??_C@_1CC@JOFCJJPB@?$AAW?$AAS?$AA_?$AAE?$AAX?$AA_?$AAR?$AAT?$AAL?$AAR?$AAE?$AAA?$AAD?$AAI?$AAN?$AAG?$AA?$AA@ 10002228     Pclass.obj
 0001:0000124c       ??_C@_1CI@EFLDECAB@?$AAW?$AAS?$AA_?$AAE?$AAX?$AA_?$AAL?$AAE?$AAF?$AAT?$AAS?$AAC?$AAR?$AAO?$AAL?$AAL?$AAB?$AAA?$AAR?$AA?$AA@ 1000224c     Pclass.obj
 0001:00001274       ??_C@_1CI@CIFGFFJB@?$AAW?$AAS?$AA_?$AAE?$AAX?$AA_?$AAC?$AAO?$AAN?$AAT?$AAR?$AAO?$AAL?$AAP?$AAA?$AAR?$AAE?$AAN?$AAT?$AA?$AA@ 10002274     Pclass.obj
 0001:0000129c       ??_C@_1CC@BGEPLDCA@?$AAW?$AAS?$AA_?$AAE?$AAX?$AA_?$AAS?$AAT?$AAA?$AAT?$AAI?$AAC?$AAE?$AAD?$AAG?$AAE?$AA?$AA@ 1000229c     Pclass.obj
 0001:000012c0       ??_C@_1CA@DOAIHHLO@?$AAW?$AAS?$AA_?$AAE?$AAX?$AA_?$AAA?$AAP?$AAP?$AAW?$AAI?$AAN?$AAD?$AAO?$AAW?$AA?$AA@ 100022c0     Pclass.obj
 0001:000012e0       ??_C@_1BM@FAODAMGD@?$AAW?$AAS?$AA_?$AAE?$AAX?$AA_?$AAL?$AAA?$AAY?$AAE?$AAR?$AAE?$AAD?$AA?$AA@ 100022e0     Pclass.obj
 0001:000012fc       ??_C@_1CM@DJKNBOGD@?$AAW?$AAS?$AA_?$AAE?$AAX?$AA_?$AAN?$AAO?$AAI?$AAN?$AAH?$AAE?$AAR?$AAI?$AAT?$AAL?$AAA?$AAY?$AAO?$AAU?$AAT?$AA?$AA@ 100022fc     Pclass.obj
 0001:00001328       ??_C@_1CA@KMHLBMFI@?$AAW?$AAS?$AA_?$AAE?$AAX?$AA_?$AAL?$AAA?$AAY?$AAO?$AAU?$AAT?$AAR?$AAT?$AAL?$AA?$AA@ 10002328     Pclass.obj
 0001:00001348       ??_C@_1CC@LOFMDOPL@?$AAW?$AAS?$AA_?$AAE?$AAX?$AA_?$AAN?$AAO?$AAA?$AAC?$AAT?$AAI?$AAV?$AAA?$AAT?$AAE?$AA?$AA@ 10002348     Pclass.obj
 0001:0000136c       ??_C@_1BC@IALIJCAM@?$AAS?$AAo?$AAr?$AAt?$AAM?$AAo?$AAd?$AAe?$AA?$AA@ 1000236c     Pclass.obj
 0001:00001380       ??_C@_1BO@OMKAPLPJ@?$AAS?$AAt?$AAa?$AAr?$AAt?$AAP?$AAa?$AAn?$AAe?$AAl?$AAM?$AAo?$AAd?$AAe?$AA?$AA@ 10002380     Pclass.obj
 0001:000013a0       ??_C@_1M@MOFLFCEC@?$AA?$CF?$AAs?$AA?5?$AA?$CF?$AAs?$AA?$AA@ 100023a0     Pclass.obj
 0001:000013ac       ??_C@_1M@HKFBKEEN@?$AA?$CF?$AA?$CF?$AA?5?$AA?$CF?$AAs?$AA?$AA@ 100023ac     Pclass.obj
 0001:000013d4       ??_C@_1BC@ENICKDH@?$AAC?$AAo?$AAn?$AAt?$AAe?$AAn?$AAt?$AAs?$AA?$AA@ 100023d4     Pclass.obj
 0001:000013e8       ??_C@_15LEKKCGMK@?$AA?2?$AA?2?$AA?$AA@ 100023e8     Pclass.obj
 0001:000013f0       ??_C@_1CK@ECJCGOEK@?$AAP?$AAr?$AAo?$AAc?$AAe?$AAs?$AAs?$AAL?$AAi?$AAs?$AAt?$AA?4?$AAU?$AAs?$AAe?$AAr?$AAn?$AAa?$AAm?$AAe?$AA?$AA@ 100023f0     Pclass.obj
 0001:0000141c       ??_C@_1CK@DGKCELDD@?$AAP?$AAr?$AAo?$AAc?$AAe?$AAs?$AAs?$AAL?$AAi?$AAs?$AAt?$AA?4?$AAC?$AAo?$AAm?$AAp?$AAu?$AAt?$AAe?$AAr?$AA?$AA@ 1000241c     Pclass.obj
 0001:00001448       ??_C@_17FJPEEFCB@?$AAp?$AAr?$AAc?$AA?$AA@ 10002448     Pclass.obj
 0001:00001450       ??_C@_15DDHGOCBH@?$AA?4?$AA?4?$AA?$AA@ 10002450     Pclass.obj
 0001:00001458       ??_C@_1DA@BEHINMGJ@?$AAI?$AAO?$AA?5?$AAO?$AAt?$AAh?$AAe?$AAr?$AA?5?$AAO?$AAp?$AAe?$AAr?$AAa?$AAt?$AAi?$AAo?$AAn?$AAs?$AA?1?$AAs?$AAe?$AAc?$AA?$AA@ 10002458     perfthread.obj
 0001:00001488       ??_C@_1DA@HICMAFKK@?$AAI?$AAO?$AA?5?$AAW?$AAr?$AAi?$AAt?$AAe?$AA?5?$AAO?$AAp?$AAe?$AAr?$AAa?$AAt?$AAi?$AAo?$AAn?$AAs?$AA?1?$AAs?$AAe?$AAc?$AA?$AA@ 10002488     perfthread.obj
 0001:000014b8       ??_C@_1CO@LIIKBHDH@?$AAI?$AAO?$AA?5?$AAR?$AAe?$AAa?$AAd?$AA?5?$AAO?$AAp?$AAe?$AAr?$AAa?$AAt?$AAi?$AAo?$AAn?$AAs?$AA?1?$AAs?$AAe?$AAc?$AA?$AA@ 100024b8     perfthread.obj
 0001:000014e8       ??_C@_1CO@LIEOHDCC@?$AAI?$AAO?$AA?5?$AAD?$AAa?$AAt?$AAa?$AA?5?$AAO?$AAp?$AAe?$AAr?$AAa?$AAt?$AAi?$AAo?$AAn?$AAs?$AA?1?$AAs?$AAe?$AAc?$AA?$AA@ 100024e8     perfthread.obj
 0001:00001518       ??_C@_1CG@LBBBPCJA@?$AAI?$AAO?$AA?5?$AAO?$AAt?$AAh?$AAe?$AAr?$AA?5?$AAB?$AAy?$AAt?$AAe?$AAs?$AA?1?$AAs?$AAe?$AAc?$AA?$AA@ 10002518     perfthread.obj
 0001:00001540       ??_C@_1CG@MEJHKKKF@?$AAI?$AAO?$AA?5?$AAW?$AAr?$AAi?$AAt?$AAe?$AA?5?$AAB?$AAy?$AAt?$AAe?$AAs?$AA?1?$AAs?$AAe?$AAc?$AA?$AA@ 10002540     perfthread.obj
 0001:00001568       ??_C@_1CE@EFLEKJAB@?$AAI?$AAO?$AA?5?$AAR?$AAe?$AAa?$AAd?$AA?5?$AAB?$AAy?$AAt?$AAe?$AAs?$AA?1?$AAs?$AAe?$AAc?$AA?$AA@ 10002568     perfthread.obj
 0001:0000158c       ??_C@_1CE@DFDFLLAO@?$AAI?$AAO?$AA?5?$AAD?$AAa?$AAt?$AAa?$AA?5?$AAB?$AAy?$AAt?$AAe?$AAs?$AA?1?$AAs?$AAe?$AAc?$AA?$AA@ 1000258c     perfthread.obj
 0001:000015b0       ??_C@_1CG@KJOKFONA@?$AAV?$AAi?$AAr?$AAt?$AAu?$AAa?$AAl?$AA?5?$AAB?$AAy?$AAt?$AAe?$AAs?$AA?5?$AAP?$AAe?$AAa?$AAk?$AA?$AA@ 100025b0     perfthread.obj
 0001:000015d8       ??_C@_1BM@FMIOMJAE@?$AAV?$AAi?$AAr?$AAt?$AAu?$AAa?$AAl?$AA?5?$AAB?$AAy?$AAt?$AAe?$AAs?$AA?$AA@ 100025d8     perfthread.obj
 0001:000015f4       ??_C@_1CA@GADAGCME@?$AAP?$AAa?$AAg?$AAe?$AA?5?$AAF?$AAa?$AAu?$AAl?$AAt?$AAs?$AA?1?$AAs?$AAe?$AAc?$AA?$AA@ 100025f4     perfthread.obj
 0001:00001614       ??_C@_1BM@DGDPAMAA@?$AAP?$AAr?$AAi?$AAv?$AAa?$AAt?$AAe?$AA?5?$AAB?$AAy?$AAt?$AAe?$AAs?$AA?$AA@ 10002614     perfthread.obj
 0001:00001630       ??_C@_1CC@IMBAECJF@?$AAP?$AAo?$AAo?$AAl?$AA?5?$AAP?$AAa?$AAg?$AAe?$AAd?$AA?5?$AAB?$AAy?$AAt?$AAe?$AAs?$AA?$AA@ 10002630     perfthread.obj
 0001:00001654       ??_C@_1CI@LLKMGPEG@?$AAP?$AAo?$AAo?$AAl?$AA?5?$AAN?$AAo?$AAn?$AAp?$AAa?$AAg?$AAe?$AAd?$AA?5?$AAB?$AAy?$AAt?$AAe?$AAs?$AA?$AA@ 10002654     perfthread.obj
 0001:0000167c       ??_C@_1CC@OFJLEPCP@?$AAW?$AAo?$AAr?$AAk?$AAi?$AAn?$AAg?$AA?5?$AAS?$AAe?$AAt?$AA?5?$AAP?$AAe?$AAa?$AAk?$AA?$AA@ 1000267c     perfthread.obj
 0001:000016a0       ??_C@_1BI@GCOMDKEO@?$AAW?$AAo?$AAr?$AAk?$AAi?$AAn?$AAg?$AA?5?$AAS?$AAe?$AAt?$AA?$AA@ 100026a0     perfthread.obj
 0001:000016b8       ??_C@_1CK@FGGMBBIH@?$AAP?$AAa?$AAg?$AAe?$AA?5?$AAF?$AAi?$AAl?$AAe?$AA?5?$AAB?$AAy?$AAt?$AAe?$AAs?$AA?5?$AAP?$AAe?$AAa?$AAk?$AA?$AA@ 100026b8     perfthread.obj
 0001:000016e4       ??_C@_1CA@KJMNGIDJ@?$AAP?$AAa?$AAg?$AAe?$AA?5?$AAF?$AAi?$AAl?$AAe?$AA?5?$AAB?$AAy?$AAt?$AAe?$AAs?$AA?$AA@ 100026e4     perfthread.obj
 0001:00001704       ??_C@_1BK@FAAJNJIB@?$AAH?$AAa?$AAn?$AAd?$AAl?$AAe?$AA?5?$AAC?$AAo?$AAu?$AAn?$AAt?$AA?$AA@ 10002704     perfthread.obj
 0001:00001720       ??_C@_1BI@IIOPEKIO@?$AA?$CF?$AA?5?$AAU?$AAs?$AAe?$AAr?$AA?5?$AAT?$AAi?$AAm?$AAe?$AA?$AA@ 10002720     perfthread.obj
 0001:00001738       ??_C@_1CE@FNEMIHOD@?$AA?$CF?$AA?5?$AAP?$AAr?$AAi?$AAv?$AAi?$AAl?$AAe?$AAg?$AAe?$AAd?$AA?5?$AAT?$AAi?$AAm?$AAe?$AA?$AA@ 10002738     perfthread.obj
 0001:0000175c       ??_C@_1CC@DNHMJIKH@?$AA?$CF?$AA?5?$AAP?$AAr?$AAo?$AAc?$AAe?$AAs?$AAs?$AAo?$AAr?$AA?5?$AAT?$AAi?$AAm?$AAe?$AA?$AA@ 1000275c     perfthread.obj
 0001:00001780       ??_C@_19DOGDICKI@?$AA?4?$AAe?$AAx?$AAe?$AA?$AA@ 10002780     perfthread.obj
 0001:0000178c       ??_C@_19DLCFHDFF@?$AAP?$AAE?$AAR?$AAF?$AA?$AA@ 1000278c     perfthread.obj
 0001:00001798       ??_C@_1BK@IKAFHKBD@?$AAE?$AAl?$AAa?$AAp?$AAs?$AAe?$AAd?$AA?5?$AAT?$AAi?$AAm?$AAe?$AA?$AA@ 10002798     perfthread.obj
 0001:000017b4       ??_C@_1CI@FNIEMNAI@?$AAC?$AAr?$AAe?$AAa?$AAt?$AAi?$AAn?$AAg?$AA?5?$AAP?$AAr?$AAo?$AAc?$AAe?$AAs?$AAs?$AA?5?$AAI?$AAD?$AA?$AA@ 100027b4     perfthread.obj
 0001:000017dc       ??_C@_1BK@KCHPPKHP@?$AAT?$AAh?$AAr?$AAe?$AAa?$AAd?$AA?5?$AAC?$AAo?$AAu?$AAn?$AAt?$AA?$AA@ 100027dc     perfthread.obj
 0001:000017f8       ??_C@_1BM@KCAKLHJN@?$AAP?$AAr?$AAi?$AAo?$AAr?$AAi?$AAt?$AAy?$AA?5?$AAB?$AAa?$AAs?$AAe?$AA?$AA@ 100027f8     perfthread.obj
 0001:00001814       ??_C@_1BG@NKNJPBCD@?$AAI?$AAD?$AA?5?$AAP?$AAr?$AAo?$AAc?$AAe?$AAs?$AAs?$AA?$AA@ 10002814     perfthread.obj
 0001:0000182c       ??_C@_1BC@IICCDNLG@?$AAC?$AAo?$AAu?$AAn?$AAt?$AAe?$AAr?$AAs?$AA?$AA@ 1000282c     perfthread.obj
 0001:00001840       ??_C@_1HE@NBDABLAL@?$AAS?$AAo?$AAf?$AAt?$AAw?$AAa?$AAr?$AAe?$AA?2?$AAM?$AAi?$AAc?$AAr?$AAo?$AAs?$AAo?$AAf?$AAt?$AA?2?$AAW?$AAi?$AAn?$AAd?$AAo?$AAw?$AAs?$AA?5?$AAN?$AAT?$AA?2?$AAC?$AAu@ 10002840     perfthread.obj
 0001:000018b4       ??_C@_0L@CMGAAJA@Heap32Next?$AA@ 100028b4     PLIST95.OBJ
 0001:000018c0       ??_C@_0M@PIAPHADL@Heap32First?$AA@ 100028c0     PLIST95.OBJ
 0001:000018cc       ??_C@_0P@EPDKPNHA@Heap32ListNext?$AA@ 100028cc     PLIST95.OBJ
 0001:000018dc       ??_C@_0BA@FIEIGOLO@Heap32ListFirst?$AA@ 100028dc     PLIST95.OBJ
 0001:000018ec       ??_C@_0O@LGJLFMBH@Process32Next?$AA@ 100028ec     PLIST95.OBJ
 0001:000018fc       ??_C@_0P@ILGHDLOE@Process32First?$AA@ 100028fc     PLIST95.OBJ
 0001:0000190c       ??_C@_0N@KIGOLBLC@Module32Next?$AA@ 1000290c     PLIST95.OBJ
 0001:0000191c       ??_C@_0O@CNMFJJGO@Module32First?$AA@ 1000291c     PLIST95.OBJ
 0001:0000192c       ??_C@_0BJ@JEFKDHMD@CreateToolhelp32Snapshot?$AA@ 1000292c     PLIST95.OBJ
 0001:00001948       ??_C@_1BK@DBDEIDLH@?$AAK?$AAE?$AAR?$AAN?$AAE?$AAL?$AA3?$AA2?$AA?4?$AAD?$AAL?$AAL?$AA?$AA@ 10002948     PLIST95.OBJ
 0001:00001964       ??_C@_1BK@PJGKJIOK@?$AA?5?$AA?$CF?$AAp?$AA?5?$AA?5?$AA?$CF?$AA6?$AAX?$AA?5?$AA?5?$AA?$CF?$AAs?$AA?$AA@ 10002964     PLIST95.OBJ
 0001:00001980       ??_C@_19NGFMKOON@?$AA?$CF?$AA0?$AA8?$AAX?$AA?$AA@ 10002980     PLIST95.OBJ
 0001:0000198c       ??_C@_1CC@DMDJMJLM@?$AAS?$AAe?$AAD?$AAe?$AAb?$AAu?$AAg?$AAP?$AAr?$AAi?$AAv?$AAi?$AAl?$AAe?$AAg?$AAe?$AA?$AA@ 1000298c     Plistnt.obj
 0001:000019b0       ??_C@_1M@GPDJLPMI@?$AA?4?$AA?$CF?$AA0?$AA3?$AAd?$AA?$AA@ 100029b0     Plistnt.obj
 0001:000019bc       ??_C@_1M@PKJMICCL@?$AA?$CF?$AA1?$AA0?$AAd?$AA?6?$AA?$AA@ 100029bc     Plistnt.obj
 0001:000019c8       ??_C@_1BA@DJJLONDK@?$AA?$CF?$AA1?$AA0?$AA?4?$AA0?$AAf?$AA?6?$AA?$AA@ 100029c8     Plistnt.obj
 0001:000019d8       ??_C@_1BK@FGPDCFEM@?$AA?$CF?$AA1?$AA0?$AAd?$AA?5?$AA?5?$AA?$CF?$AA5?$AAd?$AA?$CF?$AAs?$AA?6?$AA?$AA@ 100029d8     Plistnt.obj
 0001:000019f4       ??_C@_1CC@EKFMKAAC@?$AA?$CF?$AA1?$AA0?$AA?4?$AA0?$AAf?$AA?5?$AA?5?$AA?$CF?$AA5?$AA?4?$AA0?$AAf?$AA?$CF?$AAs?$AA?6?$AA?$AA@ 100029f4     Plistnt.obj
 0001:00001a18       ??_C@_1BI@HAFBCFCK@?$AA?$CF?$AAs?$AA?5?$AA?$CF?$AA7?$AA?4?$AA0?$AAf?$AA?$CF?$AA?$CF?$AA?6?$AA?$AA@ 10002a18     Plistnt.obj
 0001:00001a30       ??_C@_1O@KBBIJFEI@?$AA?$CF?$AA?9?$AA2?$AA4?$AAs?$AA?5?$AA?$AA@ 10002a30     Plistnt.obj
 0001:00001a40       ??_C@_13EBCNDICG@?$AA?3?$AA?$AA@ 10002a40     Plistnt.obj
 0001:00001a44       ??_C@_17MJEANDKP@?$AA?$CF?$AAs?$AA?6?$AA?$AA@ 10002a44     Plistnt.obj
 0001:00001a4c       ??_C@_19FJPIAKGM@?$AA?$CF?$AAs?$AA?6?$AA?6?$AA?$AA@ 10002a4c     Plistnt.obj
 0001:00001a58       ??_C@_1BA@LFJAMCEC@?$AA?$CF?$AAs?$AA?5?$AA?$CF?$AAs?$AA?6?$AA?6?$AA?$AA@ 10002a58     Plistnt.obj
 0001:00001a68       ??_C@_17ENEANJDH@?$AA?5?$AA?$CF?$AAs?$AA?$AA@ 10002a68     Plistnt.obj
 0001:00001a70       ??_C@_1BE@KPJOOIA@?$AA?5?$AA?5?$AA?$CF?$AAp?$AA?5?$AA?5?$AA?$CF?$AA6?$AAX?$AA?$AA@ 10002a70     Plistnt.obj
 0001:00001a84       ??_C@_15JNBOKNOG@?$AA?$AN?$AA?6?$AA?$AA@ 10002a84     Pmix.obj
 0001:00001a8c       ??_C@_1BG@FFJGBKCB@?$AAE?$AAr?$AAr?$AAo?$AAr?$AA?5?$AA0?$AAx?$AA?$CF?$AAx?$AA?$AA@ 10002a8c     Pmix.obj
 0001:00001aa4       ??_C@_1M@DFKENGJN@?$AA?$CF?$AAs?$AA?2?$AA?$CF?$AAs?$AA?$AA@ 10002aa4     preg.obj
 0001:00001ab0       _IID_IWbemLocator          10002ab0     WMI.obj
 0001:00001ac0       _CLSID_WbemLocator         10002ac0     WMI.obj
 0001:00001ad0       ??_C@_1DA@PALBKFDP@?$AAW?$AAi?$AAn?$AA3?$AA2?$AA_?$AAP?$AAr?$AAo?$AAc?$AAe?$AAs?$AAs?$AA?4?$AAH?$AAa?$AAn?$AAd?$AAl?$AAe?$AA?$DN?$AA?$CF?$AAd?$AA?$AA@ 10002ad0     WMI.obj
 0001:00001b00       ??_C@_1BO@CLCOBGDE@?$AAE?$AAx?$AAe?$AAc?$AAu?$AAt?$AAa?$AAb?$AAl?$AAe?$AAP?$AAa?$AAt?$AAh?$AA?$AA@ 10002b00     WMI.obj
 0001:00001b20       ??_C@_1BC@JHNNEHFE@?$AAP?$AAr?$AAi?$AAo?$AAr?$AAi?$AAt?$AAy?$AA?$AA@ 10002b20     WMI.obj
 0001:00001b34       ??_C@_1O@OAMNPMOM@?$AAD?$AAo?$AAm?$AAa?$AAi?$AAn?$AA?$AA@ 10002b34     WMI.obj
 0001:00001b44       ??_C@_19PIJILKAI@?$AAU?$AAs?$AAe?$AAr?$AA?$AA@ 10002b44     WMI.obj
 0001:00001b50       ??_C@_1BC@HJJANEGO@?$AAG?$AAe?$AAt?$AAO?$AAw?$AAn?$AAe?$AAr?$AA?$AA@ 10002b50     WMI.obj
 0001:00001b64       ??_C@_17NKMLOKHF@?$AAS?$AAi?$AAd?$AA?$AA@ 10002b64     WMI.obj
 0001:00001b6c       ??_C@_1BI@OIPNMPCL@?$AAG?$AAe?$AAt?$AAO?$AAw?$AAn?$AAe?$AAr?$AAS?$AAi?$AAd?$AA?$AA@ 10002b6c     WMI.obj
 0001:00001b84       ??_C@_1BE@CFEJJKFE@?$AAS?$AAe?$AAs?$AAs?$AAi?$AAo?$AAn?$AAI?$AAd?$AA?$AA@ 10002b84     WMI.obj
 0001:00001b98       ??_C@_1BI@FLOHINJE@?$AAR?$AAe?$AAt?$AAu?$AAr?$AAn?$AAV?$AAa?$AAl?$AAu?$AAe?$AA?$AA@ 10002b98     WMI.obj
 0001:00001bb0       ??_C@_1BM@MLGLIGHJ@?$AAW?$AAi?$AAn?$AA3?$AA2?$AA_?$AAP?$AAr?$AAo?$AAc?$AAe?$AAs?$AAs?$AA?$AA@ 10002bb0     WMI.obj
 0001:00001bcc       ??_C@_1BI@NKNJJIDM@?$AAS?$AAe?$AAt?$AAP?$AAr?$AAi?$AAo?$AAr?$AAi?$AAt?$AAy?$AA?$AA@ 10002bcc     WMI.obj
 0001:00001be4       ??_C@_1BE@PBPGMODO@?$AAT?$AAe?$AAr?$AAm?$AAi?$AAn?$AAa?$AAt?$AAe?$AA?$AA@ 10002be4     WMI.obj
 0001:00001bf8       ??_C@_1O@GGHBFGJC@?$AAR?$AAe?$AAa?$AAs?$AAo?$AAn?$AA?$AA@ 10002bf8     WMI.obj
 0001:00001c08       ??_C@_1CA@ECJNGEII@?$AA?2?$AA?2?$AA?$CF?$AAs?$AA?2?$AAr?$AAo?$AAo?$AAt?$AA?2?$AAc?$AAi?$AAm?$AAv?$AA2?$AA?$AA@ 10002c08     WMI.obj
 0001:00001c28       ??_C@_13JOFGPIOO@?$AA?4?$AA?$AA@ 10002c28     WMI.obj
 0001:00001c2c       ??_C@_0BF@GDAFCOOE@CoInitializeSecurity?$AA@ 10002c2c     Proclist.obj
 0001:00001c44       ??_C@_1M@FFPAMFOB@?$AAo?$AAl?$AAe?$AA3?$AA2?$AA?$AA@ 10002c44     Proclist.obj
 0001:00001c50       ??_C@_0BA@FKGDNIJG@GetGuiResources?$AA@ 10002c50     Proclist.obj
 0001:00001c60       ??_C@_1O@BCCLBEOE@?$AAu?$AAs?$AAe?$AAr?$AA3?$AA2?$AA?$AA@ 10002c60     Proclist.obj
 0001:00001c70       ??_C@_0BD@MCBOPCDK@LookupAccountNameW?$AA@ 10002c70     Proclist.obj
 0001:00001c84       ??_C@_0BD@LMGFHOAE@GetSidSubAuthority?$AA@ 10002c84     Proclist.obj
 0001:00001c98       ??_C@_0BI@LPFJALDI@GetSidSubAuthorityCount?$AA@ 10002c98     Proclist.obj
 0001:00001cb0       ??_C@_0BK@FIHGNING@GetSidIdentifierAuthority?$AA@ 10002cb0     Proclist.obj
 0001:00001ccc       ??_C@_0L@KJHKJIPF@IsValidSid?$AA@ 10002ccc     Proclist.obj
 0001:00001cd8       ??_C@_1BC@DNHGCMLG@?$AAa?$AAd?$AAv?$AAa?$AAp?$AAi?$AA3?$AA2?$AA?$AA@ 10002cd8     Proclist.obj
 0001:00001cec       ??_C@_0P@LKABJJMO@IsWow64Process?$AA@ 10002cec     Proclist.obj
 0001:00001cfc       ??_C@_1BC@GDMECMAK@?$AAk?$AAe?$AAr?$AAn?$AAe?$AAl?$AA3?$AA2?$AA?$AA@ 10002cfc     Proclist.obj
 0001:00001d10       ??_C@_0BH@DLPGICA@NtQueryInformationFile?$AA@ 10002d10     Proclist.obj
 0001:00001d28       ??_C@_0BJ@NDLOPGCH@NtQuerySystemInformation?$AA@ 10002d28     Proclist.obj
 0001:00001d44       ??_C@_0O@IFMDHOMC@NtQueryObject?$AA@ 10002d44     Proclist.obj
 0001:00001d54       ??_C@_0BJ@HKKELGGC@NtQueryInformationThread?$AA@ 10002d54     Proclist.obj
 0001:00001d70       ??_C@_0BK@EGDDIFMK@NtQueryInformationProcess?$AA@ 10002d70     Proclist.obj
 0001:00001d8c       ??_C@_1M@OAIMIKLP@?$AAn?$AAt?$AAd?$AAl?$AAl?$AA?$AA@ 10002d8c     Proclist.obj
 0001:00001d98       ??_C@_1BC@ILOHPJPI@?$AA?$CF?$AAs?$AA?2?$AAP?$AAl?$AAi?$AAs?$AAt?$AA?$AA@ 10002d98     Proclist.obj
 0001:00001dac       ??_C@_1M@MNPEKPKO@?$AAp?$AAl?$AAi?$AAs?$AAt?$AA?$AA@ 10002dac     Proclist.obj
 0001:00001dc0       __chkstk                   10002dc0 f   chkstk.obj
 0001:00001dc0       __alloca_probe             10002dc0     chkstk.obj
 0001:00001deb       ?fputc@@YIHHPAX@Z          10002deb f   fileio.obj
 0001:00001e11       ??0Lock@@QAE@PAVPerfThread@@@Z 10002e11 f i handles.obj
 0001:00001e3b       ?GOODSTATUS@@YI_NJ@Z       10002e3b f i handles.obj
 0001:000023e3       ?IsSupportedHandle@@YI_NAAU_SYSTEM_HANDLE_TABLE_ENTRY_INFO@@@Z 100033e3 f i handles.obj
 0001:000025f6       ?PrintHandleInfo@@YI_NKPAX_NPAVPerfThread@@@Z 100035f6 f   handles.obj
 0001:0000278a       ?MakeViewOptions@@YIXPAUFarDialogItem@@AAU_Opt@@H@Z 1000378a f   PCFG.OBJ
 0001:00002814       ?GetViewOptions@@YIXPAXHAAU_Opt@@@Z 10003814 f   PCFG.OBJ
 0001:00002893       ?Write@_Opt@@SIXXZ         10003893 f   PCFG.OBJ
 0001:00002924       ?Read@_Opt@@SIXXZ          10003924 f   PCFG.OBJ
 0001:000029cf       ?Config@@YIHXZ             100039cf f   PCFG.OBJ
 0001:00002c5a       _wmemset                   10003c5a f i Pclass.obj
 0001:00002c85       ?Menu@Plist@@AAEHIPA_W00PAHPAUFarMenuItem@@H@Z 10003c85 f i Pclass.obj
 0001:00002cb5       ?SmartReread@PerfThread@@QAEXXZ 10003cb5 f i Pclass.obj
 0001:00002ccd       ??0StrTok@@QAE@PB_W0@Z     10003ccd f i Pclass.obj
 0001:00002cf7       ??0ui64Table@@QAE@XZ       10003cf7 f   Pclass.obj
 0001:00002d1f       ?tenpow@ui64Table@@QAE_KI@Z 10003d1f f   Pclass.obj
 0001:00002deb       ?SavePanelModes@Plist@@SIXXZ 10003deb f   Pclass.obj
 0001:00002e9c       ?TranslateMode@Plist@@CI_NPB_WPA_W@Z 10003e9c f   Pclass.obj
 0001:00002fea       ?GeneratePanelModes@Plist@@AAEXXZ 10003fea f   Pclass.obj
 0001:000031bd       ?PanelModes@Plist@@QAEPAUPanelMode@@AAH@Z 100041bd f   Pclass.obj
 0001:00003242       ?GetOpenPluginInfo@Plist@@QAEXPAUOpenPluginInfo@@@Z 10004242 f   Pclass.obj
 0001:0000332f       ?EnumWndProc@@YGHPAUHWND__@@J@Z 1000432f f   Pclass.obj
 0001:000033a5       ?FreeFindData@Plist@@QAEXPAUPluginPanelItem@@H@Z 100043a5 f   Pclass.obj
 0001:000033fc       ?Reread@Plist@@AAEXXZ      100043fc f   Pclass.obj
 0001:00003451       ?PutToCmdLine@Plist@@AAEXPA_W@Z 10004451 f   Pclass.obj
 0001:000034ec       ?PrintTitle@Plist@@SIPA_WH@Z 100044ec f   Pclass.obj
 0001:0000352e       ?FileTimeToText@Plist@@AAEXPAU_FILETIME@@0PA_W@Z 1000452e f   Pclass.obj
 0001:000035f1       ?GetVersionInfo@Plist@@SI_NPA_WAAPAEAAPA_W2@Z 100045f1 f   Pclass.obj
 0001:00003707       ?PrintVersionInfo@Plist@@AAEXPAXPA_W@Z 10004707 f   Pclass.obj
 0001:000037ad       ?ConnectWMI@Plist@@AAE_NXZ 100047ad f   Pclass.obj
 0001:0000381e       ?PrintOwnerInfo@Plist@@AAEXPAXK@Z 1000481e f   Pclass.obj
 0001:000039d3       ?Compare@Plist@@QAEHPBUPluginPanelItem@@0I@Z 100049d3 f   Pclass.obj
 0001:00003b33       ?WmiError@Plist@@AAEXXZ    10004b33 f   Pclass.obj
 0001:00003b62       ??0?$Array@_W@@QAE@K@Z     10004b62 f i Pclass.obj
 0001:00003b9b       ??0?$Array@UFarMenuItem@@@@QAE@K@Z 10004b9b f i Pclass.obj
 0001:00003bd4       ?InitializePanelModes@Plist@@SIXXZ 10004bd4 f   Pclass.obj
 0001:00003db0       ?GetFindData@Plist@@QAEHAAPAUPluginPanelItem@@AAHH@Z 10004db0 f   Pclass.obj
 0001:000042ee       ?GetFiles@Plist@@QAEHPAUPluginPanelItem@@HHPAPB_WHAAU_Opt@@@Z 100052ee f   Pclass.obj
 0001:00004ce0       ?DeleteFiles@Plist@@QAEHPAUPluginPanelItem@@HH@Z 10005ce0 f   Pclass.obj
 0001:00004f35       ?ProcessEvent@Plist@@QAEHHPAX@Z 10005f35 f   Pclass.obj
 0001:00004fda       ?DisconnectWMI@Plist@@AAEXXZ 10005fda f   Pclass.obj
 0001:00004ffc       ??0Plist@@QAE@XZ           10005ffc f   Pclass.obj
 0001:00005095       ??1Plist@@QAE@XZ           10006095 f   Pclass.obj
 0001:000050ba       ?Connect@Plist@@QAE_NPB_W00@Z 100060ba f   Pclass.obj
 0001:00005248       ?ProcessKey@Plist@@QAEHHI@Z 10006248 f   Pclass.obj
 0001:00005f9c       ??0RegKey@@QAE@PAUHKEY__@@PB_WK@Z 10006f9c f i perfthread.obj
 0001:00005fe6       ?SyncReread@PerfThread@@QAEXXZ 10006fe6 f   perfthread.obj
 0001:00006008       ??0?$Array@UProcessPerfData@@@@QAE@K@Z 10007008 f i perfthread.obj
 0001:00006046       ??0?$Array@E@@QAE@K@Z      10007046 f i perfthread.obj
 0001:0000606c       ?reserve@?$Array@E@@QAEXK@Z 1000706c f i perfthread.obj
 0001:000060b4       ??_G?$Array@UProcessPerfData@@@@QAEPAXI@Z 100070b4 f i perfthread.obj
 0001:000060d3       ?GetProcessData@PerfThread@@QBEPAUProcessPerfData@@KK@Z 100070d3 f   perfthread.obj
 0001:00006120       ?Refresh@PerfThread@@AAEXXZ 10007120 f   perfthread.obj
 0001:000066ba       ?RefreshWMIData@PerfThread@@AAEXXZ 100076ba f   perfthread.obj
 0001:000067c4       ?ThreadProc@PerfThread@@AAGKXZ 100077c4 f   perfthread.obj
 0001:00006860       ?ThreadProc@PerfThread@@CGKPAX@Z 10007860 f   perfthread.obj
 0001:00006865       ??0PerfThread@@QAE@AAVPlist@@PB_W11@Z 10007865 f   perfthread.obj
 0001:00006b97       ??1PerfThread@@QAE@XZ      10007b97 f   perfthread.obj
 0001:00006c04       ?GetPData95@@YIXAAUProcessData@@AAUtagPROCESSENTRY32W@@@Z 10007c04 f   PLIST95.OBJ
 0001:00006d13       ?GetProcessModule@@YIHKKPAUtagMODULEENTRY32W@@AAK@Z 10007d13 f   PLIST95.OBJ
 0001:00006dc3       ?GetHeapSize@@YIKK@Z       10007dc3 f   PLIST95.OBJ
 0001:00006e4f       ?KillProcess@@YIHK@Z       10007e4f f   PLIST95.OBJ
 0001:00006e8d       ?GetModuleNameFromExe@@YIHPB_WPA_WG@Z 10007e8d f   PLIST95.OBJ
 0001:00006f42       ?PrintModules95@@YIXPAXKAAU_Opt@@@Z 10007f42 f   PLIST95.OBJ
 0001:00007053       ?GetPData95@@YI_NAAUProcessData@@@Z 10008053 f   PLIST95.OBJ
 0001:000070f7       ?GetList95@@YIHAAPAUPluginPanelItem@@AAH@Z 100080f7 f   PLIST95.OBJ
 0001:000072ac       ?GetInternalProcessData@@YIHPAXPAU_LDR_MODULE@@AAPAU_RTL_USER_PROCESS_PARAMETERS@@AAPAD_N@Z 100082ac f   Plistnt.obj
 0001:0000736f       ?GetPDataNT@@YI_NAAUProcessDataNT@@AAUProcessPerfData@@@Z 1000836f f   Plistnt.obj
 0001:000073dd       ?Enable@DebugToken@@QAE_NXZ 100083dd f   Plistnt.obj
 0001:00007444       ?Revert@DebugToken@@QAE_NXZ 10008444 f   Plistnt.obj
 0001:00007477       ?CreateToken@DebugToken@@SI_NXZ 10008477 f   Plistnt.obj
 0001:00007519       ?CloseToken@DebugToken@@SIXXZ 10008519 f   Plistnt.obj
 0001:00007530       ?PrintTime@@YIPA_WK_N@Z    10008530 f   Plistnt.obj
 0001:00007590       ?PrintTime@@YIPA_W_K_N@Z   10008590 f   Plistnt.obj
 0001:000075f7       ?DumpNTCounters@@YIXPAXAAVPerfThread@@KK@Z 100085f7 f   Plistnt.obj
 0001:0000786d       ?PrintModuleVersion@@YIXPAXPA_W1H@Z 1000886d f   Plistnt.obj
 0001:0000792a       ?GetProcessData@PerfThread@@QBEXAAPAUProcessPerfData@@AAK@Z 1000892a f i Plistnt.obj
 0001:00007957       ?OpenProcessForced@@YIPAXPAVDebugToken@@KKH@Z 10008957 f   Plistnt.obj
 0001:000079a3       ?GetListNT@@YIHAAPAUPluginPanelItem@@AAHAAVPerfThread@@@Z 100089a3 f   Plistnt.obj
 0001:00007b98       ?GetOpenProcessDataNT@@YIXPAXPA_WK1K1KPAPA_W2@Z 10008b98 f   Plistnt.obj
 0001:00007e12       ?KillProcessNT@@YIHKPAUHWND__@@@Z 10008e12 f   Plistnt.obj
 0001:00007ee0       ?PrintNTCurDirAndEnv@@YIXPAX0H@Z 10008ee0 f   Plistnt.obj
 0001:00007fe7       ?PrintModulesNT@@YIXPAXKAAU_Opt@@@Z 10008fe7 f   Plistnt.obj
 0001:00008168       ?GetMsg@@YIPA_WH@Z         10009168 f   Pmix.obj
 0001:00008176       ?InitDialogItems@@YIXPAUInitDialogItem@@PAUFarDialogItem@@H@Z 10009176 f   Pmix.obj
 0001:000081ed       ?ConvertDate@@YIXABU_FILETIME@@PA_W1@Z 100091ed f   Pmix.obj
 0001:00008266       ?WinError@@YIHPA_WH@Z      10009266 f   Pmix.obj
 0001:00008487       ?SetRegKey@@YIXPB_W00@Z    10009487 f   preg.obj
 0001:000084bf       ?SetRegKey@@YIXPB_W0K@Z    100094bf f   preg.obj
 0001:000084eb       ?GetRegKey@@YIHPB_W0PA_W0K@Z 100094eb f   preg.obj
 0001:0000853b       ?GetRegKey@@YIHPB_W0AAHK@Z 1000953b f   preg.obj
 0001:0000858f       ?GetRegKey@@YIHPB_W0K@Z    1000958f f   preg.obj
 0001:000085a5       ??0BStr@@QAE@PB_W@Z        100095a5 f i WMI.obj
 0001:000085c2       ??0ProcessPath@@QAE@K@Z    100095c2 f   WMI.obj
 0001:000085f3       ??0WMIConnection@@QAE@XZ   100095f3 f   WMI.obj
 0001:00008608       ?GetProcessExecutablePath@WMIConnection@@QAEXKPA_W@Z 10009608 f   WMI.obj
 0001:0000869a       ?GetProcessPriority@WMIConnection@@QAEKK@Z 1000969a f   WMI.obj
 0001:00008725       ?GetProcessOwner@WMIConnection@@QAEXKPA_W0@Z 10009725 f   WMI.obj
 0001:0000883e       ?GetProcessUserSid@WMIConnection@@QAEXKPA_W@Z 1000983e f   WMI.obj
 0001:00008908       ?GetProcessSessionId@WMIConnection@@QAEHK@Z 10009908 f   WMI.obj
 0001:00008992       ?ExecMethod@WMIConnection@@AAEHKPB_W0K@Z 10009992 f   WMI.obj
 0001:00008b2a       ?SetProcessPriority@WMIConnection@@QAEHKK@Z 10009b2a f   WMI.obj
 0001:00008b44       ?TerminateProcess@WMIConnection@@QAEHK@Z 10009b44 f   WMI.obj
 0001:00008b5c       ?Connect@WMIConnection@@QAE_NPB_W00@Z 10009b5c f   WMI.obj
 0001:00008c70       ?Disconnect@WMIConnection@@QAEXXZ 10009c70 f   WMI.obj
 0001:00008c84       ??1WMIConnection@@QAE@XZ   10009c84 f   WMI.obj
 0001:00008c8f       __DllMainCRTStartup@12     10009c8f f   Proclist.obj
 0001:00008e1b       _GetMinFarVersionW@0       10009e1b f   Proclist.obj
 0001:00008e21       _SetStartupInfoW@4         10009e21 f   Proclist.obj
 0001:00008eee       _ExitFARW@0                10009eee f   Proclist.obj
 0001:00008efb       _ClosePluginW@4            10009efb f   Proclist.obj
 0001:00008f16       _GetFindDataW@16           10009f16 f   Proclist.obj
 0001:00008f2e       _FreeFindDataW@12          10009f2e f   Proclist.obj
 0001:00008f42       _GetPluginInfoW@4          10009f42 f   Proclist.obj
 0001:00008fcb       _GetOpenPluginInfoW@8      10009fcb f   Proclist.obj
 0001:00008fdb       _GetFilesW@24              10009fdb f   Proclist.obj
 0001:00008ffe       _DeleteFilesW@16           10009ffe f   Proclist.obj
 0001:00009016       _ProcessEventW@12          1000a016 f   Proclist.obj
 0001:0000902a       _ProcessKeyW@12            1000a02a f   Proclist.obj
 0001:0000903e       _ConfigureW@4              1000a03e f   Proclist.obj
 0001:00009046       _CompareW@16               1000a046 f   Proclist.obj
 0001:0000905e       _OpenPluginW@8             1000a05e f   Proclist.obj
 0001:000090d0       ??3@YAXPAX@Z               1000a0d0 f   libCRT:delete.obj
 0001:000090e0       ??_U@YAPAXI@Z              1000a0e0 f   libCRT:new_array.obj
 0001:000090f0       ??_V@YAXPAX@Z              1000a0f0 f   libCRT:delete_array.obj
 0001:00009100       __memicmp                  1000a100 f   libCRT:memicmp.obj
 0001:00009170       _wcschr                    1000a170 f   libCRT:strchr.obj
 0001:000091a0       _wcspbrk                   1000a1a0 f   libCRT:strpbrk.obj
 0001:000091f0       _wcsrchr                   1000a1f0 f   libCRT:strrchr.obj
 0001:00009220       _wcstok                    1000a220 f   libCRT:strtok.obj
 0001:000092e0       _wcsdup                    1000a2e0 f   libCRT:strdup.obj
 0001:00009310       __allmul                   1000a310 f   libCRT:vc_llmul.obj
 0001:000093d0       __ui64tow                  1000a3d0 f   libCRT:i64toa.obj
 0001:00009400       __aulldiv                  1000a400 f   libCRT:vc_ulldiv.obj
 0001:00009610       _wcstol                    1000a610 f   libCRT:strtol.obj
 0001:00009630       _wcstoul                   1000a630 f   libCRT:strtol.obj
 0001:00009650       _wcscspn                   1000a650 f   libCRT:strcspn.obj
 0001:000096a0       _memcpy                    1000a6a0 f   libCRT:memcpy.obj
 0001:000096d0       ??2@YAPAXI@Z               1000a6d0 f   libCRT:new.obj
 0001:000096e0       _memset                    1000a6e0 f   libCRT:memset.obj
 0001:00009720       _wcsncat                   1000a720 f   libCRT:strncat.obj
 0001:00009770       _memmove                   1000a770 f   libCRT:memmove.obj
 0001:000097d0       _free                      1000a7d0 f   libCRT:free.obj
 0001:000097f0       __alldiv                   1000a7f0 f   libCRT:vc_lldiv.obj
 0001:000098a0       _realloc                   1000a8a0 f   libCRT:realloc.obj
 0001:000098f0       __aullrem                  1000a8f0 f   libCRT:vc_ullrem.obj
 0001:00009970       _malloc                    1000a970 f   libCRT:malloc.obj
 0001:00009990       __aulldvrm                 1000a990 f   libCRT:vc_ulldvrm.obj
 0001:00009a26       _WNetCancelConnection2W@12 1000aa26 f   mpr:MPR.dll
 0001:00009a2c       _WNetAddConnection2W@16    1000aa2c f   mpr:MPR.dll
 0001:00009a32       _VerQueryValueW@16         1000aa32 f   version:VERSION.dll
 0001:00009a38       _GetFileVersionInfoW@16    1000aa38 f   version:VERSION.dll
 0001:00009a3e       _GetFileVersionInfoSizeW@8 1000aa3e f   version:VERSION.dll
 0001:00009a44       __IMPORT_DESCRIPTOR_KERNEL32 1000aa44     kernel32:KERNEL32.dll
 0001:00009a58       __IMPORT_DESCRIPTOR_USER32 1000aa58     user32:USER32.dll
 0001:00009a6c       __IMPORT_DESCRIPTOR_ADVAPI32 1000aa6c     advapi32:ADVAPI32.dll
 0001:00009a80       __IMPORT_DESCRIPTOR_ole32  1000aa80     ole32:ole32.dll
 0001:00009a94       __IMPORT_DESCRIPTOR_MPR    1000aa94     mpr:MPR.dll
 0001:00009aa8       __IMPORT_DESCRIPTOR_VERSION 1000aaa8     version:VERSION.dll
 0001:00009abc       __IMPORT_DESCRIPTOR_OLEAUT32 1000aabc     oleaut32:OLEAUT32.dll
 0001:00009ad0       __NULL_IMPORT_DESCRIPTOR   1000aad0     kernel32:KERNEL32.dll
 0002:00000000       ?ViewItems@@3PAUInitDialogItem@@A 1000c000     PCFG.OBJ
 0002:000000a8       ?DescIDs@@3PAHA            1000c0a8     Pclass.obj
 0002:00000228       ?Counters@@3PAU_Counters@@A 1000c228     perfthread.obj
 0002:00000330       ?pNtQueryInformationProcess@@3P6GJPAXW4_PROCESSINFOCLASS@@0KPAK@ZA 1000c330     Proclist.obj
 0002:00000334       ?pNtQueryInformationThread@@3P6GJPAXK0KPAK@ZA 1000c334     Proclist.obj
 0002:00000338       ?pNtQueryObject@@3P6GJPAXK0K0@ZA 1000c338     Proclist.obj
 0002:0000033c       ?pNtQuerySystemInformation@@3P6GJKPAXKPAK@ZA 1000c33c     Proclist.obj
 0002:00000340       ?pNtQueryInformationFile@@3P6GJPAX00KK@ZA 1000c340     Proclist.obj
 0002:00000344       ?pIsWow64Process@@3P6GHPAXPAH@ZA 1000c344     Proclist.obj
 0002:00000348       ?pGetGuiResources@@3P6GKPAXK@ZA 1000c348     Proclist.obj
 0002:0000034c       ?pIsValidSid@@3P6GHPAX@ZA  1000c34c     Proclist.obj
 0002:00000350       ?pGetSidIdentifierAuthority@@3P6GPAU_SID_IDENTIFIER_AUTHORITY@@PAX@ZA 1000c350     Proclist.obj
 0002:00000354       ?pGetSidSubAuthorityCount@@3P6GPAEPAX@ZA 1000c354     Proclist.obj
 0002:00000358       ?pGetSidSubAuthority@@3P6GPAKPAXK@ZA 1000c358     Proclist.obj
 0002:0000035c       ?pLookupAccountName@@3P6GHPB_W0PAXPAKPA_W2PAW4_SID_NAME_USE@@@ZA 1000c35c     Proclist.obj
 0002:00000360       ?pCoInitializeSecurity@@3P6GJPAXJPAUtagSOLE_AUTHENTICATION_SERVICE@@0KKPAUtagSOLE_AUTHENTICATION_LIST@@K0@ZA 1000c360     Proclist.obj
 0002:00000370       ?FPRINTFbuffer@@3PA_WA     1000c370     fileio.obj
 0002:00020578       ?ProcPanelModesRemote@Plist@@2PAY0FA@_WA 1002c578     Pclass.obj
 0002:00020bb8       ?PanelModesRemote@Plist@@2PAUPanelMode@@A 1002cbb8     Pclass.obj
 0002:00020d70       ?bInit@Plist@@2_NA         1002cd70     Pclass.obj
 0002:00020d78       ?PanelModesLocal@Plist@@2PAUPanelMode@@A 1002cd78     Pclass.obj
 0002:00020f30       ?ProcPanelModesLocal@Plist@@2PAY0FA@_WA 1002cf30     Pclass.obj
 0002:00021570       ?PanelModeBuffer@Plist@@2PA_WA 1002d570     Pclass.obj
 0002:000251e4       __fltused                  100311e4     Plistnt.obj
 0002:000251e8       ?hDebugToken@DebugToken@@0RAXA 100311e8     Plistnt.obj
 0002:00025240       ?Info@@3UPluginStartupInfo@@A 10031240     Proclist.obj
 0002:000252c4       ?NT@@3HA                   100312c4     Proclist.obj
 0002:000252c8       ?W2K@@3HA                  100312c8     Proclist.obj
 0002:000252cc       ?_ui64Table@@3PAVui64Table@@A 100312cc     Proclist.obj
 0002:000252d0       ?PluginRootKey@@3PA_WA     100312d0     Proclist.obj
 0002:00025370       ?FSF@@3UFarStandardFunctions@@A 10031370     Proclist.obj
 0002:00025454       ?Opt@@3U_Opt@@A            10031454     Proclist.obj

 entry point at        0001:00008c8f

 Static symbols

 0001:00001e4e       ?GetFileNameThread@@YGKPAX@Z 10002e4e f   handles.obj
 0001:00001e8a       ?PrintFileName@@YI_NPAX0@Z 10002e8a f   handles.obj
 0001:00001f71       ?GetType@@YIGPAX@Z         10002f71 f   handles.obj
 0001:00002022       ?PrintNameByType@@YI_NPAXG0PAVPerfThread@@@Z 10003022 f   handles.obj
 0001:000022d7       ?PrintNameAndType@@YI_NPAXK0PAVPerfThread@@@Z 100032d7 f   handles.obj
 0001:000023fe       ?ConvertSid@@YIHPAXPA_WPAK@Z 100033fe f   handles.obj
 0001:0000252f       ?GetUserAccountID@@YIPB_WXZ 1000352f f   handles.obj
 0001:00002d35       ?ui64toa_width@@YIX_KPA_WI_N@Z 10003d35 f   Pclass.obj
 0001:00003026       ?GenerateTitles@@YIXQAY0FA@_WPAUPanelMode@@QAY0BI@PA_W@Z 10004026 f   Pclass.obj
 0001:00005fc8       ?getcounter@@YIHPA_W@Z     10006fc8 f   perfthread.obj
 0001:00006c39       ?InitToolhelp32@@YIHXZ     10007c39 f   PLIST95.OBJ
 0001:000083b6       ?CreateRegKey@@YIPAUHKEY__@@PB_W@Z 100093b6 f   preg.obj
 0001:00008420       ?OpenRegKey@@YIPAUHKEY__@@PB_W@Z 10009420 f   preg.obj
 0001:00008cb2       ?fNtQueryInformationProcess@@YGJPAXW4_PROCESSINFOCLASS@@0KPAK@Z 10009cb2 f   Proclist.obj
 0001:00008cb2       ?fNtQueryInformationThread@@YGJPAXK0KPAK@Z 10009cb2 f   Proclist.obj
 0001:00008cb2       ?fNtQueryObject@@YGJPAXK0K0@Z 10009cb2 f   Proclist.obj
 0001:00008cb2       ?fNtQueryInformationFile@@YGJPAX00KK@Z 10009cb2 f   Proclist.obj
 0001:00008cba       ?fNtQuerySystemInformation@@YGJKPAXKPAK@Z 10009cba f   Proclist.obj
 0001:00008cc2       ?fGetGuiResources@@YGKPAXK@Z 10009cc2 f   Proclist.obj
 0001:00008cc2       ?fGetSidSubAuthority@@YGPAKPAXK@Z 10009cc2 f   Proclist.obj
 0001:00008cc2       ?fIsWow64Process@@YGHPAXPAH@Z 10009cc2 f   Proclist.obj
 0001:00008cc7       ?fGetSidSubAuthorityCount@@YGPAEPAX@Z 10009cc7 f   Proclist.obj
 0001:00008cc7       ?fGetSidIdentifierAuthority@@YGPAU_SID_IDENTIFIER_AUTHORITY@@PAX@Z 10009cc7 f   Proclist.obj
 0001:00008cc7       ?fIsValidSid@@YGHPAX@Z     10009cc7 f   Proclist.obj
 0001:00008ccc       ?fLookupAccountName@@YGHPB_W0PAXPAKPA_W2PAW4_SID_NAME_USE@@@Z 10009ccc f   Proclist.obj
 0001:00008cd1       ?fCoInitializeSecurity@@YGJPAXJPAUtagSOLE_AUTHENTICATION_SERVICE@@0KKPAUtagSOLE_AUTHENTICATION_LIST@@K0@Z 10009cd1 f   Proclist.obj
 0001:00008cd9       ?dynamic_bind@@YIXXZ       10009cd9 f   Proclist.obj
 0001:00009350       ?x64toaw@@YAX_KPA_WIH@Z    1000a350 f   libCRT:i64toa.obj
 0001:00009470       ?strtoxl@@YAKPB_WPAPA_WHH@Z 1000a470 f   libCRT:strtol.obj
