 FARCmds

 Timestamp is 4b85b0da (Thu Feb 25 00:06:02 2010)

 Preferred load address is 10000000

 Start         Length     Name                   Class
 0001:00000000 000000c0H .idata$5                CODE
 0001:000000c0 000003d8H .rdata                  CODE
 0001:000004a0 00002e75H .text                   CODE
 0001:00003318 00000028H .idata$2                CODE
 0001:00003340 00000014H .idata$3                CODE
 0001:00003354 000000c0H .idata$4                CODE
 0001:00003414 0000035cH .idata$6                CODE
 0001:00003770 000000aeH .edata                  CODE
 0002:00000000 00000050H .data                   DATA
 0002:00000050 00004744H .bss                    DATA
 0003:00000000 00000058H .rsrc$01                DATA
 0003:00000060 00000378H .rsrc$02                DATA

  Address         Publics by Value              Rva+Base       Lib:Object

 0000:00000000       ___safe_se_handler_count   00000000     <absolute>
 0000:00000000       ___safe_se_handler_table   00000000     <absolute>
 0001:00000000       __imp__RegQueryValueExW@24 10001000     advapi32:ADVAPI32.dll
 0001:00000004       __imp__RegCloseKey@4       10001004     advapi32:ADVAPI32.dll
 0001:00000008       __imp__RegOpenKeyExW@20    10001008     advapi32:ADVAPI32.dll
 0001:0000000c       __imp__RegCreateKeyExW@36  1000100c     advapi32:ADVAPI32.dll
 0001:00000010       __imp__RegSetValueExW@24   10001010     advapi32:ADVAPI32.dll
 0001:00000014       \177ADVAPI32_NULL_THUNK_DATA 10001014     advapi32:ADVAPI32.dll
 0001:00000018       __imp__GetModuleHandleW@4  10001018     kernel32:KERNEL32.dll
 0001:0000001c       __imp__CloseHandle@4       1000101c     kernel32:KERNEL32.dll
 0001:00000020       __imp__RemoveDirectoryW@4  10001020     kernel32:KERNEL32.dll
 0001:00000024       __imp__DeleteFileW@4       10001024     kernel32:KERNEL32.dll
 0001:00000028       __imp__GetFileSize@8       10001028     kernel32:KERNEL32.dll
 0001:0000002c       __imp__CreateFileW@28      1000102c     kernel32:KERNEL32.dll
 0001:00000030       __imp__WriteConsoleW@20    10001030     kernel32:KERNEL32.dll
 0001:00000034       __imp__ReadFile@20         10001034     kernel32:KERNEL32.dll
 0001:00000038       __imp__Sleep@4             10001038     kernel32:KERNEL32.dll
 0001:0000003c       __imp__lstrcpyW@8          1000103c     kernel32:KERNEL32.dll
 0001:00000040       __imp__GetTempFileNameW@16 10001040     kernel32:KERNEL32.dll
 0001:00000044       __imp__CreateDirectoryW@8  10001044     kernel32:KERNEL32.dll
 0001:00000048       __imp__MultiByteToWideChar@24 10001048     kernel32:KERNEL32.dll
 0001:0000004c       __imp__GetACP@0            1000104c     kernel32:KERNEL32.dll
 0001:00000050       __imp__GetConsoleOutputCP@0 10001050     kernel32:KERNEL32.dll
 0001:00000054       __imp__ScrollConsoleScreenBufferW@20 10001054     kernel32:KERNEL32.dll
 0001:00000058       __imp__WaitForSingleObject@8 10001058     kernel32:KERNEL32.dll
 0001:0000005c       __imp__GetProcAddress@8    1000105c     kernel32:KERNEL32.dll
 0001:00000060       __imp__CreateProcessW@40   10001060     kernel32:KERNEL32.dll
 0001:00000064       __imp__SetConsoleTitleW@4  10001064     kernel32:KERNEL32.dll
 0001:00000068       __imp__GetConsoleTitleW@8  10001068     kernel32:KERNEL32.dll
 0001:0000006c       __imp__SetCurrentDirectoryW@4 1000106c     kernel32:KERNEL32.dll
 0001:00000070       __imp__GetCurrentDirectoryW@8 10001070     kernel32:KERNEL32.dll
 0001:00000074       __imp__SetConsoleMode@8    10001074     kernel32:KERNEL32.dll
 0001:00000078       __imp__GetConsoleMode@8    10001078     kernel32:KERNEL32.dll
 0001:0000007c       __imp__SetConsoleCursorPosition@8 1000107c     kernel32:KERNEL32.dll
 0001:00000080       __imp__GetConsoleScreenBufferInfo@8 10001080     kernel32:KERNEL32.dll
 0001:00000084       __imp__GetStdHandle@4      10001084     kernel32:KERNEL32.dll
 0001:00000088       __imp__SearchPathW@24      10001088     kernel32:KERNEL32.dll
 0001:0000008c       __imp__GetEnvironmentVariableW@12 1000108c     kernel32:KERNEL32.dll
 0001:00000090       __imp__GetVersionExW@4     10001090     kernel32:KERNEL32.dll
 0001:00000094       __imp__HeapFree@12         10001094     kernel32:KERNEL32.dll
 0001:00000098       __imp__GetProcessHeap@0    10001098     kernel32:KERNEL32.dll
 0001:0000009c       __imp__HeapAlloc@12        1000109c     kernel32:KERNEL32.dll
 0001:000000a0       __imp__GetModuleFileNameW@12 100010a0     kernel32:KERNEL32.dll
 0001:000000a4       __imp__lstrcatW@8          100010a4     kernel32:KERNEL32.dll
 0001:000000a8       __imp__ExpandEnvironmentStringsW@12 100010a8     kernel32:KERNEL32.dll
 0001:000000ac       __imp__lstrcpynW@12        100010ac     kernel32:KERNEL32.dll
 0001:000000b0       __imp__lstrlenW@4          100010b0     kernel32:KERNEL32.dll
 0001:000000b4       __imp__CreateThread@24     100010b4     kernel32:KERNEL32.dll
 0001:000000b8       __imp__GetFileAttributesW@4 100010b8     kernel32:KERNEL32.dll
 0001:000000bc       \177KERNEL32_NULL_THUNK_DATA 100010bc     kernel32:KERNEL32.dll
 0001:000000c0       ??_C@_1O@BJPKKLLM@?$AAC?$AAo?$AAn?$AAf?$AAi?$AAg?$AA?$AA@ 100010c0     FARCmds.obj
 0001:000000d0       ??_C@_1BC@ENICKDH@?$AAC?$AAo?$AAn?$AAt?$AAe?$AAn?$AAt?$AAs?$AA?$AA@ 100010d0     FARCmds.obj
 0001:000000e4       ??_C@_1BK@LOJIPNKK@?$AAE?$AAd?$AAi?$AAt?$AAN?$AAe?$AAw?$AAF?$AAi?$AAl?$AAe?$AAs?$AA?$AA@ 100010e4     FARCmds.obj
 0001:00000100       ??_C@_1BM@BMDAMABJ@?$AAV?$AAi?$AAe?$AAw?$AAZ?$AAe?$AAr?$AAo?$AAF?$AAi?$AAl?$AAe?$AAs?$AA?$AA@ 10001100     FARCmds.obj
 0001:0000011c       ??_C@_1BE@EKEFMMPP@?$AAC?$AAa?$AAt?$AAc?$AAh?$AAM?$AAo?$AAd?$AAe?$AA?$AA@ 1000111c     FARCmds.obj
 0001:00000130       ??_C@_1BM@IEHCKIMD@?$AAS?$AAh?$AAo?$AAw?$AAC?$AAm?$AAd?$AAO?$AAu?$AAt?$AAp?$AAu?$AAt?$AA?$AA@ 10001130     FARCmds.obj
 0001:0000014c       ??_C@_1BO@CKKGCGLO@?$AAD?$AAi?$AAs?$AAk?$AAs?$AAM?$AAe?$AAn?$AAu?$AAD?$AAi?$AAg?$AAi?$AAt?$AA?$AA@ 1000114c     FARCmds.obj
 0001:0000016c       ??_C@_1BE@KBOCGMKN@?$AAS?$AAe?$AAp?$AAa?$AAr?$AAa?$AAt?$AAo?$AAr?$AA?$AA@ 1000116c     FARCmds.obj
 0001:00000180       ??_C@_1O@JBBHAGJJ@?$AA?$CF?$AAs?$AA?$CF?$AAs?$AA?$CF?$AAs?$AA?$AA@ 10001180     FARCmds.obj
 0001:00000190       ??_C@_1BM@FDPIJPAH@?$AAA?$AAd?$AAd?$AA2?$AAD?$AAi?$AAs?$AAk?$AAs?$AAM?$AAe?$AAn?$AAu?$AA?$AA@ 10001190     FARCmds.obj
 0001:000001ac       ??_C@_1BK@EJEHIDJM@?$AAA?$AAd?$AAd?$AA2?$AAP?$AAl?$AAu?$AAg?$AAM?$AAe?$AAn?$AAu?$AA?$AA@ 100011ac     FARCmds.obj
 0001:000001c8       ??_C@_11LOCGONAA@?$AA?$AA@ 100011c8     FARCmds.obj
 0001:000001cc       ??_C@_13FPGAJAPJ@?$AA?2?$AA?$AA@ 100011cc     FARCmds.obj
 0001:000001d0       ??_C@_13HOIJIPNN@?$AA?5?$AA?$AA@ 100011d0     FARCmds.obj
 0001:000001d4       ??_C@_15BNIPFGCG@?$AA$?$AA?$CK?$AA?$AA@ 100011d4     FARCmds.obj
 0001:000001dc       ??_C@_1BE@EKCMLKPN@?$AA?$CF?$AAC?$AAO?$AAM?$AAS?$AAP?$AAE?$AAC?$AA?$CF?$AA?$AA@ 100011dc     FARCmds.obj
 0001:000001f0       ??_C@_1BC@GDMECMAK@?$AAk?$AAe?$AAr?$AAn?$AAe?$AAl?$AA3?$AA2?$AA?$AA@ 100011f0     FARCmds.obj
 0001:00000204       ??_C@_0BB@BNALAELI@GetConsoleAliasW?$AA@ 10001204     FARCmds.obj
 0001:00000218       ??_C@_1BE@BNONMOPA@?$AA?2?$AA?2?$AA?4?$AA?2?$AAc?$AAd?$AAr?$AAo?$AAm?$AA?$AA@ 10001218     FARCmds.obj
 0001:0000022c       ??_C@_1CE@JKDBMIKG@?$AA?2?$AA?2?$AA?4?$AA?2?$AAP?$AAh?$AAy?$AAs?$AAi?$AAc?$AAa?$AAl?$AAD?$AAr?$AAi?$AAv?$AAe?$AA?$AA@ 1000122c     FARCmds.obj
 0001:00000250       ??_C@_19BKJMDJK@?$AA?2?$AA?2?$AA?4?$AA?2?$AA?$AA@ 10001250     FARCmds.obj
 0001:0000025c       ??_C@_1BA@EIPEFBMB@?$AA?$CF?$AAl?$AAu?$AA?1?$AA?$CF?$AAl?$AAu?$AA?$AA@ 1000125c     FARCmds.obj
 0001:0000026c       ??_C@_17IJMNDCL@?$AA?$CF?$AAl?$AAu?$AA?$AA@ 1000126c     FARCmds.obj
 0001:0000027c       ??_C@_19LJDFFCJJ@?$AA?$CF?$AAs?$AA?$CF?$AAs?$AA?$AA@ 1000127c     FARCmds.obj
 0001:00000288       ??_C@_13NEIAEHFG@?$AA?$CC?$AA?$AA@ 10001288     FARCmds.obj
 0001:0000028c       ??_C@_1BM@MDBPDFDA@?$AA?$CF?$AAC?$AAO?$AAM?$AAS?$AAP?$AAE?$AAC?$AA?$CF?$AA?5?$AA?1?$AAc?$AA?5?$AA?$AA@ 1000128c     FARCmds.obj
 0001:000002a8       ??_C@_15GBHPEJPD@?$AA?1?$AAS?$AA?$AA@ 100012a8     FARCmds.obj
 0001:000002b0       ??_C@_15MDAMMGLB@?$AA?1?$AAN?$AA?$AA@ 100012b0     FARCmds.obj
 0001:000002b8       ??_C@_19JMGCACDF@?$AA?1?$AAM?$AAS?$AAG?$AA?$AA@ 100012b8     FARCmds.obj
 0001:000002c4       ??_C@_19JLKJCDCM@?$AAP?$AAO?$AAS?$AAT?$AA?$AA@ 100012c4     FARCmds.obj
 0001:000002d0       ??_C@_1M@OKBOHALD@?$AAC?$AAH?$AAE?$AAC?$AAK?$AA?$AA@ 100012d0     FARCmds.obj
 0001:000002dc       ??_C@_19NNHMCLFE@?$AAS?$AAA?$AAV?$AAE?$AA?$AA@ 100012dc     FARCmds.obj
 0001:000002e8       ??_C@_1GO@MIKMNHBD@?$AAS?$AAO?$AAF?$AAT?$AAW?$AAA?$AAR?$AAE?$AA?2?$AAM?$AAi?$AAc?$AAr?$AAo?$AAs?$AAo?$AAf?$AAt?$AA?2?$AAW?$AAi?$AAn?$AAd?$AAo?$AAw?$AAs?$AA?2?$AAC?$AAu?$AAr?$AAr?$AAe@ 100012e8     FARCmds.obj
 0001:00000358       ??_C@_13PJJBFPED@?$AA?$DL?$AA?$AA@ 10001358     FARCmds.obj
 0001:0000035c       ??_C@_17IBNHEMGL@?$AA?$CF?$AAs?$AA?$DL?$AA?$AA@ 1000135c     FARCmds.obj
 0001:00000364       ??_C@_1BA@IBNPAI@?$AAF?$AAA?$AAR?$AAH?$AAO?$AAM?$AAE?$AA?$AA@ 10001364     FARCmds.obj
 0001:00000374       ??_C@_19IJOJOJIB@?$AAP?$AAA?$AAT?$AAH?$AA?$AA@ 10001374     FARCmds.obj
 0001:00000380       ??_C@_1O@PAPHGGOK@?$AAU?$AAN?$AAL?$AAO?$AAA?$AAD?$AA?$AA@ 10001380     FARCmds.obj
 0001:00000390       ??_C@_19LIDMLGEF@?$AAL?$AAO?$AAA?$AAD?$AA?$AA@ 10001390     FARCmds.obj
 0001:0000039c       ??_C@_17KKFGGCGH@?$AAR?$AAU?$AAN?$AA?$AA@ 1000139c     FARCmds.obj
 0001:000003a4       ??_C@_19NHGGBNEB@?$AAL?$AAI?$AAN?$AAK?$AA?$AA@ 100013a4     FARCmds.obj
 0001:000003b0       ??_C@_1M@HOLNMHIJ@?$AAM?$AAA?$AAC?$AAR?$AAO?$AA?$AA@ 100013b0     FARCmds.obj
 0001:000003bc       ??_C@_19MEMGFJJL@?$AAG?$AAO?$AAT?$AAO?$AA?$AA@ 100013bc     FARCmds.obj
 0001:000003c8       ??_C@_19KFAJFECL@?$AAE?$AAD?$AAI?$AAT?$AA?$AA@ 100013c8     FARCmds.obj
 0001:000003d4       ??_C@_1BA@NBLHMMII@?$AAW?$AAH?$AAE?$AAR?$AAE?$AAI?$AAS?$AA?$AA@ 100013d4     FARCmds.obj
 0001:000003e4       ??_C@_19PEJAKIIO@?$AAC?$AAL?$AAI?$AAP?$AA?$AA@ 100013e4     FARCmds.obj
 0001:000003f0       ??_C@_19JHOCBEIE@?$AAV?$AAI?$AAE?$AAW?$AA?$AA@ 100013f0     FARCmds.obj
 0001:000003fc       ??_C@_17NACPPFBM@?$AAF?$AAA?$AAR?$AA?$AA@ 100013fc     FARCmds.obj
 0001:00000408       ??_C@_1HG@DCMKDPPF@?$AAf?$AAa?$AAr?$AA?3?$AAv?$AAi?$AAe?$AAw?$AA?3?$AAe?$AAd?$AAi?$AAt?$AA?3?$AAg?$AAo?$AAt?$AAo?$AA?3?$AAc?$AAl?$AAi?$AAp?$AA?3?$AAw?$AAh?$AAe?$AAr?$AAe?$AAi?$AAs?$AA?3@ 10001408     FARCmds.obj
 0001:00000480       ??_C@_1BC@LFKGGDDN@?$AA?2?$AAF?$AAA?$AAR?$AAC?$AAm?$AAd?$AAs?$AA?$AA@ 10001480     FARCmds.obj
 0001:00000494       ??_C@_13FDJIJHMI@?$AA9?$AA?$AA@ 10001494     FARCmds.obj
 0001:000004a0       __alloca_probe             100014a0     chkstk.obj
 0001:000004a0       __chkstk                   100014a0 f   chkstk.obj
 0001:000004cb       _wmemmove                  100014cb f i FARCmds.obj
 0001:000004e3       _wmemset                   100014e3 f i FARCmds.obj
 0001:0000050e       ?CreateRegKey@@YIPAUHKEY__@@PAU1@PB_W@Z 1000150e f   FARCmds.obj
 0001:00000566       ?OpenRegKey@@YIPAUHKEY__@@PAU1@PB_W@Z 10001566 f   FARCmds.obj
 0001:000005b7       ?GetInt@@YIHPA_W0@Z        100015b7 f   FARCmds.obj
 0001:000005f8       ?GetMsg@@YIPB_WH@Z         100015f8 f   FARCmds.obj
 0001:00000606       ?FileExists@@YIHPB_W@Z     10001606 f   FARCmds.obj
 0001:00000618       ?InitDialogItems@@YIXPBUInitDialogItem@@PAUFarDialogItem@@H@Z 10001618 f   FARCmds.obj
 0001:00000688       ?ReplaceStrings@@YIHPA_WPB_W1HH@Z 10001688 f   FARCmds.obj
 0001:0000078e       ?PartCmdLine@@YIHPB_WPA_WH1H@Z 1000178e f   FARCmds.obj
 0001:00000863       ?ProcessOSAliases@@YIHPA_WH@Z 10001863 f   FARCmds.obj
 0001:000009ee       ?isDevice@@YI_NPB_W0@Z     100019ee f i FARCmds.obj
 0001:00000be9       ?ThreadWhatUpdateScreen@@YGKPAX@Z 10001be9 f   FARCmds.obj
 0001:00000ee6       ?OpenFromCommandLine@@YIHPA_W@Z 10001ee6 f   FARCmds.obj
 0001:00002353       _GetMinFarVersionW@0       10003353 f   FARCmds.obj
 0001:00002359       _OpenPluginW@8             10003359 f   FARCmds.obj
 0001:0000256c       _GetPluginInfoW@4          1000356c f   FARCmds.obj
 0001:0000260d       ?SetRegKey@@YIXPAUHKEY__@@PB_W1K@Z 1000360d f   FARCmds.obj
 0001:00002636       ?GetRegKey@@YIHPAUHKEY__@@PB_W1AAHK@Z 10003636 f   FARCmds.obj
 0001:00002688       ?GetRegKey@@YIHPAUHKEY__@@PB_W1PA_W1K@Z 10003688 f   FARCmds.obj
 0001:000026d6       _SetStartupInfoW@4         100036d6 f   FARCmds.obj
 0001:000028e4       _ConfigureW@4              100038e4 f   FARCmds.obj
 0001:00003080       _wcschr                    10004080 f   libCRT:strchr.obj
 0001:000030b0       _wcsstr                    100040b0 f   libCRT:strstr.obj
 0001:00003110       _memcpy                    10004110 f   libCRT:memcpy.obj
 0001:00003140       _memmove                   10004140 f   libCRT:memmove.obj
 0001:000031a0       __memicmp                  100041a0 f   libCRT:memicmp.obj
 0001:00003210       ??_V@YAXPAX@Z              10004210 f   libCRT:delete_array.obj
 0001:00003220       ??_U@YAPAXI@Z              10004220 f   libCRT:new_array.obj
 0001:00003230       _free                      10004230 f   libCRT:free.obj
 0001:00003250       _malloc                    10004250 f   libCRT:malloc.obj
 0001:00003270       _swab                      10004270 f   libCRT:swab.obj
 0001:000032c0       _memset                    100042c0 f   libCRT:memset.obj
 0001:00003300       ??3@YAXPAX@Z               10004300 f   libCRT:delete.obj
 0001:00003310       ??2@YAPAXI@Z               10004310 f   libCRT:new.obj
 0001:00003318       __IMPORT_DESCRIPTOR_KERNEL32 10004318     kernel32:KERNEL32.dll
 0001:0000332c       __IMPORT_DESCRIPTOR_ADVAPI32 1000432c     advapi32:ADVAPI32.dll
 0001:00003340       __NULL_IMPORT_DESCRIPTOR   10004340     kernel32:KERNEL32.dll
 0002:00000000       ?Opt@@3UOptions@@A         10005000     FARCmds.obj
 0002:00000024       ?REGStr@@3URegistryStr@@A  10005024     FARCmds.obj
 0002:00000048       ?HlfId@@3UHELPIDS@@A       10005048     FARCmds.obj
 0002:00000050       ?AddEndSlash@@3P6GHPA_W@ZA 10005050     FARCmds.obj
 0002:00000054       ?PointToName@@3P6GPB_WPB_W@ZA 10005054     FARCmds.obj
 0002:00000058       ?FarIsAlpha@@3P6GH_W@ZA    10005058     FARCmds.obj
 0002:0000005c       ?FarNameToKey@@3P6GHPB_W@ZA 1000505c     FARCmds.obj
 0002:00000060       ?GetPathRoot@@3P6GHPB_WPA_WH@ZA 10005060     FARCmds.obj
 0002:00000064       ?CopyToClipboard@@3P6GHPB_W@ZA 10005064     FARCmds.obj
 0002:00000068       ?LStrnicmp@@3P6GHPB_W0H@ZA 10005068     FARCmds.obj
 0002:0000006c       ?MkLink@@3P6GHPB_W0K@ZA    1000506c     FARCmds.obj
 0002:00000070       ?FarLTrim@@3P6GPA_WPA_W@ZA 10005070     FARCmds.obj
 0002:00000074       ?MkTemp@@3P6GHPA_WKPB_W@ZA 10005074     FARCmds.obj
 0002:000000fc       ?FarAtoi@@3P6GHPB_W@ZA     100050fc     FARCmds.obj
 0002:00000100       ?cmd@@3PA_WA               10005100     FARCmds.obj
 0002:00000b28       ?fullcmd@@3PA_WA           10005b28     FARCmds.obj
 0002:00001550       ?selectItem@@3PA_WA        10006550     FARCmds.obj
 0002:00001f78       ?WinVer@@3U_OSVERSIONINFOW@@A 10006f78     FARCmds.obj
 0002:0000208c       ?FarRecursiveSearch@@3P6GXPB_W0P6GHPBUFAR_FIND_DATA@@0PAX@ZK2@ZA 1000708c     FARCmds.obj
 0002:00002090       ?PInfo@@3UPanelInfo@@A     10007090     FARCmds.obj
 0002:000020d4       ?FarSprintf@@3P6AHPA_WPB_WZZA 100070d4     FARCmds.obj
 0002:000020d8       ?LStricmp@@3P6GHPB_W0@ZA   100070d8     FARCmds.obj
 0002:000020dc       ?QuoteSpaceOnly@@3P6GPA_WPA_W@ZA 100070dc     FARCmds.obj
 0002:000020e0       ?PluginRootKey@@3PA_WA     100070e0     FARCmds.obj
 0002:00002180       ?FarItoa@@3P6GPA_WHPA_WH@ZA 10007180     FARCmds.obj
 0002:00002184       ?FarRTrim@@3P6GPA_WPA_W@ZA 10007184     FARCmds.obj
 0002:00002588       ?Unquote@@3P6GXPA_W@ZA     10007588     FARCmds.obj
 0002:0000258c       ?FarTrim@@3P6GPA_WPA_W@ZA  1000758c     FARCmds.obj
 0002:00002590       ?FSF@@3UFarStandardFunctions@@A 10007590     FARCmds.obj

 entry point at        0000:00000000

 Static symbols

 0001:000009b6       ?closeHandle@@YIXAAPAX@Z   100019b6 f   FARCmds.obj
 0001:000009c8       ?killTemp@@YIXPA_W@Z       100019c8 f   FARCmds.obj
 0001:00000a3b       ?validForView@@YI_NPB_WHH@Z 10001a3b f   FARCmds.obj
 0001:00000b82       ?showPartOfOutput@@YIKPAUTShowOutputStreamData@@@Z 10001b82 f   FARCmds.obj
 0001:00000d13       ?MakeTempNames@@YI_NPA_W0I@Z 10001d13 f   FARCmds.obj
 0001:00000d87       ?loadFile@@YIPA_WPB_WPA_WK@Z 10001d87 f   FARCmds.obj
 0001:00000e62       ?ParseCmdSyntax@@YIXAAPA_WAAH1@Z 10001e62 f   FARCmds.obj
