 EMenu

 Timestamp is 4b85b0b5 (Thu Feb 25 00:05:25 2010)

 Preferred load address is 10000000

 Start         Length     Name                   Class
 0001:00000000 00000108H .idata$5                CODE
 0001:00000108 000002f0H .rdata                  CODE
 0001:00000400 00003c15H .text                   CODE
 0001:00004018 00000064H .idata$2                CODE
 0001:0000407c 00000014H .idata$3                CODE
 0001:00004090 00000108H .idata$4                CODE
 0001:00004198 0000046aH .idata$6                CODE
 0001:00004610 000000bfH .edata                  CODE
 0002:00000000 00000024H .data                   DATA
 0002:00000028 00000a2cH .bss                    DATA
 0003:00000000 000000a0H .rsrc$01                DATA
 0003:000000a0 000003a0H .rsrc$02                DATA

  Address         Publics by Value              Rva+Base       Lib:Object

 0000:00000000       ___safe_se_handler_count   00000000     <absolute>
 0000:00000000       ___safe_se_handler_table   00000000     <absolute>
 0001:00000000       __imp__RegCreateKeyExW@36  10001000     advapi32:ADVAPI32.dll
 0001:00000004       __imp__RegQueryValueExW@24 10001004     advapi32:ADVAPI32.dll
 0001:00000008       __imp__RegSetValueExW@24   10001008     advapi32:ADVAPI32.dll
 0001:0000000c       __imp__RegCloseKey@4       1000100c     advapi32:ADVAPI32.dll
 0001:00000010       __imp__RegOpenKeyExW@20    10001010     advapi32:ADVAPI32.dll
 0001:00000014       \177ADVAPI32_NULL_THUNK_DATA 10001014     advapi32:ADVAPI32.dll
 0001:00000018       __imp__CompareStringW@24   10001018     kernel32:KERNEL32.dll
 0001:0000001c       __imp__lstrcpyW@8          1000101c     kernel32:KERNEL32.dll
 0001:00000020       __imp__MultiByteToWideChar@24 10001020     kernel32:KERNEL32.dll
 0001:00000024       __imp__lstrlenA@4          10001024     kernel32:KERNEL32.dll
 0001:00000028       __imp__GetConsoleScreenBufferInfo@8 10001028     kernel32:KERNEL32.dll
 0001:0000002c       __imp__GetStdHandle@4      1000102c     kernel32:KERNEL32.dll
 0001:00000030       __imp__SetEvent@4          10001030     kernel32:KERNEL32.dll
 0001:00000034       __imp__TerminateThread@8   10001034     kernel32:KERNEL32.dll
 0001:00000038       __imp__WaitForSingleObject@8 10001038     kernel32:KERNEL32.dll
 0001:0000003c       __imp__WaitForMultipleObjects@16 1000103c     kernel32:KERNEL32.dll
 0001:00000040       __imp__CreateThread@24     10001040     kernel32:KERNEL32.dll
 0001:00000044       __imp__lstrcmpW@8          10001044     kernel32:KERNEL32.dll
 0001:00000048       __imp__CreateEventW@16     10001048     kernel32:KERNEL32.dll
 0001:0000004c       __imp__SetFileApisToOEM@0  1000104c     kernel32:KERNEL32.dll
 0001:00000050       __imp__SetFileApisToANSI@0 10001050     kernel32:KERNEL32.dll
 0001:00000054       __imp__GetVersionExW@4     10001054     kernel32:KERNEL32.dll
 0001:00000058       __imp__GetModuleHandleW@4  10001058     kernel32:KERNEL32.dll
 0001:0000005c       __imp__GetFileAttributesW@4 1000105c     kernel32:KERNEL32.dll
 0001:00000060       __imp__lstrcmpA@8          10001060     kernel32:KERNEL32.dll
 0001:00000064       __imp__ExpandEnvironmentStringsW@12 10001064     kernel32:KERNEL32.dll
 0001:00000068       __imp__HeapFree@12         10001068     kernel32:KERNEL32.dll
 0001:0000006c       __imp__GetProcessHeap@0    1000106c     kernel32:KERNEL32.dll
 0001:00000070       __imp__HeapAlloc@12        10001070     kernel32:KERNEL32.dll
 0001:00000074       __imp__lstrlenW@4          10001074     kernel32:KERNEL32.dll
 0001:00000078       __imp__lstrcatW@8          10001078     kernel32:KERNEL32.dll
 0001:0000007c       __imp__lstrcpynW@12        1000107c     kernel32:KERNEL32.dll
 0001:00000080       __imp__DisableThreadLibraryCalls@4 10001080     kernel32:KERNEL32.dll
 0001:00000084       __imp__GetExitCodeThread@8 10001084     kernel32:KERNEL32.dll
 0001:00000088       __imp__CloseHandle@4       10001088     kernel32:KERNEL32.dll
 0001:0000008c       \177KERNEL32_NULL_THUNK_DATA 1000108c     kernel32:KERNEL32.dll
 0001:00000090       __imp__SHGetDesktopFolder@4 10001090     shell32:SHELL32.dll
 0001:00000094       __imp__SHGetSpecialFolderLocation@12 10001094     shell32:SHELL32.dll
 0001:00000098       __imp__SHGetMalloc@4       10001098     shell32:SHELL32.dll
 0001:0000009c       \177SHELL32_NULL_THUNK_DATA 1000109c     shell32:SHELL32.dll
 0001:000000a0       __imp__DestroyMenu@4       100010a0     user32:USER32.dll
 0001:000000a4       __imp__GetMenuItemCount@4  100010a4     user32:USER32.dll
 0001:000000a8       __imp__DestroyWindow@4     100010a8     user32:USER32.dll
 0001:000000ac       __imp__TrackPopupMenu@28   100010ac     user32:USER32.dll
 0001:000000b0       __imp__SetWindowPos@28     100010b0     user32:USER32.dll
 0001:000000b4       __imp__CreateDialogParamW@20 100010b4     user32:USER32.dll
 0001:000000b8       __imp__GetWindowRect@8     100010b8     user32:USER32.dll
 0001:000000bc       __imp__LoadStringW@16      100010bc     user32:USER32.dll
 0001:000000c0       __imp__GetMenuStringW@20   100010c0     user32:USER32.dll
 0001:000000c4       __imp__GetMenuItemInfoW@16 100010c4     user32:USER32.dll
 0001:000000c8       __imp__GetKeyState@4       100010c8     user32:USER32.dll
 0001:000000cc       __imp__wsprintfW           100010cc     user32:USER32.dll
 0001:000000d0       __imp__CreatePopupMenu@0   100010d0     user32:USER32.dll
 0001:000000d4       __imp__PeekMessageW@20     100010d4     user32:USER32.dll
 0001:000000d8       __imp__GetMessageW@16      100010d8     user32:USER32.dll
 0001:000000dc       __imp__DispatchMessageW@4  100010dc     user32:USER32.dll
 0001:000000e0       __imp__ReplyMessage@4      100010e0     user32:USER32.dll
 0001:000000e4       __imp__GetWindowLongW@8    100010e4     user32:USER32.dll
 0001:000000e8       __imp__SetWindowLongW@12   100010e8     user32:USER32.dll
 0001:000000ec       __imp__GetCursorPos@4      100010ec     user32:USER32.dll
 0001:000000f0       __imp__GetClientRect@8     100010f0     user32:USER32.dll
 0001:000000f4       __imp__ScreenToClient@8    100010f4     user32:USER32.dll
 0001:000000f8       \177USER32_NULL_THUNK_DATA 100010f8     user32:USER32.dll
 0001:000000fc       __imp__OleFlushClipboard@0 100010fc     ole32:ole32.dll
 0001:00000100       __imp__OleInitialize@4     10001100     ole32:ole32.dll
 0001:00000104       \177ole32_NULL_THUNK_DATA  10001104     ole32:ole32.dll
 0001:00000108       ??_C@_17CIEOGNAD@?$AA?5?$AA?5?$CF?$LK?$AA?$AA@ 10001108     FarMenu.obj
 0001:00000114       ??_C@_13HOIJIPNN@?$AA?5?$AA?$AA@ 10001114     FarMenu.obj
 0001:00000118       ??_C@_1M@IAIJHCCH@?$AAC?$AAl?$AAo?$AAs?$AAe?$AA?$AA@ 10001118     Plugin.obj
 0001:00000124       ??_C@_1O@MEJAHLJN@?$AAE?$AAr?$AAr?$AAo?$AAr?$AA2?$AA?$AA@ 10001124     Plugin.obj
 0001:00000134       ??_C@_1O@NGCFNEHD@?$AAE?$AAr?$AAr?$AAo?$AAr?$AA1?$AA?$AA@ 10001134     Plugin.obj
 0001:00000144       ??_C@_1O@GOJJLDBG@?$AAE?$AAr?$AAr?$AAo?$AAr?$AA0?$AA?$AA@ 10001144     Plugin.obj
 0001:00000154       ??_C@_1O@MCPHAIFL@?$AAM?$AAy?$AAC?$AAo?$AAm?$AAp?$AA?$AA@ 10001154     Plugin.obj
 0001:00000164       ??_C@_1BI@GILJGMBA@?$AAC?$AAo?$AAn?$AAt?$AAe?$AAx?$AAt?$AAM?$AAe?$AAn?$AAu?$AA?$AA@ 10001164     Plugin.obj
 0001:0000017c       ??_C@_1BO@CLHFIDDE@?$AAC?$AAh?$AAo?$AAo?$AAs?$AAe?$AAM?$AAe?$AAn?$AAu?$AAT?$AAy?$AAp?$AAe?$AA?$AA@ 1000117c     Plugin.obj
 0001:0000019c       ??_C@_1O@BJPKKLLM@?$AAC?$AAo?$AAn?$AAf?$AAi?$AAg?$AA?$AA@ 1000119c     Plugin.obj
 0001:000001ac       ??_C@_19JPHCGFBO@?$AAM?$AAa?$AAi?$AAn?$AA?$AA@ 100011ac     Plugin.obj
 0001:000001b8       ??_C@_15DDHGOCBH@?$AA?4?$AA?4?$AA?$AA@ 100011b8     Plugin.obj
 0001:000001c0       __GUID_000214f4_0000_0000_c000_000000000046 100011c0     Plugin.obj
 0001:000001d0       __GUID_bcfce0a0_ec17_11d0_8d10_00a0c90f2719 100011d0     Plugin.obj
 0001:000001e0       ??_C@_1O@EOCFEDGM@?$AAG?$AAu?$AAi?$AAP?$AAo?$AAs?$AA?$AA@ 100011e0     Plugin.obj
 0001:000001f0       ??_C@_1BM@JNPKPLGJ@?$AAD?$AAi?$AAf?$AAf?$AAe?$AAr?$AAe?$AAn?$AAt?$AAO?$AAn?$AAl?$AAy?$AA?$AA@ 100011f0     Plugin.obj
 0001:0000020c       ??_C@_1BC@JAMHBCOF@?$AAH?$AAe?$AAl?$AAp?$AAt?$AAe?$AAx?$AAt?$AA?$AA@ 1000120c     Plugin.obj
 0001:00000220       ??_C@_1O@EFKGCNCH@?$AAS?$AAi?$AAl?$AAe?$AAn?$AAt?$AA?$AA@ 10001220     Plugin.obj
 0001:00000230       ??_C@_1BO@ELNGBDOB@?$AAC?$AAl?$AAe?$AAa?$AAr?$AAS?$AAe?$AAl?$AAe?$AAc?$AAt?$AAi?$AAo?$AAn?$AA?$AA@ 10001230     Plugin.obj
 0001:00000250       ??_C@_1BI@FNELDPIH@?$AAD?$AAe?$AAl?$AAU?$AAs?$AAi?$AAn?$AAg?$AAF?$AAa?$AAr?$AA?$AA@ 10001250     Plugin.obj
 0001:00000268       ??_C@_1O@HAPBPKPP@?$AAU?$AAs?$AAe?$AAG?$AAU?$AAI?$AA?$AA@ 10001268     Plugin.obj
 0001:00000278       ??_C@_1BO@BLHAFJIH@?$AAW?$AAa?$AAi?$AAt?$AAT?$AAo?$AAC?$AAo?$AAn?$AAt?$AAi?$AAn?$AAu?$AAe?$AA?$AA@ 10001278     Plugin.obj
 0001:00000298       ??_C@_1BI@LKGCHEGD@?$AA?2?$AAR?$AAi?$AAg?$AAh?$AAt?$AAC?$AAl?$AAi?$AAc?$AAk?$AA?$AA@ 10001298     Plugin.obj
 0001:000002b0       ??_C@_1FE@DFGJMLLI@?$AAr?$AAc?$AAl?$AAk?$AA?3?$AAr?$AAc?$AAl?$AAk?$AA_?$AAt?$AAx?$AAt?$AA?3?$AAr?$AAc?$AAl?$AAk?$AA_?$AAg?$AAu?$AAi?$AA?3?$AAr?$AAc?$AAl?$AAk?$AA_?$AAc?$AAm?$AAd?$AA?3@ 100012b0     Plugin.obj
 0001:00000304       ??_C@_13DIBMAFH@?$AA?$CJ?$AA?$AA@ 10001304     Plugin.obj
 0001:00000308       ??_C@_15CMBHNMLL@?$AA?5?$AA?$CI?$AA?$AA@ 10001308     Plugin.obj
 0001:00000310       ??_C@_13EHOOFIKC@?$AA?$HN?$AA?$AA@ 10001310     Plugin.obj
 0001:00000314       ??_C@_1BI@BNFKGMFK@?$AAs?$AAh?$AAe?$AAl?$AAl?$AA3?$AA2?$AA?4?$AAd?$AAl?$AAl?$AA?$AA@ 10001314     Plugin.obj
 0001:0000032c       ??_C@_13GCIFAHHO@?$AA?$HL?$AA?$AA@ 1000132c     Plugin.obj
 0001:00000330       ??_C@_06FOBLBEIN@delete?$AA@ 10001330     Plugin.obj
 0001:00000338       ??_C@_06LMEAOBLB@rename?$AA@ 10001338     Plugin.obj
 0001:00000340       ??_C@_15JOGBDECP@?$AA?0?$AA?5?$AA?$AA@ 10001340     Plugin.obj
 0001:00000348       ??_C@_1M@LCJMIND@?$AA?$CF?$AAd?$AA?5?$AA?$CF?$AAs?$AA?$AA@ 10001348     Plugin.obj
 0001:00000354       ??_C@_13FPGAJAPJ@?$AA?2?$AA?$AA@ 10001354     Plugin.obj
 0001:00000358       ??_C@_1BG@CJEHAOD@?$AAr?$AAc?$AAl?$AAk?$AA_?$AAi?$AAt?$AAe?$AAm?$AA?3?$AA?$AA@ 10001358     Plugin.obj
 0001:00000370       ??_C@_1BE@JGMPCMJC@?$AAr?$AAc?$AAl?$AAk?$AA_?$AAc?$AAm?$AAd?$AA?3?$AA?$AA@ 10001370     Plugin.obj
 0001:00000384       ??_C@_1BE@IMOELFKI@?$AAr?$AAc?$AAl?$AAk?$AA_?$AAg?$AAu?$AAi?$AA?3?$AA?$AA@ 10001384     Plugin.obj
 0001:00000398       ??_C@_1BE@GEDAILNH@?$AAr?$AAc?$AAl?$AAk?$AA_?$AAt?$AAx?$AAt?$AA?3?$AA?$AA@ 10001398     Plugin.obj
 0001:000003ac       ??_C@_1M@MGKMLCA@?$AAr?$AAc?$AAl?$AAk?$AA?3?$AA?$AA@ 100013ac     Plugin.obj
 0001:000003b8       _IID_IContextMenu          100013b8     shell32:shguid.obj
 0001:000003c8       _IID_IShellFolder          100013c8     shell32:shguid.obj
 0001:000003d8       _IID_IDropTarget           100013d8     uuid:oleidl_i.obj
 0001:000003e8       _IID_IDataObject           100013e8     uuid:objidl_i.obj
 0001:00000400       __chkstk                   10001400 f   chkstk.obj
 0001:00000400       __alloca_probe             10001400     chkstk.obj
 0001:0000042b       __DllMainCRTStartup@12     1000142b f   EMenu.obj
 0001:00000442       _GetMinFarVersionW@0       10001442 f   EMenu.obj
 0001:00000448       _SetStartupInfoW@4         10001448 f   EMenu.obj
 0001:000004d4       _GetPluginInfoW@4          100014d4 f   EMenu.obj
 0001:000004df       _OpenPluginW@8             100014df f   EMenu.obj
 0001:000004ea       _ConfigureW@4              100014ea f   EMenu.obj
 0001:000004f8       ??_GCHandle@@QAEPAXI@Z     100014f8 f i EMenu.obj
 0001:0000051c       _ExitFARW@0                1000151c f   EMenu.obj
 0001:0000058d       ??0auto_sz@@QAE@XZ         1000158d f   auto_sz.obj
 0001:0000059a       ??Bauto_sz@@QAEPB_WXZ      1000159a f   auto_sz.obj
 0001:0000059a       ??Bauto_sz@@QAEPA_WXZ      1000159a f   auto_sz.obj
 0001:0000059d       ??Aauto_sz@@QAE_WH@Z       1000159d f   auto_sz.obj
 0001:000005aa       ?Clear@auto_sz@@QAEXXZ     100015aa f   auto_sz.obj
 0001:000005c8       ?Realloc@auto_sz@@QAEXI@Z  100015c8 f   auto_sz.obj
 0001:00000620       ??Yauto_sz@@QAEAAV0@PB_W@Z 10001620 f   auto_sz.obj
 0001:00000657       ?Len@auto_sz@@QBEIXZ       10001657 f   auto_sz.obj
 0001:00000660       ?Trunc@auto_sz@@QAEXI@Z    10001660 f   auto_sz.obj
 0001:00000673       ??9auto_sz@@QAE_NPB_W@Z    10001673 f   auto_sz.obj
 0001:00000688       ?CompareExcluding@auto_sz@@QAE_NPB_W_W@Z 10001688 f   auto_sz.obj
 0001:000006d4       ?RemoveTrailing@auto_sz@@QAEX_W@Z 100016d4 f   auto_sz.obj
 0001:00000701       ?IsEmpty@auto_sz@@QAE_NXZ  10001701 f   auto_sz.obj
 0001:00000714       ??0auto_sz@@QAE@PB_WI@Z    10001714 f   auto_sz.obj
 0001:00000744       ??1auto_sz@@QAE@XZ         10001744 f   auto_sz.obj
 0001:00000749       ??4auto_sz@@QAEAAV0@PB_W@Z 10001749 f   auto_sz.obj
 0001:0000076f       ??4auto_sz@@QAEAAV0@ABV0@@Z 1000176f f   auto_sz.obj
 0001:00000794       ??0auto_sz@@QAE@PB_W@Z     10001794 f   auto_sz.obj
 0001:000007b0       ??0auto_sz@@QAE@ABU_STRRET@@PBU_ITEMIDLIST@@@Z 100017b0 f   auto_sz.obj
 0001:00000815       ??0CFarMenu@@QAE@PB_WI@Z   10001815 f   FarMenu.obj
 0001:00000863       ??1CFarMenu@@QAE@XZ        10001863 f   FarMenu.obj
 0001:000008a5       ?InsertItem@CFarMenu@@QAEIIPB_W_NW4ECheck@1@1@Z 100018a5 f   FarMenu.obj
 0001:000009af       ?MenuItemLen@CFarMenu@@IAEIPB_W@Z 100019af f   FarMenu.obj
 0001:000009d2       ?AddArrows@CFarMenu@@IAEXXZ 100019d2 f   FarMenu.obj
 0001:00000b01       ??ACFarMenu@@QAEPB_WI@Z    10001b01 f   FarMenu.obj
 0001:00000b12       ?SetSelectedItem@CFarMenu@@IAEXI@Z 10001b12 f   FarMenu.obj
 0001:00000b42       ?GetCursorXY@CFarMenu@@QAEXPAH0@Z 10001b42 f   FarMenu.obj
 0001:00000bfb       ?Show@CFarMenu@@QAEHPB_WH_N@Z 10001bfb f   FarMenu.obj
 0001:00000d11       ?AddItem@CFarMenu@@QAEIPB_W_NW4ECheck@1@1@Z 10001d11 f   FarMenu.obj
 0001:00000d2c       ?AddSeparator@CFarMenu@@QAEXXZ 10001d2c f   FarMenu.obj
 0001:00000d3c       ?MenuDlgProc@@YGHPAUHWND__@@IIJ@Z 10001d3c f   MenuDlg.obj
 0001:00000dd6       ?Stop@OleThread@@YIXXZ     10001dd6 f   OleThread.obj
 0001:00000ded       ??1CThreadTerminator@OleThread@@QAE@XZ 10001ded f   OleThread.obj
 0001:00000e21       ?Release@?$_com_ptr_t@V?$_com_IIID@UIMalloc@@$1?_GUID_00000002_0000_0000_c000_000000000046@@3U__s_GUID@@B@@@@QAEXXZ 10001e21 f i OleThread.obj
 0001:00000e41       ?ThreadProc@OleThread@@YGKPAX@Z 10001e41 f   OleThread.obj
 0001:00000f42       ?EnsureThreadStarted@OleThread@@YI_NXZ 10001f42 f   OleThread.obj
 0001:00000fff       ?OpenPlugin@OleThread@@YI?AW4EDoMenu@CPlugin@@HH@Z 10001fff f   OleThread.obj
 0001:0000103e       ??0CPidl@@QAE@PAUIMalloc@@@Z 1000203e f   Pidl.obj
 0001:00001054       ??1CPidl@@QAE@XZ           10002054 f   Pidl.obj
 0001:0000107e       ??BCPidl@@QAEPAU_ITEMIDLIST@@XZ 1000207e f   Pidl.obj
 0001:0000108c       ?Realloc@CPidl@@QAEXI@Z    1000208c f   Pidl.obj
 0001:000010d1       ?EnsureSpace@CPidl@@QAEXXZ 100020d1 f   Pidl.obj
 0001:000010e4       ??ICPidl@@QAEPAPAU_ITEMIDLIST@@XZ 100020e4 f   Pidl.obj
 0001:000010e4       ?GetArray@CPidl@@QAEPAPBU_ITEMIDLIST@@XZ 100020e4 f   Pidl.obj
 0001:000010f6       ?Insert@CPidl@@QAEXIPAU_ITEMIDLIST@@@Z 100020f6 f   Pidl.obj
 0001:0000113c       ?GetAt@CPidl@@QAEPAU_ITEMIDLIST@@I@Z 1000213c f   Pidl.obj
 0001:00001151       ?Count@CPidl@@QAEIXZ       10002151 f   Pidl.obj
 0001:00001155       ?Add@CPidl@@QAEXPAU_ITEMIDLIST@@@Z 10002155 f   Pidl.obj
 0001:00001164       ?IsSpace@CPlugin@@KI_N_W@Z 10002164 f i Plugin.obj
 0001:00001229       ?_com_issue_error@@YGXJ@Z  10002229 f   Plugin.obj
 0001:0000122c       ??1CPlugin@@QAE@XZ         1000222c f   Plugin.obj
 0001:0000122d       ?ReadRegValues@CPlugin@@IAEXXZ 1000222d f   Plugin.obj
 0001:000012ca       ?Menu@CPlugin@@QAEHHHHKPB_W00PBHPAHPBUFarMenuItem@@H@Z 100022ca f   Plugin.obj
 0001:000012f8       ?Message@CPlugin@@IAEHKPB_WPBQB_WHH@Z 100022f8 f   Plugin.obj
 0001:00001322       ?AdvControl@CPlugin@@QAEHHPAX@Z 10002322 f   Plugin.obj
 0001:00001333       ?CfgDlgProc@CPlugin@@IAEXPAXHHJ@Z 10002333 f   Plugin.obj
 0001:000013dc       ?ExitFAR@CPlugin@@QAEXXZ   100023dc f   Plugin.obj
 0001:000013e1       ?OpenPlugin@CPlugin@@QAEPAXHH@Z 100023e1 f   Plugin.obj
 0001:000014d3       ?ParseParams@CPlugin@@IAEIPA_WPAPB_W@Z 100024d3 f   Plugin.obj
 0001:00001556       ?GetFilesFromPanel@CPlugin@@IAE_NPAPAPB_WPAI1PAVauto_sz@@@Z 10002556 f   Plugin.obj
 0001:00001816       ?ShowGuiMenu@CPlugin@@IAE_NPAUHMENU__@@PAUIContextMenu@@PAUIContextMenu2@@PAUIContextMenu3@@PAH@Z 10002816 f   Plugin.obj
 0001:0000190d       ?GetAdditionalString@CPlugin@@IAE_NPAUIContextMenu@@IW4EAdditionalStr@1@PAVauto_sz@@H@Z 1000290d f   Plugin.obj
 0001:000019c0       ?Attach@?$_com_ptr_t@V?$_com_IIID@UIContextMenu2@@$1?_GUID_000214f4_0000_0000_c000_000000000046@@3U__s_GUID@@B@@@@QAEXPAUIContextMenu2@@@Z 100029c0 f i Plugin.obj
 0001:000019c0       ?Attach@?$_com_ptr_t@V?$_com_IIID@UIContextMenu3@@$1?_GUID_bcfce0a0_ec17_11d0_8d10_00a0c90f2719@@3U__s_GUID@@B@@@@QAEXPAUIContextMenu3@@@Z 100029c0 f i Plugin.obj
 0001:000019d9       ??0CPlugin@@QAE@PBUPluginStartupInfo@@@Z 100029d9 f   Plugin.obj
 0001:00001b6b       ?GetPluginInfo@CPlugin@@QAEXPAUPluginInfo@@@Z 10002b6b f   Plugin.obj
 0001:00001bc1       ?CfgDlgProcStatic@CPlugin@@KGJPAXHHJ@Z 10002bc1 f   Plugin.obj
 0001:00001bfc       ?Configure@CPlugin@@QAEHXZ 10002bfc f   Plugin.obj
 0001:000023c5       ?GetFilesFromParams@CPlugin@@IAE_NPA_WPAPAPB_WPAI2PAVauto_sz@@_N@Z 100033c5 f   Plugin.obj
 0001:000024ad       ??I?$_com_ptr_t@V?$_com_IIID@UIMalloc@@$1?_GUID_00000002_0000_0000_c000_000000000046@@3U__s_GUID@@B@@@@QAEPAPAUIMalloc@@XZ 100034ad f i OleThread.obj
 0001:000024ad       ??I?$_com_ptr_t@V?$_com_IIID@UIContextMenu@@$1?_GUID_000214e4_0000_0000_c000_000000000046@@3U__s_GUID@@B@@@@QAEPAPAUIContextMenu@@XZ 100034ad f i Plugin.obj
 0001:000024ad       ??I?$_com_ptr_t@V?$_com_IIID@UIShellFolder@@$1?_GUID_000214e6_0000_0000_c000_000000000046@@3U__s_GUID@@B@@@@QAEPAPAUIShellFolder@@XZ 100034ad f i Plugin.obj
 0001:000024ad       ??I?$_com_ptr_t@V?$_com_IIID@UIEnumIDList@@$1?_GUID_000214f2_0000_0000_c000_000000000046@@3U__s_GUID@@B@@@@QAEPAPAUIEnumIDList@@XZ 100034ad f i Plugin.obj
 0001:000024ad       ??I?$_com_ptr_t@V?$_com_IIID@UIDropTarget@@$1?_GUID_00000122_0000_0000_c000_000000000046@@3U__s_GUID@@B@@@@QAEPAPAUIDropTarget@@XZ 100034ad f i Plugin.obj
 0001:000024ad       ??I?$_com_ptr_t@V?$_com_IIID@UIDataObject@@$1?_GUID_0000010e_0000_0000_c000_000000000046@@3U__s_GUID@@B@@@@QAEPAPAUIDataObject@@XZ 100034ad f i Plugin.obj
 0001:000024c3       ??0?$_com_ptr_t@V?$_com_IIID@UIContextMenu@@$1?_GUID_000214e4_0000_0000_c000_000000000046@@3U__s_GUID@@B@@@@QAE@ABV0@@Z 100034c3 f i Plugin.obj
 0001:000024de       ??$?4UIContextMenu3@@@?$_com_ptr_t@V?$_com_IIID@UIContextMenu3@@$1?_GUID_bcfce0a0_ec17_11d0_8d10_00a0c90f2719@@3U__s_GUID@@B@@@@QAEAAV0@PAUIContextMenu3@@@Z 100034de f i Plugin.obj
 0001:000024de       ??$?4UIContextMenu2@@@?$_com_ptr_t@V?$_com_IIID@UIContextMenu2@@$1?_GUID_000214f4_0000_0000_c000_000000000046@@3U__s_GUID@@B@@@@QAEAAV0@PAUIContextMenu2@@@Z 100034de f i Plugin.obj
 0001:00002509       ?ShowFolder@CPlugin@@IAE_NPAUIShellFolder@@PBU_ITEMIDLIST@@PAHPB_WPAPAUIDropTarget@@@Z 10003509 f   Plugin.obj
 0001:0000275d       ??$_QueryInterface@V?$_com_ptr_t@V?$_com_IIID@UIContextMenu@@$1?_GUID_000214e4_0000_0000_c000_000000000046@@3U__s_GUID@@B@@@@@?$_com_ptr_t@V?$_com_IIID@UIContextMenu2@@$1?_GUID_000214f4_0000_0000_c000_000000000046@@3U__s_GUID@@B@@@@AAEJV?$_com_ptr_t@V?$_com_IIID@UIContextMenu@@$1?_GUID_000214e4_0000_0000_c000_000000000046@@3U__s_GUID@@B@@@@@Z 1000375d f i Plugin.obj
 0001:000027b0       ??$_QueryInterface@V?$_com_ptr_t@V?$_com_IIID@UIContextMenu@@$1?_GUID_000214e4_0000_0000_c000_000000000046@@3U__s_GUID@@B@@@@@?$_com_ptr_t@V?$_com_IIID@UIContextMenu3@@$1?_GUID_bcfce0a0_ec17_11d0_8d10_00a0c90f2719@@3U__s_GUID@@B@@@@AAEJV?$_com_ptr_t@V?$_com_IIID@UIContextMenu@@$1?_GUID_000214e4_0000_0000_c000_000000000046@@3U__s_GUID@@B@@@@@Z 100037b0 f i Plugin.obj
 0001:00002803       ?ShowTextMenu@CPlugin@@IAE_NPAUHMENU__@@PAUIContextMenu@@PAUIContextMenu2@@PAUIContextMenu3@@PAHPB_WPAUIShellFolder@@PAPBU_ITEMIDLIST@@I@Z 10003803 f   Plugin.obj
 0001:00002e7e       ??$?0V?$_com_IIID@UIContextMenu@@$1?_GUID_000214e4_0000_0000_c000_000000000046@@3U__s_GUID@@B@@@?$_com_ptr_t@V?$_com_IIID@UIContextMenu2@@$1?_GUID_000214f4_0000_0000_c000_000000000046@@3U__s_GUID@@B@@@@QAE@ABV?$_com_ptr_t@V?$_com_IIID@UIContextMenu@@$1?_GUID_000214e4_0000_0000_c000_000000000046@@3U__s_GUID@@B@@@@@Z 10003e7e f i Plugin.obj
 0001:00002e9d       ??$?0V?$_com_IIID@UIContextMenu@@$1?_GUID_000214e4_0000_0000_c000_000000000046@@3U__s_GUID@@B@@@?$_com_ptr_t@V?$_com_IIID@UIContextMenu3@@$1?_GUID_bcfce0a0_ec17_11d0_8d10_00a0c90f2719@@3U__s_GUID@@B@@@@QAE@ABV?$_com_ptr_t@V?$_com_IIID@UIContextMenu@@$1?_GUID_000214e4_0000_0000_c000_000000000046@@3U__s_GUID@@B@@@@@Z 10003e9d f i Plugin.obj
 0001:00002ebc       ?DoMenu@CPlugin@@IAE?AW4EDoMenu@1@PAUIShellFolder@@PAPBU_ITEMIDLIST@@QAPB_WIIPB_WW4EAutoItem@1@@Z 10003ebc f   Plugin.obj
 0001:0000359c       ?SelectDrive@CPlugin@@IAE?AW4EDoMenu@1@XZ 1000459c f   Plugin.obj
 0001:000038f5       ?MenuForPanelOrCmdLine@CPlugin@@IAE?AW4EDoMenu@1@PA_WW4EAutoItem@1@@Z 100048f5 f   Plugin.obj
 0001:00003c48       ?DoMenu@CPlugin@@IAE?AW4EDoMenu@1@PA_W@Z 10004c48 f   Plugin.obj
 0001:00003e15       ?OpenPluginBkg@CPlugin@@QAE?AW4EDoMenu@1@HH@Z 10004e15 f   Plugin.obj
 0001:00003e80       ??2@YAPAXI@Z               10004e80 f   libCRT:new.obj
 0001:00003e90       ??3@YAXPAX@Z               10004e90 f   libCRT:delete.obj
 0001:00003ea0       ??_U@YAPAXI@Z              10004ea0 f   libCRT:new_array.obj
 0001:00003eb0       ??_V@YAXPAX@Z              10004eb0 f   libCRT:delete_array.obj
 0001:00003ec0       _memmove                   10004ec0 f   libCRT:memmove.obj
 0001:00003f20       _memcpy                    10004f20 f   libCRT:memcpy.obj
 0001:00003f50       _memset                    10004f50 f   libCRT:memset.obj
 0001:00003f90       _free                      10004f90 f   libCRT:free.obj
 0001:00003fb0       _wcsncmp                   10004fb0 f   libCRT:strncmp.obj
 0001:00004000       _malloc                    10005000 f   libCRT:malloc.obj
 0001:00004018       __IMPORT_DESCRIPTOR_KERNEL32 10005018     kernel32:KERNEL32.dll
 0001:0000402c       __IMPORT_DESCRIPTOR_USER32 1000502c     user32:USER32.dll
 0001:00004040       __IMPORT_DESCRIPTOR_ADVAPI32 10005040     advapi32:ADVAPI32.dll
 0001:00004054       __IMPORT_DESCRIPTOR_SHELL32 10005054     shell32:SHELL32.dll
 0001:00004068       __IMPORT_DESCRIPTOR_ole32  10005068     ole32:ole32.dll
 0001:0000407c       __NULL_IMPORT_DESCRIPTOR   1000507c     kernel32:KERNEL32.dll
 0002:00000000       ?g_szTopicMain@@3PB_WB     10006000     Plugin.obj
 0002:00000004       ?g_szTopicConfig@@3PB_WB   10006004     Plugin.obj
 0002:00000008       ?g_szTopicChooseMenuType@@3PB_WB 10006008     Plugin.obj
 0002:0000000c       ?g_szTopicContextMenu@@3PB_WB 1000600c     Plugin.obj
 0002:00000010       ?g_szTopicMyComp@@3PB_WB   10006010     Plugin.obj
 0002:00000014       ?g_szTopicError0@@3PB_WB   10006014     Plugin.obj
 0002:00000018       ?g_szTopicError1@@3PB_WB   10006018     Plugin.obj
 0002:0000001c       ?g_szTopicError2@@3PB_WB   1000601c     Plugin.obj
 0002:00000020       ?g_szTopicClose@@3PB_WB    10006020     Plugin.obj
 0002:00000028       ?thePlug@@3PAVCPlugin@@A   10006028     EMenu.obj
 0002:0000002c       ?nItem@OpenPluginArgs@OleThread@@3HA 1000602c     OleThread.obj
 0002:00000030       ?enRes@OpenPluginArgs@OleThread@@3W4EDoMenu@CPlugin@@A 10006030     OleThread.obj
 0002:00000034       ?nOpenFrom@OpenPluginArgs@OleThread@@3HA 10006034     OleThread.obj
 0002:00000038       ?hTerminator@OleThread@@3PAVCThreadTerminator@1@A 10006038     OleThread.obj
 0002:0000003c       ?hNeedInvoke@OleThread@@3PAVCHandle@@A 1000603c     OleThread.obj
 0002:00000040       ?hInvokeDone@OleThread@@3PAVCHandle@@A 10006040     OleThread.obj
 0002:00000044       ?hStop@OleThread@@3PAVCHandle@@A 10006044     OleThread.obj
 0002:00000048       ?hThread@OleThread@@3PAXA  10006048     OleThread.obj

 entry point at        0001:0000042b

 Static symbols

 0001:00001177       ?SetRegKey@@YIXPB_WK@Z     10002177 f   Plugin.obj
 0001:000011c4       ?GetRegKey@@YIHPB_WK@Z     100021c4 f   Plugin.obj
